

================================================================
== Vitis HLS Report for 'radix_sort_batch_51_1_Pipeline_bucket_pointer_initialization'
================================================================
* Date:           Sun Apr 23 22:21:48 2023

* Version:        2022.2 (Build 3670227 on Oct 13 2022)
* Project:        sort_seperate_bucket
* Solution:       solution1 (Vivado IP Flow Target)
* Product family: virtexuplus
* Target device:  xcu280-fsvh2892-2L-e


================================================================
== Performance Estimates
================================================================
+ Timing: 
    * Summary: 
    +--------+----------+----------+------------+
    |  Clock |  Target  | Estimated| Uncertainty|
    +--------+----------+----------+------------+
    |ap_clk  |  10.00 ns|  1.760 ns|     2.70 ns|
    +--------+----------+----------+------------+

+ Latency: 
    * Summary: 
    +---------+---------+----------+----------+-----+-----+---------+
    |  Latency (cycles) |  Latency (absolute) |  Interval | Pipeline|
    |   min   |   max   |    min   |    max   | min | max |   Type  |
    +---------+---------+----------+----------+-----+-----+---------+
    |       18|       18|  0.180 us|  0.180 us|   18|   18|       no|
    +---------+---------+----------+----------+-----+-----+---------+

    + Detail: 
        * Instance: 
        N/A

        * Loop: 
        +---------------------------------+---------+---------+----------+-----------+-----------+------+----------+
        |                                 |  Latency (cycles) | Iteration|  Initiation Interval  | Trip |          |
        |            Loop Name            |   min   |   max   |  Latency |  achieved |   target  | Count| Pipelined|
        +---------------------------------+---------+---------+----------+-----------+-----------+------+----------+
        |- bucket_pointer_initialization  |       16|       16|         1|          1|          1|    16|       yes|
        +---------------------------------+---------+---------+----------+-----------+-----------+------+----------+



================================================================
== Utilization Estimates
================================================================
* Summary: 
+---------------------+---------+------+---------+---------+-----+
|         Name        | BRAM_18K|  DSP |    FF   |   LUT   | URAM|
+---------------------+---------+------+---------+---------+-----+
|DSP                  |        -|     -|        -|        -|    -|
|Expression           |        -|     -|        0|       95|    -|
|FIFO                 |        -|     -|        -|        -|    -|
|Instance             |        -|     -|        0|       65|    -|
|Memory               |        -|     -|        -|        -|    -|
|Multiplexer          |        -|     -|        -|      324|    -|
|Register             |        -|     -|     1064|        -|    -|
+---------------------+---------+------+---------+---------+-----+
|Total                |        0|     0|     1064|      484|    0|
+---------------------+---------+------+---------+---------+-----+
|Available SLR        |     1344|  3008|   869120|   434560|  320|
+---------------------+---------+------+---------+---------+-----+
|Utilization SLR (%)  |        0|     0|       ~0|       ~0|    0|
+---------------------+---------+------+---------+---------+-----+
|Available            |     4032|  9024|  2607360|  1303680|  960|
+---------------------+---------+------+---------+---------+-----+
|Utilization (%)      |        0|     0|       ~0|       ~0|    0|
+---------------------+---------+------+---------+---------+-----+

+ Detail: 
    * Instance: 
    +----------------------+----------------+---------+----+---+----+-----+
    |       Instance       |     Module     | BRAM_18K| DSP| FF| LUT| URAM|
    +----------------------+----------------+---------+----+---+----+-----+
    |mux_164_32_1_1_U9704  |mux_164_32_1_1  |        0|   0|  0|  65|    0|
    +----------------------+----------------+---------+----+---+----+-----+
    |Total                 |                |        0|   0|  0|  65|    0|
    +----------------------+----------------+---------+----+---+----+-----+

    * DSP: 
    N/A

    * Memory: 
    N/A

    * FIFO: 
    N/A

    * Expression: 
    +--------------------------------+----------+----+---+----+------------+------------+
    |          Variable Name         | Operation| DSP| FF| LUT| Bitwidth P0| Bitwidth P1|
    +--------------------------------+----------+----+---+----+------------+------------+
    |add_ln33_fu_922_p2              |         +|   0|  0|  12|           5|           1|
    |next_bucket_pointer_fu_1018_p2  |         +|   0|  0|  39|          32|          32|
    |ap_condition_505                |       and|   0|  0|   2|           1|           1|
    |ap_condition_508                |       and|   0|  0|   2|           1|           1|
    |ap_condition_511                |       and|   0|  0|   2|           1|           1|
    |ap_condition_514                |       and|   0|  0|   2|           1|           1|
    |ap_condition_517                |       and|   0|  0|   2|           1|           1|
    |ap_condition_520                |       and|   0|  0|   2|           1|           1|
    |ap_condition_523                |       and|   0|  0|   2|           1|           1|
    |ap_condition_526                |       and|   0|  0|   2|           1|           1|
    |ap_condition_529                |       and|   0|  0|   2|           1|           1|
    |ap_condition_532                |       and|   0|  0|   2|           1|           1|
    |ap_condition_535                |       and|   0|  0|   2|           1|           1|
    |ap_condition_538                |       and|   0|  0|   2|           1|           1|
    |ap_condition_541                |       and|   0|  0|   2|           1|           1|
    |ap_condition_544                |       and|   0|  0|   2|           1|           1|
    |ap_condition_547                |       and|   0|  0|   2|           1|           1|
    |ap_condition_550                |       and|   0|  0|   2|           1|           1|
    |icmp_ln33_fu_916_p2             |      icmp|   0|  0|  10|           5|           6|
    |ap_enable_pp0                   |       xor|   0|  0|   2|           1|           2|
    +--------------------------------+----------+----+---+----+------------+------------+
    |Total                           |          |   0|  0|  95|          59|          57|
    +--------------------------------+----------+----+---+----+------------+------------+

    * Multiplexer: 
    +---------------------------+----+-----------+-----+-----------+
    |            Name           | LUT| Input Size| Bits| Total Bits|
    +---------------------------+----+-----------+-----+-----------+
    |ap_done_int                |   9|          2|    1|          2|
    |ap_enable_reg_pp0_iter1    |   9|          2|    1|          2|
    |bucket_pointer_545_fu_192  |   9|          2|   32|         64|
    |bucket_pointer_546_fu_196  |   9|          2|   32|         64|
    |bucket_pointer_547_fu_200  |   9|          2|   32|         64|
    |bucket_pointer_548_fu_204  |   9|          2|   32|         64|
    |bucket_pointer_549_fu_208  |   9|          2|   32|         64|
    |bucket_pointer_550_fu_212  |   9|          2|   32|         64|
    |bucket_pointer_551_fu_216  |   9|          2|   32|         64|
    |bucket_pointer_552_fu_220  |   9|          2|   32|         64|
    |bucket_pointer_553_fu_224  |   9|          2|   32|         64|
    |bucket_pointer_554_fu_228  |   9|          2|   32|         64|
    |bucket_pointer_555_fu_232  |   9|          2|   32|         64|
    |bucket_pointer_556_fu_236  |   9|          2|   32|         64|
    |bucket_pointer_557_fu_240  |   9|          2|   32|         64|
    |bucket_pointer_558_fu_244  |   9|          2|   32|         64|
    |bucket_pointer_559_fu_248  |   9|          2|   32|         64|
    |bucket_pointer_560_fu_252  |   9|          2|   32|         64|
    |bucket_pointer_561_fu_256  |   9|          2|   32|         64|
    |bucket_sizes_706_fu_264    |   9|          2|   32|         64|
    |bucket_sizes_707_fu_268    |   9|          2|   32|         64|
    |bucket_sizes_708_fu_272    |   9|          2|   32|         64|
    |bucket_sizes_709_fu_276    |   9|          2|   32|         64|
    |bucket_sizes_710_fu_280    |   9|          2|   32|         64|
    |bucket_sizes_711_fu_284    |   9|          2|   32|         64|
    |bucket_sizes_712_fu_288    |   9|          2|   32|         64|
    |bucket_sizes_713_fu_292    |   9|          2|   32|         64|
    |bucket_sizes_714_fu_296    |   9|          2|   32|         64|
    |bucket_sizes_715_fu_300    |   9|          2|   32|         64|
    |bucket_sizes_716_fu_304    |   9|          2|   32|         64|
    |bucket_sizes_717_fu_308    |   9|          2|   32|         64|
    |bucket_sizes_718_fu_312    |   9|          2|   32|         64|
    |bucket_sizes_719_fu_316    |   9|          2|   32|         64|
    |bucket_sizes_720_fu_320    |   9|          2|   32|         64|
    |bucket_sizes_fu_260        |   9|          2|   32|         64|
    |m_fu_188                   |   9|          2|    5|         10|
    +---------------------------+----+-----------+-----+-----------+
    |Total                      | 324|         72| 1063|       2126|
    +---------------------------+----+-----------+-----+-----------+

    * Register: 
    +---------------------------+----+----+-----+-----------+
    |            Name           | FF | LUT| Bits| Const Bits|
    +---------------------------+----+----+-----+-----------+
    |ap_CS_fsm                  |   1|   0|    1|          0|
    |ap_done_reg                |   1|   0|    1|          0|
    |ap_enable_reg_pp0_iter1    |   1|   0|    1|          0|
    |bucket_pointer_545_fu_192  |  32|   0|   32|          0|
    |bucket_pointer_546_fu_196  |  32|   0|   32|          0|
    |bucket_pointer_547_fu_200  |  32|   0|   32|          0|
    |bucket_pointer_548_fu_204  |  32|   0|   32|          0|
    |bucket_pointer_549_fu_208  |  32|   0|   32|          0|
    |bucket_pointer_550_fu_212  |  32|   0|   32|          0|
    |bucket_pointer_551_fu_216  |  32|   0|   32|          0|
    |bucket_pointer_552_fu_220  |  32|   0|   32|          0|
    |bucket_pointer_553_fu_224  |  32|   0|   32|          0|
    |bucket_pointer_554_fu_228  |  32|   0|   32|          0|
    |bucket_pointer_555_fu_232  |  32|   0|   32|          0|
    |bucket_pointer_556_fu_236  |  32|   0|   32|          0|
    |bucket_pointer_557_fu_240  |  32|   0|   32|          0|
    |bucket_pointer_558_fu_244  |  32|   0|   32|          0|
    |bucket_pointer_559_fu_248  |  32|   0|   32|          0|
    |bucket_pointer_560_fu_252  |  32|   0|   32|          0|
    |bucket_pointer_561_fu_256  |  32|   0|   32|          0|
    |bucket_sizes_706_fu_264    |  32|   0|   32|          0|
    |bucket_sizes_707_fu_268    |  32|   0|   32|          0|
    |bucket_sizes_708_fu_272    |  32|   0|   32|          0|
    |bucket_sizes_709_fu_276    |  32|   0|   32|          0|
    |bucket_sizes_710_fu_280    |  32|   0|   32|          0|
    |bucket_sizes_711_fu_284    |  32|   0|   32|          0|
    |bucket_sizes_712_fu_288    |  32|   0|   32|          0|
    |bucket_sizes_713_fu_292    |  32|   0|   32|          0|
    |bucket_sizes_714_fu_296    |  32|   0|   32|          0|
    |bucket_sizes_715_fu_300    |  32|   0|   32|          0|
    |bucket_sizes_716_fu_304    |  32|   0|   32|          0|
    |bucket_sizes_717_fu_308    |  32|   0|   32|          0|
    |bucket_sizes_718_fu_312    |  32|   0|   32|          0|
    |bucket_sizes_719_fu_316    |  32|   0|   32|          0|
    |bucket_sizes_720_fu_320    |  32|   0|   32|          0|
    |bucket_sizes_fu_260        |  32|   0|   32|          0|
    |m_fu_188                   |   5|   0|    5|          0|
    +---------------------------+----+----+-----+-----------+
    |Total                      |1064|   0| 1064|          0|
    +---------------------------+----+----+-----+-----------+



================================================================
== Interface
================================================================
* Summary: 
+--------------------------------+-----+-----+------------+--------------------------------------------------------------+--------------+
|            RTL Ports           | Dir | Bits|  Protocol  |                         Source Object                        |    C Type    |
+--------------------------------+-----+-----+------------+--------------------------------------------------------------+--------------+
|ap_clk                          |   in|    1|  ap_ctrl_hs|  radix_sort_batch.51.1_Pipeline_bucket_pointer_initialization|  return value|
|ap_rst                          |   in|    1|  ap_ctrl_hs|  radix_sort_batch.51.1_Pipeline_bucket_pointer_initialization|  return value|
|ap_start                        |   in|    1|  ap_ctrl_hs|  radix_sort_batch.51.1_Pipeline_bucket_pointer_initialization|  return value|
|ap_done                         |  out|    1|  ap_ctrl_hs|  radix_sort_batch.51.1_Pipeline_bucket_pointer_initialization|  return value|
|ap_idle                         |  out|    1|  ap_ctrl_hs|  radix_sort_batch.51.1_Pipeline_bucket_pointer_initialization|  return value|
|ap_ready                        |  out|    1|  ap_ctrl_hs|  radix_sort_batch.51.1_Pipeline_bucket_pointer_initialization|  return value|
|bucket_sizes_2400               |   in|   32|     ap_none|                                             bucket_sizes_2400|        scalar|
|bucket_sizes_2399               |   in|   32|     ap_none|                                             bucket_sizes_2399|        scalar|
|bucket_sizes_2398               |   in|   32|     ap_none|                                             bucket_sizes_2398|        scalar|
|bucket_sizes_2397               |   in|   32|     ap_none|                                             bucket_sizes_2397|        scalar|
|bucket_sizes_2396               |   in|   32|     ap_none|                                             bucket_sizes_2396|        scalar|
|bucket_sizes_2395               |   in|   32|     ap_none|                                             bucket_sizes_2395|        scalar|
|bucket_sizes_2394               |   in|   32|     ap_none|                                             bucket_sizes_2394|        scalar|
|bucket_sizes_2393               |   in|   32|     ap_none|                                             bucket_sizes_2393|        scalar|
|bucket_sizes_2392               |   in|   32|     ap_none|                                             bucket_sizes_2392|        scalar|
|bucket_sizes_2391               |   in|   32|     ap_none|                                             bucket_sizes_2391|        scalar|
|bucket_sizes_2390               |   in|   32|     ap_none|                                             bucket_sizes_2390|        scalar|
|bucket_sizes_2389               |   in|   32|     ap_none|                                             bucket_sizes_2389|        scalar|
|bucket_sizes_2388               |   in|   32|     ap_none|                                             bucket_sizes_2388|        scalar|
|bucket_sizes_2387               |   in|   32|     ap_none|                                             bucket_sizes_2387|        scalar|
|bucket_sizes_2386               |   in|   32|     ap_none|                                             bucket_sizes_2386|        scalar|
|bucket_sizes_2385               |   in|   32|     ap_none|                                             bucket_sizes_2385|        scalar|
|bucket_pointer_1055             |   in|   32|     ap_none|                                           bucket_pointer_1055|        scalar|
|bucket_pointer_1054             |   in|   32|     ap_none|                                           bucket_pointer_1054|        scalar|
|bucket_pointer_1053             |   in|   32|     ap_none|                                           bucket_pointer_1053|        scalar|
|bucket_pointer_1052             |   in|   32|     ap_none|                                           bucket_pointer_1052|        scalar|
|bucket_pointer_1051             |   in|   32|     ap_none|                                           bucket_pointer_1051|        scalar|
|bucket_pointer_1050             |   in|   32|     ap_none|                                           bucket_pointer_1050|        scalar|
|bucket_pointer_1049             |   in|   32|     ap_none|                                           bucket_pointer_1049|        scalar|
|bucket_pointer_1048             |   in|   32|     ap_none|                                           bucket_pointer_1048|        scalar|
|bucket_pointer_1047             |   in|   32|     ap_none|                                           bucket_pointer_1047|        scalar|
|bucket_pointer_1046             |   in|   32|     ap_none|                                           bucket_pointer_1046|        scalar|
|bucket_pointer_1045             |   in|   32|     ap_none|                                           bucket_pointer_1045|        scalar|
|bucket_pointer_1044             |   in|   32|     ap_none|                                           bucket_pointer_1044|        scalar|
|bucket_pointer_1043             |   in|   32|     ap_none|                                           bucket_pointer_1043|        scalar|
|bucket_pointer_1042             |   in|   32|     ap_none|                                           bucket_pointer_1042|        scalar|
|bucket_pointer_1041             |   in|   32|     ap_none|                                           bucket_pointer_1041|        scalar|
|bucket_pointer                  |   in|   32|     ap_none|                                                bucket_pointer|        scalar|
|bucket_sizes_2416_out           |  out|   32|      ap_vld|                                         bucket_sizes_2416_out|       pointer|
|bucket_sizes_2416_out_ap_vld    |  out|    1|      ap_vld|                                         bucket_sizes_2416_out|       pointer|
|bucket_sizes_2415_out           |  out|   32|      ap_vld|                                         bucket_sizes_2415_out|       pointer|
|bucket_sizes_2415_out_ap_vld    |  out|    1|      ap_vld|                                         bucket_sizes_2415_out|       pointer|
|bucket_sizes_2414_out           |  out|   32|      ap_vld|                                         bucket_sizes_2414_out|       pointer|
|bucket_sizes_2414_out_ap_vld    |  out|    1|      ap_vld|                                         bucket_sizes_2414_out|       pointer|
|bucket_sizes_2413_out           |  out|   32|      ap_vld|                                         bucket_sizes_2413_out|       pointer|
|bucket_sizes_2413_out_ap_vld    |  out|    1|      ap_vld|                                         bucket_sizes_2413_out|       pointer|
|bucket_sizes_2412_out           |  out|   32|      ap_vld|                                         bucket_sizes_2412_out|       pointer|
|bucket_sizes_2412_out_ap_vld    |  out|    1|      ap_vld|                                         bucket_sizes_2412_out|       pointer|
|bucket_sizes_2411_out           |  out|   32|      ap_vld|                                         bucket_sizes_2411_out|       pointer|
|bucket_sizes_2411_out_ap_vld    |  out|    1|      ap_vld|                                         bucket_sizes_2411_out|       pointer|
|bucket_sizes_2410_out           |  out|   32|      ap_vld|                                         bucket_sizes_2410_out|       pointer|
|bucket_sizes_2410_out_ap_vld    |  out|    1|      ap_vld|                                         bucket_sizes_2410_out|       pointer|
|bucket_sizes_2409_out           |  out|   32|      ap_vld|                                         bucket_sizes_2409_out|       pointer|
|bucket_sizes_2409_out_ap_vld    |  out|    1|      ap_vld|                                         bucket_sizes_2409_out|       pointer|
|bucket_sizes_2408_out           |  out|   32|      ap_vld|                                         bucket_sizes_2408_out|       pointer|
|bucket_sizes_2408_out_ap_vld    |  out|    1|      ap_vld|                                         bucket_sizes_2408_out|       pointer|
|bucket_sizes_2407_out           |  out|   32|      ap_vld|                                         bucket_sizes_2407_out|       pointer|
|bucket_sizes_2407_out_ap_vld    |  out|    1|      ap_vld|                                         bucket_sizes_2407_out|       pointer|
|bucket_sizes_2406_out           |  out|   32|      ap_vld|                                         bucket_sizes_2406_out|       pointer|
|bucket_sizes_2406_out_ap_vld    |  out|    1|      ap_vld|                                         bucket_sizes_2406_out|       pointer|
|bucket_sizes_2405_out           |  out|   32|      ap_vld|                                         bucket_sizes_2405_out|       pointer|
|bucket_sizes_2405_out_ap_vld    |  out|    1|      ap_vld|                                         bucket_sizes_2405_out|       pointer|
|bucket_sizes_2404_out           |  out|   32|      ap_vld|                                         bucket_sizes_2404_out|       pointer|
|bucket_sizes_2404_out_ap_vld    |  out|    1|      ap_vld|                                         bucket_sizes_2404_out|       pointer|
|bucket_sizes_2403_out           |  out|   32|      ap_vld|                                         bucket_sizes_2403_out|       pointer|
|bucket_sizes_2403_out_ap_vld    |  out|    1|      ap_vld|                                         bucket_sizes_2403_out|       pointer|
|bucket_sizes_2402_out           |  out|   32|      ap_vld|                                         bucket_sizes_2402_out|       pointer|
|bucket_sizes_2402_out_ap_vld    |  out|    1|      ap_vld|                                         bucket_sizes_2402_out|       pointer|
|bucket_sizes_2401_out           |  out|   32|      ap_vld|                                         bucket_sizes_2401_out|       pointer|
|bucket_sizes_2401_out_ap_vld    |  out|    1|      ap_vld|                                         bucket_sizes_2401_out|       pointer|
|bucket_pointer_1071_out         |  out|   32|      ap_vld|                                       bucket_pointer_1071_out|       pointer|
|bucket_pointer_1071_out_ap_vld  |  out|    1|      ap_vld|                                       bucket_pointer_1071_out|       pointer|
|bucket_pointer_1070_out         |  out|   32|      ap_vld|                                       bucket_pointer_1070_out|       pointer|
|bucket_pointer_1070_out_ap_vld  |  out|    1|      ap_vld|                                       bucket_pointer_1070_out|       pointer|
|bucket_pointer_1069_out         |  out|   32|      ap_vld|                                       bucket_pointer_1069_out|       pointer|
|bucket_pointer_1069_out_ap_vld  |  out|    1|      ap_vld|                                       bucket_pointer_1069_out|       pointer|
|bucket_pointer_1068_out         |  out|   32|      ap_vld|                                       bucket_pointer_1068_out|       pointer|
|bucket_pointer_1068_out_ap_vld  |  out|    1|      ap_vld|                                       bucket_pointer_1068_out|       pointer|
|bucket_pointer_1067_out         |  out|   32|      ap_vld|                                       bucket_pointer_1067_out|       pointer|
|bucket_pointer_1067_out_ap_vld  |  out|    1|      ap_vld|                                       bucket_pointer_1067_out|       pointer|
|bucket_pointer_1066_out         |  out|   32|      ap_vld|                                       bucket_pointer_1066_out|       pointer|
|bucket_pointer_1066_out_ap_vld  |  out|    1|      ap_vld|                                       bucket_pointer_1066_out|       pointer|
|bucket_pointer_1065_out         |  out|   32|      ap_vld|                                       bucket_pointer_1065_out|       pointer|
|bucket_pointer_1065_out_ap_vld  |  out|    1|      ap_vld|                                       bucket_pointer_1065_out|       pointer|
|bucket_pointer_1064_out         |  out|   32|      ap_vld|                                       bucket_pointer_1064_out|       pointer|
|bucket_pointer_1064_out_ap_vld  |  out|    1|      ap_vld|                                       bucket_pointer_1064_out|       pointer|
|bucket_pointer_1063_out         |  out|   32|      ap_vld|                                       bucket_pointer_1063_out|       pointer|
|bucket_pointer_1063_out_ap_vld  |  out|    1|      ap_vld|                                       bucket_pointer_1063_out|       pointer|
|bucket_pointer_1062_out         |  out|   32|      ap_vld|                                       bucket_pointer_1062_out|       pointer|
|bucket_pointer_1062_out_ap_vld  |  out|    1|      ap_vld|                                       bucket_pointer_1062_out|       pointer|
|bucket_pointer_1061_out         |  out|   32|      ap_vld|                                       bucket_pointer_1061_out|       pointer|
|bucket_pointer_1061_out_ap_vld  |  out|    1|      ap_vld|                                       bucket_pointer_1061_out|       pointer|
|bucket_pointer_1060_out         |  out|   32|      ap_vld|                                       bucket_pointer_1060_out|       pointer|
|bucket_pointer_1060_out_ap_vld  |  out|    1|      ap_vld|                                       bucket_pointer_1060_out|       pointer|
|bucket_pointer_1059_out         |  out|   32|      ap_vld|                                       bucket_pointer_1059_out|       pointer|
|bucket_pointer_1059_out_ap_vld  |  out|    1|      ap_vld|                                       bucket_pointer_1059_out|       pointer|
|bucket_pointer_1058_out         |  out|   32|      ap_vld|                                       bucket_pointer_1058_out|       pointer|
|bucket_pointer_1058_out_ap_vld  |  out|    1|      ap_vld|                                       bucket_pointer_1058_out|       pointer|
|bucket_pointer_1057_out         |  out|   32|      ap_vld|                                       bucket_pointer_1057_out|       pointer|
|bucket_pointer_1057_out_ap_vld  |  out|    1|      ap_vld|                                       bucket_pointer_1057_out|       pointer|
|bucket_pointer_1056_out         |  out|   32|      ap_vld|                                       bucket_pointer_1056_out|       pointer|
|bucket_pointer_1056_out_ap_vld  |  out|    1|      ap_vld|                                       bucket_pointer_1056_out|       pointer|
+--------------------------------+-----+-----+------------+--------------------------------------------------------------+--------------+

