

================================================================
== Vitis HLS Report for 'radix_sort_unified_bucket_pingpong_54_1_Pipeline_bucket_pointer_initialization'
================================================================
* Date:           Sat Apr 22 15:41:48 2023

* Version:        2022.2 (Build 3670227 on Oct 13 2022)
* Project:        sort_seperate_bucket
* Solution:       solution1 (Vivado IP Flow Target)
* Product family: virtexuplus
* Target device:  xcu280-fsvh2892-2L-e


================================================================
== Performance Estimates
================================================================
+ Timing: 
    * Summary: 
    +--------+----------+----------+------------+
    |  Clock |  Target  | Estimated| Uncertainty|
    +--------+----------+----------+------------+
    |ap_clk  |  10.00 ns|  1.760 ns|     2.70 ns|
    +--------+----------+----------+------------+

+ Latency: 
    * Summary: 
    +---------+---------+----------+----------+-----+-----+---------+
    |  Latency (cycles) |  Latency (absolute) |  Interval | Pipeline|
    |   min   |   max   |    min   |    max   | min | max |   Type  |
    +---------+---------+----------+----------+-----+-----+---------+
    |       18|       18|  0.180 us|  0.180 us|   18|   18|       no|
    +---------+---------+----------+----------+-----+-----+---------+

    + Detail: 
        * Instance: 
        N/A

        * Loop: 
        +---------------------------------+---------+---------+----------+-----------+-----------+------+----------+
        |                                 |  Latency (cycles) | Iteration|  Initiation Interval  | Trip |          |
        |            Loop Name            |   min   |   max   |  Latency |  achieved |   target  | Count| Pipelined|
        +---------------------------------+---------+---------+----------+-----------+-----------+------+----------+
        |- bucket_pointer_initialization  |       16|       16|         1|          1|          1|    16|       yes|
        +---------------------------------+---------+---------+----------+-----------+-----------+------+----------+



================================================================
== Utilization Estimates
================================================================
* Summary: 
+---------------------+---------+------+---------+---------+-----+
|         Name        | BRAM_18K|  DSP |    FF   |   LUT   | URAM|
+---------------------+---------+------+---------+---------+-----+
|DSP                  |        -|     -|        -|        -|    -|
|Expression           |        -|     -|        0|       95|    -|
|FIFO                 |        -|     -|        -|        -|    -|
|Instance             |        -|     -|        0|       65|    -|
|Memory               |        -|     -|        -|        -|    -|
|Multiplexer          |        -|     -|        -|      324|    -|
|Register             |        -|     -|     1064|        -|    -|
+---------------------+---------+------+---------+---------+-----+
|Total                |        0|     0|     1064|      484|    0|
+---------------------+---------+------+---------+---------+-----+
|Available SLR        |     1344|  3008|   869120|   434560|  320|
+---------------------+---------+------+---------+---------+-----+
|Utilization SLR (%)  |        0|     0|       ~0|       ~0|    0|
+---------------------+---------+------+---------+---------+-----+
|Available            |     4032|  9024|  2607360|  1303680|  960|
+---------------------+---------+------+---------+---------+-----+
|Utilization (%)      |        0|     0|       ~0|       ~0|    0|
+---------------------+---------+------+---------+---------+-----+

+ Detail: 
    * Instance: 
    +-----------------------+----------------+---------+----+---+----+-----+
    |        Instance       |     Module     | BRAM_18K| DSP| FF| LUT| URAM|
    +-----------------------+----------------+---------+----+---+----+-----+
    |mux_164_32_1_1_U10283  |mux_164_32_1_1  |        0|   0|  0|  65|    0|
    +-----------------------+----------------+---------+----+---+----+-----+
    |Total                  |                |        0|   0|  0|  65|    0|
    +-----------------------+----------------+---------+----+---+----+-----+

    * DSP: 
    N/A

    * Memory: 
    N/A

    * FIFO: 
    N/A

    * Expression: 
    +--------------------------------+----------+----+---+----+------------+------------+
    |          Variable Name         | Operation| DSP| FF| LUT| Bitwidth P0| Bitwidth P1|
    +--------------------------------+----------+----+---+----+------------+------------+
    |add_ln85_fu_922_p2              |         +|   0|  0|  12|           5|           1|
    |next_bucket_pointer_fu_1018_p2  |         +|   0|  0|  39|          32|          32|
    |ap_condition_505                |       and|   0|  0|   2|           1|           1|
    |ap_condition_508                |       and|   0|  0|   2|           1|           1|
    |ap_condition_511                |       and|   0|  0|   2|           1|           1|
    |ap_condition_514                |       and|   0|  0|   2|           1|           1|
    |ap_condition_517                |       and|   0|  0|   2|           1|           1|
    |ap_condition_520                |       and|   0|  0|   2|           1|           1|
    |ap_condition_523                |       and|   0|  0|   2|           1|           1|
    |ap_condition_526                |       and|   0|  0|   2|           1|           1|
    |ap_condition_529                |       and|   0|  0|   2|           1|           1|
    |ap_condition_532                |       and|   0|  0|   2|           1|           1|
    |ap_condition_535                |       and|   0|  0|   2|           1|           1|
    |ap_condition_538                |       and|   0|  0|   2|           1|           1|
    |ap_condition_541                |       and|   0|  0|   2|           1|           1|
    |ap_condition_544                |       and|   0|  0|   2|           1|           1|
    |ap_condition_547                |       and|   0|  0|   2|           1|           1|
    |ap_condition_550                |       and|   0|  0|   2|           1|           1|
    |icmp_ln85_fu_916_p2             |      icmp|   0|  0|  10|           5|           6|
    |ap_enable_pp0                   |       xor|   0|  0|   2|           1|           2|
    +--------------------------------+----------+----+---+----+------------+------------+
    |Total                           |          |   0|  0|  95|          59|          57|
    +--------------------------------+----------+----+---+----+------------+------------+

    * Multiplexer: 
    +---------------------------+----+-----------+-----+-----------+
    |            Name           | LUT| Input Size| Bits| Total Bits|
    +---------------------------+----+-----------+-----+-----------+
    |ap_done_int                |   9|          2|    1|          2|
    |ap_enable_reg_pp0_iter1    |   9|          2|    1|          2|
    |bucket_pointer_443_fu_192  |   9|          2|   32|         64|
    |bucket_pointer_444_fu_196  |   9|          2|   32|         64|
    |bucket_pointer_445_fu_200  |   9|          2|   32|         64|
    |bucket_pointer_446_fu_204  |   9|          2|   32|         64|
    |bucket_pointer_447_fu_208  |   9|          2|   32|         64|
    |bucket_pointer_448_fu_212  |   9|          2|   32|         64|
    |bucket_pointer_449_fu_216  |   9|          2|   32|         64|
    |bucket_pointer_450_fu_220  |   9|          2|   32|         64|
    |bucket_pointer_451_fu_224  |   9|          2|   32|         64|
    |bucket_pointer_452_fu_228  |   9|          2|   32|         64|
    |bucket_pointer_453_fu_232  |   9|          2|   32|         64|
    |bucket_pointer_454_fu_236  |   9|          2|   32|         64|
    |bucket_pointer_455_fu_240  |   9|          2|   32|         64|
    |bucket_pointer_456_fu_244  |   9|          2|   32|         64|
    |bucket_pointer_457_fu_248  |   9|          2|   32|         64|
    |bucket_pointer_458_fu_252  |   9|          2|   32|         64|
    |bucket_pointer_459_fu_256  |   9|          2|   32|         64|
    |bucket_sizes_571_fu_264    |   9|          2|   32|         64|
    |bucket_sizes_572_fu_268    |   9|          2|   32|         64|
    |bucket_sizes_573_fu_272    |   9|          2|   32|         64|
    |bucket_sizes_574_fu_276    |   9|          2|   32|         64|
    |bucket_sizes_575_fu_280    |   9|          2|   32|         64|
    |bucket_sizes_576_fu_284    |   9|          2|   32|         64|
    |bucket_sizes_577_fu_288    |   9|          2|   32|         64|
    |bucket_sizes_578_fu_292    |   9|          2|   32|         64|
    |bucket_sizes_579_fu_296    |   9|          2|   32|         64|
    |bucket_sizes_580_fu_300    |   9|          2|   32|         64|
    |bucket_sizes_581_fu_304    |   9|          2|   32|         64|
    |bucket_sizes_582_fu_308    |   9|          2|   32|         64|
    |bucket_sizes_583_fu_312    |   9|          2|   32|         64|
    |bucket_sizes_584_fu_316    |   9|          2|   32|         64|
    |bucket_sizes_585_fu_320    |   9|          2|   32|         64|
    |bucket_sizes_fu_260        |   9|          2|   32|         64|
    |m_fu_188                   |   9|          2|    5|         10|
    +---------------------------+----+-----------+-----+-----------+
    |Total                      | 324|         72| 1063|       2126|
    +---------------------------+----+-----------+-----+-----------+

    * Register: 
    +---------------------------+----+----+-----+-----------+
    |            Name           | FF | LUT| Bits| Const Bits|
    +---------------------------+----+----+-----+-----------+
    |ap_CS_fsm                  |   1|   0|    1|          0|
    |ap_done_reg                |   1|   0|    1|          0|
    |ap_enable_reg_pp0_iter1    |   1|   0|    1|          0|
    |bucket_pointer_443_fu_192  |  32|   0|   32|          0|
    |bucket_pointer_444_fu_196  |  32|   0|   32|          0|
    |bucket_pointer_445_fu_200  |  32|   0|   32|          0|
    |bucket_pointer_446_fu_204  |  32|   0|   32|          0|
    |bucket_pointer_447_fu_208  |  32|   0|   32|          0|
    |bucket_pointer_448_fu_212  |  32|   0|   32|          0|
    |bucket_pointer_449_fu_216  |  32|   0|   32|          0|
    |bucket_pointer_450_fu_220  |  32|   0|   32|          0|
    |bucket_pointer_451_fu_224  |  32|   0|   32|          0|
    |bucket_pointer_452_fu_228  |  32|   0|   32|          0|
    |bucket_pointer_453_fu_232  |  32|   0|   32|          0|
    |bucket_pointer_454_fu_236  |  32|   0|   32|          0|
    |bucket_pointer_455_fu_240  |  32|   0|   32|          0|
    |bucket_pointer_456_fu_244  |  32|   0|   32|          0|
    |bucket_pointer_457_fu_248  |  32|   0|   32|          0|
    |bucket_pointer_458_fu_252  |  32|   0|   32|          0|
    |bucket_pointer_459_fu_256  |  32|   0|   32|          0|
    |bucket_sizes_571_fu_264    |  32|   0|   32|          0|
    |bucket_sizes_572_fu_268    |  32|   0|   32|          0|
    |bucket_sizes_573_fu_272    |  32|   0|   32|          0|
    |bucket_sizes_574_fu_276    |  32|   0|   32|          0|
    |bucket_sizes_575_fu_280    |  32|   0|   32|          0|
    |bucket_sizes_576_fu_284    |  32|   0|   32|          0|
    |bucket_sizes_577_fu_288    |  32|   0|   32|          0|
    |bucket_sizes_578_fu_292    |  32|   0|   32|          0|
    |bucket_sizes_579_fu_296    |  32|   0|   32|          0|
    |bucket_sizes_580_fu_300    |  32|   0|   32|          0|
    |bucket_sizes_581_fu_304    |  32|   0|   32|          0|
    |bucket_sizes_582_fu_308    |  32|   0|   32|          0|
    |bucket_sizes_583_fu_312    |  32|   0|   32|          0|
    |bucket_sizes_584_fu_316    |  32|   0|   32|          0|
    |bucket_sizes_585_fu_320    |  32|   0|   32|          0|
    |bucket_sizes_fu_260        |  32|   0|   32|          0|
    |m_fu_188                   |   5|   0|    5|          0|
    +---------------------------+----+----+-----+-----------+
    |Total                      |1064|   0| 1064|          0|
    +---------------------------+----+----+-----+-----------+



================================================================
== Interface
================================================================
* Summary: 
+-------------------------------+-----+-----+------------+--------------------------------------------------------------------------------+--------------+
|           RTL Ports           | Dir | Bits|  Protocol  |                                  Source Object                                 |    C Type    |
+-------------------------------+-----+-----+------------+--------------------------------------------------------------------------------+--------------+
|ap_clk                         |   in|    1|  ap_ctrl_hs|  radix_sort_unified_bucket_pingpong.54.1_Pipeline_bucket_pointer_initialization|  return value|
|ap_rst                         |   in|    1|  ap_ctrl_hs|  radix_sort_unified_bucket_pingpong.54.1_Pipeline_bucket_pointer_initialization|  return value|
|ap_start                       |   in|    1|  ap_ctrl_hs|  radix_sort_unified_bucket_pingpong.54.1_Pipeline_bucket_pointer_initialization|  return value|
|ap_done                        |  out|    1|  ap_ctrl_hs|  radix_sort_unified_bucket_pingpong.54.1_Pipeline_bucket_pointer_initialization|  return value|
|ap_idle                        |  out|    1|  ap_ctrl_hs|  radix_sort_unified_bucket_pingpong.54.1_Pipeline_bucket_pointer_initialization|  return value|
|ap_ready                       |  out|    1|  ap_ctrl_hs|  radix_sort_unified_bucket_pingpong.54.1_Pipeline_bucket_pointer_initialization|  return value|
|bucket_sizes_1964              |   in|   32|     ap_none|                                                               bucket_sizes_1964|        scalar|
|bucket_sizes_1963              |   in|   32|     ap_none|                                                               bucket_sizes_1963|        scalar|
|bucket_sizes_1962              |   in|   32|     ap_none|                                                               bucket_sizes_1962|        scalar|
|bucket_sizes_1961              |   in|   32|     ap_none|                                                               bucket_sizes_1961|        scalar|
|bucket_sizes_1960              |   in|   32|     ap_none|                                                               bucket_sizes_1960|        scalar|
|bucket_sizes_1959              |   in|   32|     ap_none|                                                               bucket_sizes_1959|        scalar|
|bucket_sizes_1958              |   in|   32|     ap_none|                                                               bucket_sizes_1958|        scalar|
|bucket_sizes_1957              |   in|   32|     ap_none|                                                               bucket_sizes_1957|        scalar|
|bucket_sizes_1956              |   in|   32|     ap_none|                                                               bucket_sizes_1956|        scalar|
|bucket_sizes_1955              |   in|   32|     ap_none|                                                               bucket_sizes_1955|        scalar|
|bucket_sizes_1954              |   in|   32|     ap_none|                                                               bucket_sizes_1954|        scalar|
|bucket_sizes_1953              |   in|   32|     ap_none|                                                               bucket_sizes_1953|        scalar|
|bucket_sizes_1952              |   in|   32|     ap_none|                                                               bucket_sizes_1952|        scalar|
|bucket_sizes_1951              |   in|   32|     ap_none|                                                               bucket_sizes_1951|        scalar|
|bucket_sizes_1950              |   in|   32|     ap_none|                                                               bucket_sizes_1950|        scalar|
|bucket_sizes_1933              |   in|   32|     ap_none|                                                               bucket_sizes_1933|        scalar|
|bucket_pointer_860             |   in|   32|     ap_none|                                                              bucket_pointer_860|        scalar|
|bucket_pointer_859             |   in|   32|     ap_none|                                                              bucket_pointer_859|        scalar|
|bucket_pointer_858             |   in|   32|     ap_none|                                                              bucket_pointer_858|        scalar|
|bucket_pointer_857             |   in|   32|     ap_none|                                                              bucket_pointer_857|        scalar|
|bucket_pointer_856             |   in|   32|     ap_none|                                                              bucket_pointer_856|        scalar|
|bucket_pointer_855             |   in|   32|     ap_none|                                                              bucket_pointer_855|        scalar|
|bucket_pointer_854             |   in|   32|     ap_none|                                                              bucket_pointer_854|        scalar|
|bucket_pointer_853             |   in|   32|     ap_none|                                                              bucket_pointer_853|        scalar|
|bucket_pointer_852             |   in|   32|     ap_none|                                                              bucket_pointer_852|        scalar|
|bucket_pointer_851             |   in|   32|     ap_none|                                                              bucket_pointer_851|        scalar|
|bucket_pointer_850             |   in|   32|     ap_none|                                                              bucket_pointer_850|        scalar|
|bucket_pointer_849             |   in|   32|     ap_none|                                                              bucket_pointer_849|        scalar|
|bucket_pointer_848             |   in|   32|     ap_none|                                                              bucket_pointer_848|        scalar|
|bucket_pointer_847             |   in|   32|     ap_none|                                                              bucket_pointer_847|        scalar|
|bucket_pointer_846             |   in|   32|     ap_none|                                                              bucket_pointer_846|        scalar|
|bucket_pointer                 |   in|   32|     ap_none|                                                                  bucket_pointer|        scalar|
|bucket_sizes_1981_out          |  out|   32|      ap_vld|                                                           bucket_sizes_1981_out|       pointer|
|bucket_sizes_1981_out_ap_vld   |  out|    1|      ap_vld|                                                           bucket_sizes_1981_out|       pointer|
|bucket_sizes_1980_out          |  out|   32|      ap_vld|                                                           bucket_sizes_1980_out|       pointer|
|bucket_sizes_1980_out_ap_vld   |  out|    1|      ap_vld|                                                           bucket_sizes_1980_out|       pointer|
|bucket_sizes_1979_out          |  out|   32|      ap_vld|                                                           bucket_sizes_1979_out|       pointer|
|bucket_sizes_1979_out_ap_vld   |  out|    1|      ap_vld|                                                           bucket_sizes_1979_out|       pointer|
|bucket_sizes_1978_out          |  out|   32|      ap_vld|                                                           bucket_sizes_1978_out|       pointer|
|bucket_sizes_1978_out_ap_vld   |  out|    1|      ap_vld|                                                           bucket_sizes_1978_out|       pointer|
|bucket_sizes_1977_out          |  out|   32|      ap_vld|                                                           bucket_sizes_1977_out|       pointer|
|bucket_sizes_1977_out_ap_vld   |  out|    1|      ap_vld|                                                           bucket_sizes_1977_out|       pointer|
|bucket_sizes_1976_out          |  out|   32|      ap_vld|                                                           bucket_sizes_1976_out|       pointer|
|bucket_sizes_1976_out_ap_vld   |  out|    1|      ap_vld|                                                           bucket_sizes_1976_out|       pointer|
|bucket_sizes_1975_out          |  out|   32|      ap_vld|                                                           bucket_sizes_1975_out|       pointer|
|bucket_sizes_1975_out_ap_vld   |  out|    1|      ap_vld|                                                           bucket_sizes_1975_out|       pointer|
|bucket_sizes_1974_out          |  out|   32|      ap_vld|                                                           bucket_sizes_1974_out|       pointer|
|bucket_sizes_1974_out_ap_vld   |  out|    1|      ap_vld|                                                           bucket_sizes_1974_out|       pointer|
|bucket_sizes_1973_out          |  out|   32|      ap_vld|                                                           bucket_sizes_1973_out|       pointer|
|bucket_sizes_1973_out_ap_vld   |  out|    1|      ap_vld|                                                           bucket_sizes_1973_out|       pointer|
|bucket_sizes_1972_out          |  out|   32|      ap_vld|                                                           bucket_sizes_1972_out|       pointer|
|bucket_sizes_1972_out_ap_vld   |  out|    1|      ap_vld|                                                           bucket_sizes_1972_out|       pointer|
|bucket_sizes_1971_out          |  out|   32|      ap_vld|                                                           bucket_sizes_1971_out|       pointer|
|bucket_sizes_1971_out_ap_vld   |  out|    1|      ap_vld|                                                           bucket_sizes_1971_out|       pointer|
|bucket_sizes_1970_out          |  out|   32|      ap_vld|                                                           bucket_sizes_1970_out|       pointer|
|bucket_sizes_1970_out_ap_vld   |  out|    1|      ap_vld|                                                           bucket_sizes_1970_out|       pointer|
|bucket_sizes_1969_out          |  out|   32|      ap_vld|                                                           bucket_sizes_1969_out|       pointer|
|bucket_sizes_1969_out_ap_vld   |  out|    1|      ap_vld|                                                           bucket_sizes_1969_out|       pointer|
|bucket_sizes_1968_out          |  out|   32|      ap_vld|                                                           bucket_sizes_1968_out|       pointer|
|bucket_sizes_1968_out_ap_vld   |  out|    1|      ap_vld|                                                           bucket_sizes_1968_out|       pointer|
|bucket_sizes_1967_out          |  out|   32|      ap_vld|                                                           bucket_sizes_1967_out|       pointer|
|bucket_sizes_1967_out_ap_vld   |  out|    1|      ap_vld|                                                           bucket_sizes_1967_out|       pointer|
|bucket_sizes_1966_out          |  out|   32|      ap_vld|                                                           bucket_sizes_1966_out|       pointer|
|bucket_sizes_1966_out_ap_vld   |  out|    1|      ap_vld|                                                           bucket_sizes_1966_out|       pointer|
|bucket_pointer_876_out         |  out|   32|      ap_vld|                                                          bucket_pointer_876_out|       pointer|
|bucket_pointer_876_out_ap_vld  |  out|    1|      ap_vld|                                                          bucket_pointer_876_out|       pointer|
|bucket_pointer_875_out         |  out|   32|      ap_vld|                                                          bucket_pointer_875_out|       pointer|
|bucket_pointer_875_out_ap_vld  |  out|    1|      ap_vld|                                                          bucket_pointer_875_out|       pointer|
|bucket_pointer_874_out         |  out|   32|      ap_vld|                                                          bucket_pointer_874_out|       pointer|
|bucket_pointer_874_out_ap_vld  |  out|    1|      ap_vld|                                                          bucket_pointer_874_out|       pointer|
|bucket_pointer_873_out         |  out|   32|      ap_vld|                                                          bucket_pointer_873_out|       pointer|
|bucket_pointer_873_out_ap_vld  |  out|    1|      ap_vld|                                                          bucket_pointer_873_out|       pointer|
|bucket_pointer_872_out         |  out|   32|      ap_vld|                                                          bucket_pointer_872_out|       pointer|
|bucket_pointer_872_out_ap_vld  |  out|    1|      ap_vld|                                                          bucket_pointer_872_out|       pointer|
|bucket_pointer_871_out         |  out|   32|      ap_vld|                                                          bucket_pointer_871_out|       pointer|
|bucket_pointer_871_out_ap_vld  |  out|    1|      ap_vld|                                                          bucket_pointer_871_out|       pointer|
|bucket_pointer_870_out         |  out|   32|      ap_vld|                                                          bucket_pointer_870_out|       pointer|
|bucket_pointer_870_out_ap_vld  |  out|    1|      ap_vld|                                                          bucket_pointer_870_out|       pointer|
|bucket_pointer_869_out         |  out|   32|      ap_vld|                                                          bucket_pointer_869_out|       pointer|
|bucket_pointer_869_out_ap_vld  |  out|    1|      ap_vld|                                                          bucket_pointer_869_out|       pointer|
|bucket_pointer_868_out         |  out|   32|      ap_vld|                                                          bucket_pointer_868_out|       pointer|
|bucket_pointer_868_out_ap_vld  |  out|    1|      ap_vld|                                                          bucket_pointer_868_out|       pointer|
|bucket_pointer_867_out         |  out|   32|      ap_vld|                                                          bucket_pointer_867_out|       pointer|
|bucket_pointer_867_out_ap_vld  |  out|    1|      ap_vld|                                                          bucket_pointer_867_out|       pointer|
|bucket_pointer_866_out         |  out|   32|      ap_vld|                                                          bucket_pointer_866_out|       pointer|
|bucket_pointer_866_out_ap_vld  |  out|    1|      ap_vld|                                                          bucket_pointer_866_out|       pointer|
|bucket_pointer_865_out         |  out|   32|      ap_vld|                                                          bucket_pointer_865_out|       pointer|
|bucket_pointer_865_out_ap_vld  |  out|    1|      ap_vld|                                                          bucket_pointer_865_out|       pointer|
|bucket_pointer_864_out         |  out|   32|      ap_vld|                                                          bucket_pointer_864_out|       pointer|
|bucket_pointer_864_out_ap_vld  |  out|    1|      ap_vld|                                                          bucket_pointer_864_out|       pointer|
|bucket_pointer_863_out         |  out|   32|      ap_vld|                                                          bucket_pointer_863_out|       pointer|
|bucket_pointer_863_out_ap_vld  |  out|    1|      ap_vld|                                                          bucket_pointer_863_out|       pointer|
|bucket_pointer_862_out         |  out|   32|      ap_vld|                                                          bucket_pointer_862_out|       pointer|
|bucket_pointer_862_out_ap_vld  |  out|    1|      ap_vld|                                                          bucket_pointer_862_out|       pointer|
|bucket_pointer_861_out         |  out|   32|      ap_vld|                                                          bucket_pointer_861_out|       pointer|
|bucket_pointer_861_out_ap_vld  |  out|    1|      ap_vld|                                                          bucket_pointer_861_out|       pointer|
+-------------------------------+-----+-----+------------+--------------------------------------------------------------------------------+--------------+

