

================================================================
== Vitis HLS Report for 'radix_sort_hex_batch_19_1_Pipeline_bucket_pointer_initialization'
================================================================
* Date:           Tue Apr 25 09:31:19 2023

* Version:        2022.2 (Build 3670227 on Oct 13 2022)
* Project:        sort_seperate_bucket
* Solution:       solution1 (Vivado IP Flow Target)
* Product family: virtexuplus
* Target device:  xcu280-fsvh2892-2L-e


================================================================
== Performance Estimates
================================================================
+ Timing: 
    * Summary: 
    +--------+----------+----------+------------+
    |  Clock |  Target  | Estimated| Uncertainty|
    +--------+----------+----------+------------+
    |ap_clk  |  10.00 ns|  1.760 ns|     2.70 ns|
    +--------+----------+----------+------------+

+ Latency: 
    * Summary: 
    +---------+---------+----------+----------+-----+-----+---------+
    |  Latency (cycles) |  Latency (absolute) |  Interval | Pipeline|
    |   min   |   max   |    min   |    max   | min | max |   Type  |
    +---------+---------+----------+----------+-----+-----+---------+
    |       18|       18|  0.180 us|  0.180 us|   18|   18|       no|
    +---------+---------+----------+----------+-----+-----+---------+

    + Detail: 
        * Instance: 
        N/A

        * Loop: 
        +---------------------------------+---------+---------+----------+-----------+-----------+------+----------+
        |                                 |  Latency (cycles) | Iteration|  Initiation Interval  | Trip |          |
        |            Loop Name            |   min   |   max   |  Latency |  achieved |   target  | Count| Pipelined|
        +---------------------------------+---------+---------+----------+-----------+-----------+------+----------+
        |- bucket_pointer_initialization  |       16|       16|         1|          1|          1|    16|       yes|
        +---------------------------------+---------+---------+----------+-----------+-----------+------+----------+



================================================================
== Utilization Estimates
================================================================
* Summary: 
+---------------------+---------+------+---------+---------+-----+
|         Name        | BRAM_18K|  DSP |    FF   |   LUT   | URAM|
+---------------------+---------+------+---------+---------+-----+
|DSP                  |        -|     -|        -|        -|    -|
|Expression           |        -|     -|        0|       95|    -|
|FIFO                 |        -|     -|        -|        -|    -|
|Instance             |        -|     -|        0|       65|    -|
|Memory               |        -|     -|        -|        -|    -|
|Multiplexer          |        -|     -|        -|      324|    -|
|Register             |        -|     -|     1064|        -|    -|
+---------------------+---------+------+---------+---------+-----+
|Total                |        0|     0|     1064|      484|    0|
+---------------------+---------+------+---------+---------+-----+
|Available SLR        |     1344|  3008|   869120|   434560|  320|
+---------------------+---------+------+---------+---------+-----+
|Utilization SLR (%)  |        0|     0|       ~0|       ~0|    0|
+---------------------+---------+------+---------+---------+-----+
|Available            |     4032|  9024|  2607360|  1303680|  960|
+---------------------+---------+------+---------+---------+-----+
|Utilization (%)      |        0|     0|       ~0|       ~0|    0|
+---------------------+---------+------+---------+---------+-----+

+ Detail: 
    * Instance: 
    +----------------------+----------------+---------+----+---+----+-----+
    |       Instance       |     Module     | BRAM_18K| DSP| FF| LUT| URAM|
    +----------------------+----------------+---------+----+---+----+-----+
    |mux_164_32_1_1_U3528  |mux_164_32_1_1  |        0|   0|  0|  65|    0|
    +----------------------+----------------+---------+----+---+----+-----+
    |Total                 |                |        0|   0|  0|  65|    0|
    +----------------------+----------------+---------+----+---+----+-----+

    * DSP: 
    N/A

    * Memory: 
    N/A

    * FIFO: 
    N/A

    * Expression: 
    +--------------------------------+----------+----+---+----+------------+------------+
    |          Variable Name         | Operation| DSP| FF| LUT| Bitwidth P0| Bitwidth P1|
    +--------------------------------+----------+----+---+----+------------+------------+
    |add_ln33_fu_922_p2              |         +|   0|  0|  12|           5|           1|
    |next_bucket_pointer_fu_1018_p2  |         +|   0|  0|  39|          32|          32|
    |ap_condition_505                |       and|   0|  0|   2|           1|           1|
    |ap_condition_508                |       and|   0|  0|   2|           1|           1|
    |ap_condition_511                |       and|   0|  0|   2|           1|           1|
    |ap_condition_514                |       and|   0|  0|   2|           1|           1|
    |ap_condition_517                |       and|   0|  0|   2|           1|           1|
    |ap_condition_520                |       and|   0|  0|   2|           1|           1|
    |ap_condition_523                |       and|   0|  0|   2|           1|           1|
    |ap_condition_526                |       and|   0|  0|   2|           1|           1|
    |ap_condition_529                |       and|   0|  0|   2|           1|           1|
    |ap_condition_532                |       and|   0|  0|   2|           1|           1|
    |ap_condition_535                |       and|   0|  0|   2|           1|           1|
    |ap_condition_538                |       and|   0|  0|   2|           1|           1|
    |ap_condition_541                |       and|   0|  0|   2|           1|           1|
    |ap_condition_544                |       and|   0|  0|   2|           1|           1|
    |ap_condition_547                |       and|   0|  0|   2|           1|           1|
    |ap_condition_550                |       and|   0|  0|   2|           1|           1|
    |icmp_ln33_fu_916_p2             |      icmp|   0|  0|  10|           5|           6|
    |ap_enable_pp0                   |       xor|   0|  0|   2|           1|           2|
    +--------------------------------+----------+----+---+----+------------+------------+
    |Total                           |          |   0|  0|  95|          59|          57|
    +--------------------------------+----------+----+---+----+------------+------------+

    * Multiplexer: 
    +----------------------------+----+-----------+-----+-----------+
    |            Name            | LUT| Input Size| Bits| Total Bits|
    +----------------------------+----+-----------+-----+-----------+
    |ap_done_int                 |   9|          2|    1|          2|
    |ap_enable_reg_pp0_iter1     |   9|          2|    1|          2|
    |bucket_pointer_1769_fu_192  |   9|          2|   32|         64|
    |bucket_pointer_1770_fu_196  |   9|          2|   32|         64|
    |bucket_pointer_1771_fu_200  |   9|          2|   32|         64|
    |bucket_pointer_1772_fu_204  |   9|          2|   32|         64|
    |bucket_pointer_1773_fu_208  |   9|          2|   32|         64|
    |bucket_pointer_1774_fu_212  |   9|          2|   32|         64|
    |bucket_pointer_1775_fu_216  |   9|          2|   32|         64|
    |bucket_pointer_1776_fu_220  |   9|          2|   32|         64|
    |bucket_pointer_1777_fu_224  |   9|          2|   32|         64|
    |bucket_pointer_1778_fu_228  |   9|          2|   32|         64|
    |bucket_pointer_1779_fu_232  |   9|          2|   32|         64|
    |bucket_pointer_1780_fu_236  |   9|          2|   32|         64|
    |bucket_pointer_1781_fu_240  |   9|          2|   32|         64|
    |bucket_pointer_1782_fu_244  |   9|          2|   32|         64|
    |bucket_pointer_1783_fu_248  |   9|          2|   32|         64|
    |bucket_pointer_1784_fu_252  |   9|          2|   32|         64|
    |bucket_pointer_1785_fu_256  |   9|          2|   32|         64|
    |bucket_sizes_2326_fu_264    |   9|          2|   32|         64|
    |bucket_sizes_2327_fu_268    |   9|          2|   32|         64|
    |bucket_sizes_2328_fu_272    |   9|          2|   32|         64|
    |bucket_sizes_2329_fu_276    |   9|          2|   32|         64|
    |bucket_sizes_2330_fu_280    |   9|          2|   32|         64|
    |bucket_sizes_2331_fu_284    |   9|          2|   32|         64|
    |bucket_sizes_2332_fu_288    |   9|          2|   32|         64|
    |bucket_sizes_2333_fu_292    |   9|          2|   32|         64|
    |bucket_sizes_2334_fu_296    |   9|          2|   32|         64|
    |bucket_sizes_2335_fu_300    |   9|          2|   32|         64|
    |bucket_sizes_2336_fu_304    |   9|          2|   32|         64|
    |bucket_sizes_2337_fu_308    |   9|          2|   32|         64|
    |bucket_sizes_2338_fu_312    |   9|          2|   32|         64|
    |bucket_sizes_2339_fu_316    |   9|          2|   32|         64|
    |bucket_sizes_2340_fu_320    |   9|          2|   32|         64|
    |bucket_sizes_fu_260         |   9|          2|   32|         64|
    |m_fu_188                    |   9|          2|    5|         10|
    +----------------------------+----+-----------+-----+-----------+
    |Total                       | 324|         72| 1063|       2126|
    +----------------------------+----+-----------+-----+-----------+

    * Register: 
    +----------------------------+----+----+-----+-----------+
    |            Name            | FF | LUT| Bits| Const Bits|
    +----------------------------+----+----+-----+-----------+
    |ap_CS_fsm                   |   1|   0|    1|          0|
    |ap_done_reg                 |   1|   0|    1|          0|
    |ap_enable_reg_pp0_iter1     |   1|   0|    1|          0|
    |bucket_pointer_1769_fu_192  |  32|   0|   32|          0|
    |bucket_pointer_1770_fu_196  |  32|   0|   32|          0|
    |bucket_pointer_1771_fu_200  |  32|   0|   32|          0|
    |bucket_pointer_1772_fu_204  |  32|   0|   32|          0|
    |bucket_pointer_1773_fu_208  |  32|   0|   32|          0|
    |bucket_pointer_1774_fu_212  |  32|   0|   32|          0|
    |bucket_pointer_1775_fu_216  |  32|   0|   32|          0|
    |bucket_pointer_1776_fu_220  |  32|   0|   32|          0|
    |bucket_pointer_1777_fu_224  |  32|   0|   32|          0|
    |bucket_pointer_1778_fu_228  |  32|   0|   32|          0|
    |bucket_pointer_1779_fu_232  |  32|   0|   32|          0|
    |bucket_pointer_1780_fu_236  |  32|   0|   32|          0|
    |bucket_pointer_1781_fu_240  |  32|   0|   32|          0|
    |bucket_pointer_1782_fu_244  |  32|   0|   32|          0|
    |bucket_pointer_1783_fu_248  |  32|   0|   32|          0|
    |bucket_pointer_1784_fu_252  |  32|   0|   32|          0|
    |bucket_pointer_1785_fu_256  |  32|   0|   32|          0|
    |bucket_sizes_2326_fu_264    |  32|   0|   32|          0|
    |bucket_sizes_2327_fu_268    |  32|   0|   32|          0|
    |bucket_sizes_2328_fu_272    |  32|   0|   32|          0|
    |bucket_sizes_2329_fu_276    |  32|   0|   32|          0|
    |bucket_sizes_2330_fu_280    |  32|   0|   32|          0|
    |bucket_sizes_2331_fu_284    |  32|   0|   32|          0|
    |bucket_sizes_2332_fu_288    |  32|   0|   32|          0|
    |bucket_sizes_2333_fu_292    |  32|   0|   32|          0|
    |bucket_sizes_2334_fu_296    |  32|   0|   32|          0|
    |bucket_sizes_2335_fu_300    |  32|   0|   32|          0|
    |bucket_sizes_2336_fu_304    |  32|   0|   32|          0|
    |bucket_sizes_2337_fu_308    |  32|   0|   32|          0|
    |bucket_sizes_2338_fu_312    |  32|   0|   32|          0|
    |bucket_sizes_2339_fu_316    |  32|   0|   32|          0|
    |bucket_sizes_2340_fu_320    |  32|   0|   32|          0|
    |bucket_sizes_fu_260         |  32|   0|   32|          0|
    |m_fu_188                    |   5|   0|    5|          0|
    +----------------------------+----+----+-----+-----------+
    |Total                       |1064|   0| 1064|          0|
    +----------------------------+----+----+-----+-----------+



================================================================
== Interface
================================================================
* Summary: 
+--------------------------------+-----+-----+------------+------------------------------------------------------------------+--------------+
|            RTL Ports           | Dir | Bits|  Protocol  |                           Source Object                          |    C Type    |
+--------------------------------+-----+-----+------------+------------------------------------------------------------------+--------------+
|ap_clk                          |   in|    1|  ap_ctrl_hs|  radix_sort_hex_batch.19.1_Pipeline_bucket_pointer_initialization|  return value|
|ap_rst                          |   in|    1|  ap_ctrl_hs|  radix_sort_hex_batch.19.1_Pipeline_bucket_pointer_initialization|  return value|
|ap_start                        |   in|    1|  ap_ctrl_hs|  radix_sort_hex_batch.19.1_Pipeline_bucket_pointer_initialization|  return value|
|ap_done                         |  out|    1|  ap_ctrl_hs|  radix_sort_hex_batch.19.1_Pipeline_bucket_pointer_initialization|  return value|
|ap_idle                         |  out|    1|  ap_ctrl_hs|  radix_sort_hex_batch.19.1_Pipeline_bucket_pointer_initialization|  return value|
|ap_ready                        |  out|    1|  ap_ctrl_hs|  radix_sort_hex_batch.19.1_Pipeline_bucket_pointer_initialization|  return value|
|bucket_sizes_7620               |   in|   32|     ap_none|                                                 bucket_sizes_7620|        scalar|
|bucket_sizes_7619               |   in|   32|     ap_none|                                                 bucket_sizes_7619|        scalar|
|bucket_sizes_7618               |   in|   32|     ap_none|                                                 bucket_sizes_7618|        scalar|
|bucket_sizes_7617               |   in|   32|     ap_none|                                                 bucket_sizes_7617|        scalar|
|bucket_sizes_7616               |   in|   32|     ap_none|                                                 bucket_sizes_7616|        scalar|
|bucket_sizes_7615               |   in|   32|     ap_none|                                                 bucket_sizes_7615|        scalar|
|bucket_sizes_7614               |   in|   32|     ap_none|                                                 bucket_sizes_7614|        scalar|
|bucket_sizes_7613               |   in|   32|     ap_none|                                                 bucket_sizes_7613|        scalar|
|bucket_sizes_7612               |   in|   32|     ap_none|                                                 bucket_sizes_7612|        scalar|
|bucket_sizes_7611               |   in|   32|     ap_none|                                                 bucket_sizes_7611|        scalar|
|bucket_sizes_7610               |   in|   32|     ap_none|                                                 bucket_sizes_7610|        scalar|
|bucket_sizes_7609               |   in|   32|     ap_none|                                                 bucket_sizes_7609|        scalar|
|bucket_sizes_7608               |   in|   32|     ap_none|                                                 bucket_sizes_7608|        scalar|
|bucket_sizes_7607               |   in|   32|     ap_none|                                                 bucket_sizes_7607|        scalar|
|bucket_sizes_7606               |   in|   32|     ap_none|                                                 bucket_sizes_7606|        scalar|
|bucket_sizes_7605               |   in|   32|     ap_none|                                                 bucket_sizes_7605|        scalar|
|bucket_pointer_3395             |   in|   32|     ap_none|                                               bucket_pointer_3395|        scalar|
|bucket_pointer_3394             |   in|   32|     ap_none|                                               bucket_pointer_3394|        scalar|
|bucket_pointer_3393             |   in|   32|     ap_none|                                               bucket_pointer_3393|        scalar|
|bucket_pointer_3392             |   in|   32|     ap_none|                                               bucket_pointer_3392|        scalar|
|bucket_pointer_3391             |   in|   32|     ap_none|                                               bucket_pointer_3391|        scalar|
|bucket_pointer_3390             |   in|   32|     ap_none|                                               bucket_pointer_3390|        scalar|
|bucket_pointer_3389             |   in|   32|     ap_none|                                               bucket_pointer_3389|        scalar|
|bucket_pointer_3388             |   in|   32|     ap_none|                                               bucket_pointer_3388|        scalar|
|bucket_pointer_3387             |   in|   32|     ap_none|                                               bucket_pointer_3387|        scalar|
|bucket_pointer_3386             |   in|   32|     ap_none|                                               bucket_pointer_3386|        scalar|
|bucket_pointer_3385             |   in|   32|     ap_none|                                               bucket_pointer_3385|        scalar|
|bucket_pointer_3384             |   in|   32|     ap_none|                                               bucket_pointer_3384|        scalar|
|bucket_pointer_3383             |   in|   32|     ap_none|                                               bucket_pointer_3383|        scalar|
|bucket_pointer_3382             |   in|   32|     ap_none|                                               bucket_pointer_3382|        scalar|
|bucket_pointer_3381             |   in|   32|     ap_none|                                               bucket_pointer_3381|        scalar|
|bucket_pointer                  |   in|   32|     ap_none|                                                    bucket_pointer|        scalar|
|bucket_sizes_7636_out           |  out|   32|      ap_vld|                                             bucket_sizes_7636_out|       pointer|
|bucket_sizes_7636_out_ap_vld    |  out|    1|      ap_vld|                                             bucket_sizes_7636_out|       pointer|
|bucket_sizes_7635_out           |  out|   32|      ap_vld|                                             bucket_sizes_7635_out|       pointer|
|bucket_sizes_7635_out_ap_vld    |  out|    1|      ap_vld|                                             bucket_sizes_7635_out|       pointer|
|bucket_sizes_7634_out           |  out|   32|      ap_vld|                                             bucket_sizes_7634_out|       pointer|
|bucket_sizes_7634_out_ap_vld    |  out|    1|      ap_vld|                                             bucket_sizes_7634_out|       pointer|
|bucket_sizes_7633_out           |  out|   32|      ap_vld|                                             bucket_sizes_7633_out|       pointer|
|bucket_sizes_7633_out_ap_vld    |  out|    1|      ap_vld|                                             bucket_sizes_7633_out|       pointer|
|bucket_sizes_7632_out           |  out|   32|      ap_vld|                                             bucket_sizes_7632_out|       pointer|
|bucket_sizes_7632_out_ap_vld    |  out|    1|      ap_vld|                                             bucket_sizes_7632_out|       pointer|
|bucket_sizes_7631_out           |  out|   32|      ap_vld|                                             bucket_sizes_7631_out|       pointer|
|bucket_sizes_7631_out_ap_vld    |  out|    1|      ap_vld|                                             bucket_sizes_7631_out|       pointer|
|bucket_sizes_7630_out           |  out|   32|      ap_vld|                                             bucket_sizes_7630_out|       pointer|
|bucket_sizes_7630_out_ap_vld    |  out|    1|      ap_vld|                                             bucket_sizes_7630_out|       pointer|
|bucket_sizes_7629_out           |  out|   32|      ap_vld|                                             bucket_sizes_7629_out|       pointer|
|bucket_sizes_7629_out_ap_vld    |  out|    1|      ap_vld|                                             bucket_sizes_7629_out|       pointer|
|bucket_sizes_7628_out           |  out|   32|      ap_vld|                                             bucket_sizes_7628_out|       pointer|
|bucket_sizes_7628_out_ap_vld    |  out|    1|      ap_vld|                                             bucket_sizes_7628_out|       pointer|
|bucket_sizes_7627_out           |  out|   32|      ap_vld|                                             bucket_sizes_7627_out|       pointer|
|bucket_sizes_7627_out_ap_vld    |  out|    1|      ap_vld|                                             bucket_sizes_7627_out|       pointer|
|bucket_sizes_7626_out           |  out|   32|      ap_vld|                                             bucket_sizes_7626_out|       pointer|
|bucket_sizes_7626_out_ap_vld    |  out|    1|      ap_vld|                                             bucket_sizes_7626_out|       pointer|
|bucket_sizes_7625_out           |  out|   32|      ap_vld|                                             bucket_sizes_7625_out|       pointer|
|bucket_sizes_7625_out_ap_vld    |  out|    1|      ap_vld|                                             bucket_sizes_7625_out|       pointer|
|bucket_sizes_7624_out           |  out|   32|      ap_vld|                                             bucket_sizes_7624_out|       pointer|
|bucket_sizes_7624_out_ap_vld    |  out|    1|      ap_vld|                                             bucket_sizes_7624_out|       pointer|
|bucket_sizes_7623_out           |  out|   32|      ap_vld|                                             bucket_sizes_7623_out|       pointer|
|bucket_sizes_7623_out_ap_vld    |  out|    1|      ap_vld|                                             bucket_sizes_7623_out|       pointer|
|bucket_sizes_7622_out           |  out|   32|      ap_vld|                                             bucket_sizes_7622_out|       pointer|
|bucket_sizes_7622_out_ap_vld    |  out|    1|      ap_vld|                                             bucket_sizes_7622_out|       pointer|
|bucket_sizes_7621_out           |  out|   32|      ap_vld|                                             bucket_sizes_7621_out|       pointer|
|bucket_sizes_7621_out_ap_vld    |  out|    1|      ap_vld|                                             bucket_sizes_7621_out|       pointer|
|bucket_pointer_3411_out         |  out|   32|      ap_vld|                                           bucket_pointer_3411_out|       pointer|
|bucket_pointer_3411_out_ap_vld  |  out|    1|      ap_vld|                                           bucket_pointer_3411_out|       pointer|
|bucket_pointer_3410_out         |  out|   32|      ap_vld|                                           bucket_pointer_3410_out|       pointer|
|bucket_pointer_3410_out_ap_vld  |  out|    1|      ap_vld|                                           bucket_pointer_3410_out|       pointer|
|bucket_pointer_3409_out         |  out|   32|      ap_vld|                                           bucket_pointer_3409_out|       pointer|
|bucket_pointer_3409_out_ap_vld  |  out|    1|      ap_vld|                                           bucket_pointer_3409_out|       pointer|
|bucket_pointer_3408_out         |  out|   32|      ap_vld|                                           bucket_pointer_3408_out|       pointer|
|bucket_pointer_3408_out_ap_vld  |  out|    1|      ap_vld|                                           bucket_pointer_3408_out|       pointer|
|bucket_pointer_3407_out         |  out|   32|      ap_vld|                                           bucket_pointer_3407_out|       pointer|
|bucket_pointer_3407_out_ap_vld  |  out|    1|      ap_vld|                                           bucket_pointer_3407_out|       pointer|
|bucket_pointer_3406_out         |  out|   32|      ap_vld|                                           bucket_pointer_3406_out|       pointer|
|bucket_pointer_3406_out_ap_vld  |  out|    1|      ap_vld|                                           bucket_pointer_3406_out|       pointer|
|bucket_pointer_3405_out         |  out|   32|      ap_vld|                                           bucket_pointer_3405_out|       pointer|
|bucket_pointer_3405_out_ap_vld  |  out|    1|      ap_vld|                                           bucket_pointer_3405_out|       pointer|
|bucket_pointer_3404_out         |  out|   32|      ap_vld|                                           bucket_pointer_3404_out|       pointer|
|bucket_pointer_3404_out_ap_vld  |  out|    1|      ap_vld|                                           bucket_pointer_3404_out|       pointer|
|bucket_pointer_3403_out         |  out|   32|      ap_vld|                                           bucket_pointer_3403_out|       pointer|
|bucket_pointer_3403_out_ap_vld  |  out|    1|      ap_vld|                                           bucket_pointer_3403_out|       pointer|
|bucket_pointer_3402_out         |  out|   32|      ap_vld|                                           bucket_pointer_3402_out|       pointer|
|bucket_pointer_3402_out_ap_vld  |  out|    1|      ap_vld|                                           bucket_pointer_3402_out|       pointer|
|bucket_pointer_3401_out         |  out|   32|      ap_vld|                                           bucket_pointer_3401_out|       pointer|
|bucket_pointer_3401_out_ap_vld  |  out|    1|      ap_vld|                                           bucket_pointer_3401_out|       pointer|
|bucket_pointer_3400_out         |  out|   32|      ap_vld|                                           bucket_pointer_3400_out|       pointer|
|bucket_pointer_3400_out_ap_vld  |  out|    1|      ap_vld|                                           bucket_pointer_3400_out|       pointer|
|bucket_pointer_3399_out         |  out|   32|      ap_vld|                                           bucket_pointer_3399_out|       pointer|
|bucket_pointer_3399_out_ap_vld  |  out|    1|      ap_vld|                                           bucket_pointer_3399_out|       pointer|
|bucket_pointer_3398_out         |  out|   32|      ap_vld|                                           bucket_pointer_3398_out|       pointer|
|bucket_pointer_3398_out_ap_vld  |  out|    1|      ap_vld|                                           bucket_pointer_3398_out|       pointer|
|bucket_pointer_3397_out         |  out|   32|      ap_vld|                                           bucket_pointer_3397_out|       pointer|
|bucket_pointer_3397_out_ap_vld  |  out|    1|      ap_vld|                                           bucket_pointer_3397_out|       pointer|
|bucket_pointer_3396_out         |  out|   32|      ap_vld|                                           bucket_pointer_3396_out|       pointer|
|bucket_pointer_3396_out_ap_vld  |  out|    1|      ap_vld|                                           bucket_pointer_3396_out|       pointer|
+--------------------------------+-----+-----+------------+------------------------------------------------------------------+--------------+

