

================================================================
== Vitis HLS Report for 'radix_sort_unified_bucket_pingpong_3_1_Pipeline_bucket_pointer_initialization'
================================================================
* Date:           Sat Apr 22 15:38:51 2023

* Version:        2022.2 (Build 3670227 on Oct 13 2022)
* Project:        sort_seperate_bucket
* Solution:       solution1 (Vivado IP Flow Target)
* Product family: virtexuplus
* Target device:  xcu280-fsvh2892-2L-e


================================================================
== Performance Estimates
================================================================
+ Timing: 
    * Summary: 
    +--------+----------+----------+------------+
    |  Clock |  Target  | Estimated| Uncertainty|
    +--------+----------+----------+------------+
    |ap_clk  |  10.00 ns|  1.760 ns|     2.70 ns|
    +--------+----------+----------+------------+

+ Latency: 
    * Summary: 
    +---------+---------+----------+----------+-----+-----+---------+
    |  Latency (cycles) |  Latency (absolute) |  Interval | Pipeline|
    |   min   |   max   |    min   |    max   | min | max |   Type  |
    +---------+---------+----------+----------+-----+-----+---------+
    |       18|       18|  0.180 us|  0.180 us|   18|   18|       no|
    +---------+---------+----------+----------+-----+-----+---------+

    + Detail: 
        * Instance: 
        N/A

        * Loop: 
        +---------------------------------+---------+---------+----------+-----------+-----------+------+----------+
        |                                 |  Latency (cycles) | Iteration|  Initiation Interval  | Trip |          |
        |            Loop Name            |   min   |   max   |  Latency |  achieved |   target  | Count| Pipelined|
        +---------------------------------+---------+---------+----------+-----------+-----------+------+----------+
        |- bucket_pointer_initialization  |       16|       16|         1|          1|          1|    16|       yes|
        +---------------------------------+---------+---------+----------+-----------+-----------+------+----------+



================================================================
== Utilization Estimates
================================================================
* Summary: 
+---------------------+---------+------+---------+---------+-----+
|         Name        | BRAM_18K|  DSP |    FF   |   LUT   | URAM|
+---------------------+---------+------+---------+---------+-----+
|DSP                  |        -|     -|        -|        -|    -|
|Expression           |        -|     -|        0|       95|    -|
|FIFO                 |        -|     -|        -|        -|    -|
|Instance             |        -|     -|        0|       65|    -|
|Memory               |        -|     -|        -|        -|    -|
|Multiplexer          |        -|     -|        -|      324|    -|
|Register             |        -|     -|     1064|        -|    -|
+---------------------+---------+------+---------+---------+-----+
|Total                |        0|     0|     1064|      484|    0|
+---------------------+---------+------+---------+---------+-----+
|Available SLR        |     1344|  3008|   869120|   434560|  320|
+---------------------+---------+------+---------+---------+-----+
|Utilization SLR (%)  |        0|     0|       ~0|       ~0|    0|
+---------------------+---------+------+---------+---------+-----+
|Available            |     4032|  9024|  2607360|  1303680|  960|
+---------------------+---------+------+---------+---------+-----+
|Utilization (%)      |        0|     0|       ~0|       ~0|    0|
+---------------------+---------+------+---------+---------+-----+

+ Detail: 
    * Instance: 
    +---------------------+----------------+---------+----+---+----+-----+
    |       Instance      |     Module     | BRAM_18K| DSP| FF| LUT| URAM|
    +---------------------+----------------+---------+----+---+----+-----+
    |mux_164_32_1_1_U440  |mux_164_32_1_1  |        0|   0|  0|  65|    0|
    +---------------------+----------------+---------+----+---+----+-----+
    |Total                |                |        0|   0|  0|  65|    0|
    +---------------------+----------------+---------+----+---+----+-----+

    * DSP: 
    N/A

    * Memory: 
    N/A

    * FIFO: 
    N/A

    * Expression: 
    +--------------------------------+----------+----+---+----+------------+------------+
    |          Variable Name         | Operation| DSP| FF| LUT| Bitwidth P0| Bitwidth P1|
    +--------------------------------+----------+----+---+----+------------+------------+
    |add_ln85_fu_922_p2              |         +|   0|  0|  12|           5|           1|
    |next_bucket_pointer_fu_1018_p2  |         +|   0|  0|  39|          32|          32|
    |ap_condition_505                |       and|   0|  0|   2|           1|           1|
    |ap_condition_508                |       and|   0|  0|   2|           1|           1|
    |ap_condition_511                |       and|   0|  0|   2|           1|           1|
    |ap_condition_514                |       and|   0|  0|   2|           1|           1|
    |ap_condition_517                |       and|   0|  0|   2|           1|           1|
    |ap_condition_520                |       and|   0|  0|   2|           1|           1|
    |ap_condition_523                |       and|   0|  0|   2|           1|           1|
    |ap_condition_526                |       and|   0|  0|   2|           1|           1|
    |ap_condition_529                |       and|   0|  0|   2|           1|           1|
    |ap_condition_532                |       and|   0|  0|   2|           1|           1|
    |ap_condition_535                |       and|   0|  0|   2|           1|           1|
    |ap_condition_538                |       and|   0|  0|   2|           1|           1|
    |ap_condition_541                |       and|   0|  0|   2|           1|           1|
    |ap_condition_544                |       and|   0|  0|   2|           1|           1|
    |ap_condition_547                |       and|   0|  0|   2|           1|           1|
    |ap_condition_550                |       and|   0|  0|   2|           1|           1|
    |icmp_ln85_fu_916_p2             |      icmp|   0|  0|  10|           5|           6|
    |ap_enable_pp0                   |       xor|   0|  0|   2|           1|           2|
    +--------------------------------+----------+----+---+----+------------+------------+
    |Total                           |          |   0|  0|  95|          59|          57|
    +--------------------------------+----------+----+---+----+------------+------------+

    * Multiplexer: 
    +----------------------------+----+-----------+-----+-----------+
    |            Name            | LUT| Input Size| Bits| Total Bits|
    +----------------------------+----+-----------+-----+-----------+
    |ap_done_int                 |   9|          2|    1|          2|
    |ap_enable_reg_pp0_iter1     |   9|          2|    1|          2|
    |bucket_pointer_1361_fu_192  |   9|          2|   32|         64|
    |bucket_pointer_1362_fu_196  |   9|          2|   32|         64|
    |bucket_pointer_1363_fu_200  |   9|          2|   32|         64|
    |bucket_pointer_1364_fu_204  |   9|          2|   32|         64|
    |bucket_pointer_1365_fu_208  |   9|          2|   32|         64|
    |bucket_pointer_1366_fu_212  |   9|          2|   32|         64|
    |bucket_pointer_1367_fu_216  |   9|          2|   32|         64|
    |bucket_pointer_1368_fu_220  |   9|          2|   32|         64|
    |bucket_pointer_1369_fu_224  |   9|          2|   32|         64|
    |bucket_pointer_1370_fu_228  |   9|          2|   32|         64|
    |bucket_pointer_1371_fu_232  |   9|          2|   32|         64|
    |bucket_pointer_1372_fu_236  |   9|          2|   32|         64|
    |bucket_pointer_1373_fu_240  |   9|          2|   32|         64|
    |bucket_pointer_1374_fu_244  |   9|          2|   32|         64|
    |bucket_pointer_1375_fu_248  |   9|          2|   32|         64|
    |bucket_pointer_1376_fu_252  |   9|          2|   32|         64|
    |bucket_pointer_1377_fu_256  |   9|          2|   32|         64|
    |bucket_sizes_1786_fu_264    |   9|          2|   32|         64|
    |bucket_sizes_1787_fu_268    |   9|          2|   32|         64|
    |bucket_sizes_1788_fu_272    |   9|          2|   32|         64|
    |bucket_sizes_1789_fu_276    |   9|          2|   32|         64|
    |bucket_sizes_1790_fu_280    |   9|          2|   32|         64|
    |bucket_sizes_1791_fu_284    |   9|          2|   32|         64|
    |bucket_sizes_1792_fu_288    |   9|          2|   32|         64|
    |bucket_sizes_1793_fu_292    |   9|          2|   32|         64|
    |bucket_sizes_1794_fu_296    |   9|          2|   32|         64|
    |bucket_sizes_1795_fu_300    |   9|          2|   32|         64|
    |bucket_sizes_1796_fu_304    |   9|          2|   32|         64|
    |bucket_sizes_1797_fu_308    |   9|          2|   32|         64|
    |bucket_sizes_1798_fu_312    |   9|          2|   32|         64|
    |bucket_sizes_1799_fu_316    |   9|          2|   32|         64|
    |bucket_sizes_1800_fu_320    |   9|          2|   32|         64|
    |bucket_sizes_fu_260         |   9|          2|   32|         64|
    |m_fu_188                    |   9|          2|    5|         10|
    +----------------------------+----+-----------+-----+-----------+
    |Total                       | 324|         72| 1063|       2126|
    +----------------------------+----+-----------+-----+-----------+

    * Register: 
    +----------------------------+----+----+-----+-----------+
    |            Name            | FF | LUT| Bits| Const Bits|
    +----------------------------+----+----+-----+-----------+
    |ap_CS_fsm                   |   1|   0|    1|          0|
    |ap_done_reg                 |   1|   0|    1|          0|
    |ap_enable_reg_pp0_iter1     |   1|   0|    1|          0|
    |bucket_pointer_1361_fu_192  |  32|   0|   32|          0|
    |bucket_pointer_1362_fu_196  |  32|   0|   32|          0|
    |bucket_pointer_1363_fu_200  |  32|   0|   32|          0|
    |bucket_pointer_1364_fu_204  |  32|   0|   32|          0|
    |bucket_pointer_1365_fu_208  |  32|   0|   32|          0|
    |bucket_pointer_1366_fu_212  |  32|   0|   32|          0|
    |bucket_pointer_1367_fu_216  |  32|   0|   32|          0|
    |bucket_pointer_1368_fu_220  |  32|   0|   32|          0|
    |bucket_pointer_1369_fu_224  |  32|   0|   32|          0|
    |bucket_pointer_1370_fu_228  |  32|   0|   32|          0|
    |bucket_pointer_1371_fu_232  |  32|   0|   32|          0|
    |bucket_pointer_1372_fu_236  |  32|   0|   32|          0|
    |bucket_pointer_1373_fu_240  |  32|   0|   32|          0|
    |bucket_pointer_1374_fu_244  |  32|   0|   32|          0|
    |bucket_pointer_1375_fu_248  |  32|   0|   32|          0|
    |bucket_pointer_1376_fu_252  |  32|   0|   32|          0|
    |bucket_pointer_1377_fu_256  |  32|   0|   32|          0|
    |bucket_sizes_1786_fu_264    |  32|   0|   32|          0|
    |bucket_sizes_1787_fu_268    |  32|   0|   32|          0|
    |bucket_sizes_1788_fu_272    |  32|   0|   32|          0|
    |bucket_sizes_1789_fu_276    |  32|   0|   32|          0|
    |bucket_sizes_1790_fu_280    |  32|   0|   32|          0|
    |bucket_sizes_1791_fu_284    |  32|   0|   32|          0|
    |bucket_sizes_1792_fu_288    |  32|   0|   32|          0|
    |bucket_sizes_1793_fu_292    |  32|   0|   32|          0|
    |bucket_sizes_1794_fu_296    |  32|   0|   32|          0|
    |bucket_sizes_1795_fu_300    |  32|   0|   32|          0|
    |bucket_sizes_1796_fu_304    |  32|   0|   32|          0|
    |bucket_sizes_1797_fu_308    |  32|   0|   32|          0|
    |bucket_sizes_1798_fu_312    |  32|   0|   32|          0|
    |bucket_sizes_1799_fu_316    |  32|   0|   32|          0|
    |bucket_sizes_1800_fu_320    |  32|   0|   32|          0|
    |bucket_sizes_fu_260         |  32|   0|   32|          0|
    |m_fu_188                    |   5|   0|    5|          0|
    +----------------------------+----+----+-----+-----------+
    |Total                       |1064|   0| 1064|          0|
    +----------------------------+----+----+-----+-----------+



================================================================
== Interface
================================================================
* Summary: 
+--------------------------------+-----+-----+------------+-------------------------------------------------------------------------------+--------------+
|            RTL Ports           | Dir | Bits|  Protocol  |                                 Source Object                                 |    C Type    |
+--------------------------------+-----+-----+------------+-------------------------------------------------------------------------------+--------------+
|ap_clk                          |   in|    1|  ap_ctrl_hs|  radix_sort_unified_bucket_pingpong.3.1_Pipeline_bucket_pointer_initialization|  return value|
|ap_rst                          |   in|    1|  ap_ctrl_hs|  radix_sort_unified_bucket_pingpong.3.1_Pipeline_bucket_pointer_initialization|  return value|
|ap_start                        |   in|    1|  ap_ctrl_hs|  radix_sort_unified_bucket_pingpong.3.1_Pipeline_bucket_pointer_initialization|  return value|
|ap_done                         |  out|    1|  ap_ctrl_hs|  radix_sort_unified_bucket_pingpong.3.1_Pipeline_bucket_pointer_initialization|  return value|
|ap_idle                         |  out|    1|  ap_ctrl_hs|  radix_sort_unified_bucket_pingpong.3.1_Pipeline_bucket_pointer_initialization|  return value|
|ap_ready                        |  out|    1|  ap_ctrl_hs|  radix_sort_unified_bucket_pingpong.3.1_Pipeline_bucket_pointer_initialization|  return value|
|bucket_sizes_5879               |   in|   32|     ap_none|                                                              bucket_sizes_5879|        scalar|
|bucket_sizes_5878               |   in|   32|     ap_none|                                                              bucket_sizes_5878|        scalar|
|bucket_sizes_5877               |   in|   32|     ap_none|                                                              bucket_sizes_5877|        scalar|
|bucket_sizes_5876               |   in|   32|     ap_none|                                                              bucket_sizes_5876|        scalar|
|bucket_sizes_5875               |   in|   32|     ap_none|                                                              bucket_sizes_5875|        scalar|
|bucket_sizes_5874               |   in|   32|     ap_none|                                                              bucket_sizes_5874|        scalar|
|bucket_sizes_5873               |   in|   32|     ap_none|                                                              bucket_sizes_5873|        scalar|
|bucket_sizes_5872               |   in|   32|     ap_none|                                                              bucket_sizes_5872|        scalar|
|bucket_sizes_5871               |   in|   32|     ap_none|                                                              bucket_sizes_5871|        scalar|
|bucket_sizes_5870               |   in|   32|     ap_none|                                                              bucket_sizes_5870|        scalar|
|bucket_sizes_5869               |   in|   32|     ap_none|                                                              bucket_sizes_5869|        scalar|
|bucket_sizes_5868               |   in|   32|     ap_none|                                                              bucket_sizes_5868|        scalar|
|bucket_sizes_5867               |   in|   32|     ap_none|                                                              bucket_sizes_5867|        scalar|
|bucket_sizes_5866               |   in|   32|     ap_none|                                                              bucket_sizes_5866|        scalar|
|bucket_sizes_5865               |   in|   32|     ap_none|                                                              bucket_sizes_5865|        scalar|
|bucket_sizes_5848               |   in|   32|     ap_none|                                                              bucket_sizes_5848|        scalar|
|bucket_pointer_2615             |   in|   32|     ap_none|                                                            bucket_pointer_2615|        scalar|
|bucket_pointer_2614             |   in|   32|     ap_none|                                                            bucket_pointer_2614|        scalar|
|bucket_pointer_2613             |   in|   32|     ap_none|                                                            bucket_pointer_2613|        scalar|
|bucket_pointer_2612             |   in|   32|     ap_none|                                                            bucket_pointer_2612|        scalar|
|bucket_pointer_2611             |   in|   32|     ap_none|                                                            bucket_pointer_2611|        scalar|
|bucket_pointer_2610             |   in|   32|     ap_none|                                                            bucket_pointer_2610|        scalar|
|bucket_pointer_2609             |   in|   32|     ap_none|                                                            bucket_pointer_2609|        scalar|
|bucket_pointer_2608             |   in|   32|     ap_none|                                                            bucket_pointer_2608|        scalar|
|bucket_pointer_2607             |   in|   32|     ap_none|                                                            bucket_pointer_2607|        scalar|
|bucket_pointer_2606             |   in|   32|     ap_none|                                                            bucket_pointer_2606|        scalar|
|bucket_pointer_2605             |   in|   32|     ap_none|                                                            bucket_pointer_2605|        scalar|
|bucket_pointer_2604             |   in|   32|     ap_none|                                                            bucket_pointer_2604|        scalar|
|bucket_pointer_2603             |   in|   32|     ap_none|                                                            bucket_pointer_2603|        scalar|
|bucket_pointer_2602             |   in|   32|     ap_none|                                                            bucket_pointer_2602|        scalar|
|bucket_pointer_2601             |   in|   32|     ap_none|                                                            bucket_pointer_2601|        scalar|
|bucket_pointer                  |   in|   32|     ap_none|                                                                 bucket_pointer|        scalar|
|bucket_sizes_5896_out           |  out|   32|      ap_vld|                                                          bucket_sizes_5896_out|       pointer|
|bucket_sizes_5896_out_ap_vld    |  out|    1|      ap_vld|                                                          bucket_sizes_5896_out|       pointer|
|bucket_sizes_5895_out           |  out|   32|      ap_vld|                                                          bucket_sizes_5895_out|       pointer|
|bucket_sizes_5895_out_ap_vld    |  out|    1|      ap_vld|                                                          bucket_sizes_5895_out|       pointer|
|bucket_sizes_5894_out           |  out|   32|      ap_vld|                                                          bucket_sizes_5894_out|       pointer|
|bucket_sizes_5894_out_ap_vld    |  out|    1|      ap_vld|                                                          bucket_sizes_5894_out|       pointer|
|bucket_sizes_5893_out           |  out|   32|      ap_vld|                                                          bucket_sizes_5893_out|       pointer|
|bucket_sizes_5893_out_ap_vld    |  out|    1|      ap_vld|                                                          bucket_sizes_5893_out|       pointer|
|bucket_sizes_5892_out           |  out|   32|      ap_vld|                                                          bucket_sizes_5892_out|       pointer|
|bucket_sizes_5892_out_ap_vld    |  out|    1|      ap_vld|                                                          bucket_sizes_5892_out|       pointer|
|bucket_sizes_5891_out           |  out|   32|      ap_vld|                                                          bucket_sizes_5891_out|       pointer|
|bucket_sizes_5891_out_ap_vld    |  out|    1|      ap_vld|                                                          bucket_sizes_5891_out|       pointer|
|bucket_sizes_5890_out           |  out|   32|      ap_vld|                                                          bucket_sizes_5890_out|       pointer|
|bucket_sizes_5890_out_ap_vld    |  out|    1|      ap_vld|                                                          bucket_sizes_5890_out|       pointer|
|bucket_sizes_5889_out           |  out|   32|      ap_vld|                                                          bucket_sizes_5889_out|       pointer|
|bucket_sizes_5889_out_ap_vld    |  out|    1|      ap_vld|                                                          bucket_sizes_5889_out|       pointer|
|bucket_sizes_5888_out           |  out|   32|      ap_vld|                                                          bucket_sizes_5888_out|       pointer|
|bucket_sizes_5888_out_ap_vld    |  out|    1|      ap_vld|                                                          bucket_sizes_5888_out|       pointer|
|bucket_sizes_5887_out           |  out|   32|      ap_vld|                                                          bucket_sizes_5887_out|       pointer|
|bucket_sizes_5887_out_ap_vld    |  out|    1|      ap_vld|                                                          bucket_sizes_5887_out|       pointer|
|bucket_sizes_5886_out           |  out|   32|      ap_vld|                                                          bucket_sizes_5886_out|       pointer|
|bucket_sizes_5886_out_ap_vld    |  out|    1|      ap_vld|                                                          bucket_sizes_5886_out|       pointer|
|bucket_sizes_5885_out           |  out|   32|      ap_vld|                                                          bucket_sizes_5885_out|       pointer|
|bucket_sizes_5885_out_ap_vld    |  out|    1|      ap_vld|                                                          bucket_sizes_5885_out|       pointer|
|bucket_sizes_5884_out           |  out|   32|      ap_vld|                                                          bucket_sizes_5884_out|       pointer|
|bucket_sizes_5884_out_ap_vld    |  out|    1|      ap_vld|                                                          bucket_sizes_5884_out|       pointer|
|bucket_sizes_5883_out           |  out|   32|      ap_vld|                                                          bucket_sizes_5883_out|       pointer|
|bucket_sizes_5883_out_ap_vld    |  out|    1|      ap_vld|                                                          bucket_sizes_5883_out|       pointer|
|bucket_sizes_5882_out           |  out|   32|      ap_vld|                                                          bucket_sizes_5882_out|       pointer|
|bucket_sizes_5882_out_ap_vld    |  out|    1|      ap_vld|                                                          bucket_sizes_5882_out|       pointer|
|bucket_sizes_5881_out           |  out|   32|      ap_vld|                                                          bucket_sizes_5881_out|       pointer|
|bucket_sizes_5881_out_ap_vld    |  out|    1|      ap_vld|                                                          bucket_sizes_5881_out|       pointer|
|bucket_pointer_2631_out         |  out|   32|      ap_vld|                                                        bucket_pointer_2631_out|       pointer|
|bucket_pointer_2631_out_ap_vld  |  out|    1|      ap_vld|                                                        bucket_pointer_2631_out|       pointer|
|bucket_pointer_2630_out         |  out|   32|      ap_vld|                                                        bucket_pointer_2630_out|       pointer|
|bucket_pointer_2630_out_ap_vld  |  out|    1|      ap_vld|                                                        bucket_pointer_2630_out|       pointer|
|bucket_pointer_2629_out         |  out|   32|      ap_vld|                                                        bucket_pointer_2629_out|       pointer|
|bucket_pointer_2629_out_ap_vld  |  out|    1|      ap_vld|                                                        bucket_pointer_2629_out|       pointer|
|bucket_pointer_2628_out         |  out|   32|      ap_vld|                                                        bucket_pointer_2628_out|       pointer|
|bucket_pointer_2628_out_ap_vld  |  out|    1|      ap_vld|                                                        bucket_pointer_2628_out|       pointer|
|bucket_pointer_2627_out         |  out|   32|      ap_vld|                                                        bucket_pointer_2627_out|       pointer|
|bucket_pointer_2627_out_ap_vld  |  out|    1|      ap_vld|                                                        bucket_pointer_2627_out|       pointer|
|bucket_pointer_2626_out         |  out|   32|      ap_vld|                                                        bucket_pointer_2626_out|       pointer|
|bucket_pointer_2626_out_ap_vld  |  out|    1|      ap_vld|                                                        bucket_pointer_2626_out|       pointer|
|bucket_pointer_2625_out         |  out|   32|      ap_vld|                                                        bucket_pointer_2625_out|       pointer|
|bucket_pointer_2625_out_ap_vld  |  out|    1|      ap_vld|                                                        bucket_pointer_2625_out|       pointer|
|bucket_pointer_2624_out         |  out|   32|      ap_vld|                                                        bucket_pointer_2624_out|       pointer|
|bucket_pointer_2624_out_ap_vld  |  out|    1|      ap_vld|                                                        bucket_pointer_2624_out|       pointer|
|bucket_pointer_2623_out         |  out|   32|      ap_vld|                                                        bucket_pointer_2623_out|       pointer|
|bucket_pointer_2623_out_ap_vld  |  out|    1|      ap_vld|                                                        bucket_pointer_2623_out|       pointer|
|bucket_pointer_2622_out         |  out|   32|      ap_vld|                                                        bucket_pointer_2622_out|       pointer|
|bucket_pointer_2622_out_ap_vld  |  out|    1|      ap_vld|                                                        bucket_pointer_2622_out|       pointer|
|bucket_pointer_2621_out         |  out|   32|      ap_vld|                                                        bucket_pointer_2621_out|       pointer|
|bucket_pointer_2621_out_ap_vld  |  out|    1|      ap_vld|                                                        bucket_pointer_2621_out|       pointer|
|bucket_pointer_2620_out         |  out|   32|      ap_vld|                                                        bucket_pointer_2620_out|       pointer|
|bucket_pointer_2620_out_ap_vld  |  out|    1|      ap_vld|                                                        bucket_pointer_2620_out|       pointer|
|bucket_pointer_2619_out         |  out|   32|      ap_vld|                                                        bucket_pointer_2619_out|       pointer|
|bucket_pointer_2619_out_ap_vld  |  out|    1|      ap_vld|                                                        bucket_pointer_2619_out|       pointer|
|bucket_pointer_2618_out         |  out|   32|      ap_vld|                                                        bucket_pointer_2618_out|       pointer|
|bucket_pointer_2618_out_ap_vld  |  out|    1|      ap_vld|                                                        bucket_pointer_2618_out|       pointer|
|bucket_pointer_2617_out         |  out|   32|      ap_vld|                                                        bucket_pointer_2617_out|       pointer|
|bucket_pointer_2617_out_ap_vld  |  out|    1|      ap_vld|                                                        bucket_pointer_2617_out|       pointer|
|bucket_pointer_2616_out         |  out|   32|      ap_vld|                                                        bucket_pointer_2616_out|       pointer|
|bucket_pointer_2616_out_ap_vld  |  out|    1|      ap_vld|                                                        bucket_pointer_2616_out|       pointer|
+--------------------------------+-----+-----+------------+-------------------------------------------------------------------------------+--------------+

