

================================================================
== Vitis HLS Report for 'radix_sort_oct_batch_4_1'
================================================================
* Date:           Tue Apr 25 13:56:10 2023

* Version:        2022.2 (Build 3670227 on Oct 13 2022)
* Project:        sort_seperate_bucket
* Solution:       solution1 (Vivado IP Flow Target)
* Product family: virtexuplus
* Target device:  xcu280-fsvh2892-2L-e


================================================================
== Performance Estimates
================================================================
+ Timing: 
    * Summary: 
    +--------+----------+----------+------------+
    |  Clock |  Target  | Estimated| Uncertainty|
    +--------+----------+----------+------------+
    |ap_clk  |  10.00 ns|  5.163 ns|     2.70 ns|
    +--------+----------+----------+------------+

+ Latency: 
    * Summary: 
    +---------+---------+-----------+-----------+---------+---------+---------+
    |  Latency (cycles) |   Latency (absolute)  |      Interval     | Pipeline|
    |   min   |   max   |    min    |    max    |   min   |   max   |   Type  |
    +---------+---------+-----------+-----------+---------+---------+---------+
    |  2031456|  2031456|  20.315 ms|  20.315 ms|  2031456|  2031456|       no|
    +---------+---------+-----------+-----------+---------+---------+---------+

    + Detail: 
        * Instance: 
        +----------------------------------------------------------------------------+-----------------------------------------------------------------+---------+---------+----------+----------+--------+--------+---------+
        |                                                                            |                                                                 |  Latency (cycles) |  Latency (absolute) |     Interval    | Pipeline|
        |                                  Instance                                  |                              Module                             |   min   |   max   |    min   |    max   |   min  |   max  |   Type  |
        +----------------------------------------------------------------------------+-----------------------------------------------------------------+---------+---------+----------+----------+--------+--------+---------+
        |grp_radix_sort_oct_batch_4_1_Pipeline_1_fu_220                              |radix_sort_oct_batch_4_1_Pipeline_1                              |       10|       10|  0.100 us|  0.100 us|      10|      10|       no|
        |grp_radix_sort_oct_batch_4_1_Pipeline_initialization_fu_232                 |radix_sort_oct_batch_4_1_Pipeline_initialization                 |   156252|   156252|  1.563 ms|  1.563 ms|  156252|  156252|       no|
        |grp_radix_sort_oct_batch_4_1_Pipeline_bucket_pointer_initialization_fu_255  |radix_sort_oct_batch_4_1_Pipeline_bucket_pointer_initialization  |       10|       10|  0.100 us|  0.100 us|      10|      10|       no|
        |grp_radix_sort_oct_batch_4_1_Pipeline_output_bucket_fu_291                  |radix_sort_oct_batch_4_1_Pipeline_output_bucket                  |   156252|   156252|  1.563 ms|  1.563 ms|  156252|  156252|       no|
        |grp_radix_sort_oct_batch_4_1_Pipeline_input_bucket_fu_298                   |radix_sort_oct_batch_4_1_Pipeline_input_bucket                   |   156252|   156252|  1.563 ms|  1.563 ms|  156252|  156252|       no|
        +----------------------------------------------------------------------------+-----------------------------------------------------------------+---------+---------+----------+----------+--------+--------+---------+

        * Loop: 
        +------------------+---------+---------+----------+-----------+-----------+------+----------+
        |                  |  Latency (cycles) | Iteration|  Initiation Interval  | Trip |          |
        |     Loop Name    |   min   |   max   |  Latency |  achieved |   target  | Count| Pipelined|
        +------------------+---------+---------+----------+-----------+-----------+------+----------+
        |- sort_procedure  |  1718937|  1718937|    156267|          -|          -|    11|        no|
        +------------------+---------+---------+----------+-----------+-----------+------+----------+



================================================================
== Utilization Estimates
================================================================
* Summary: 
+---------------------+---------+------+---------+---------+-----+
|         Name        | BRAM_18K|  DSP |    FF   |   LUT   | URAM|
+---------------------+---------+------+---------+---------+-----+
|DSP                  |        -|     2|        -|        -|    -|
|Expression           |        -|     -|        0|       76|    -|
|FIFO                 |        -|     -|        -|        -|    -|
|Instance             |        -|     -|      803|     1408|    -|
|Memory               |       16|     -|        0|        0|    0|
|Multiplexer          |        -|     -|        -|      235|    -|
|Register             |        -|     -|      613|        -|    -|
+---------------------+---------+------+---------+---------+-----+
|Total                |       16|     2|     1416|     1719|    0|
+---------------------+---------+------+---------+---------+-----+
|Available SLR        |     1344|  3008|   869120|   434560|  320|
+---------------------+---------+------+---------+---------+-----+
|Utilization SLR (%)  |        1|    ~0|       ~0|       ~0|    0|
+---------------------+---------+------+---------+---------+-----+
|Available            |     4032|  9024|  2607360|  1303680|  960|
+---------------------+---------+------+---------+---------+-----+
|Utilization (%)      |       ~0|    ~0|       ~0|       ~0|    0|
+---------------------+---------+------+---------+---------+-----+

+ Detail: 
    * Instance: 
    +----------------------------------------------------------------------------+-----------------------------------------------------------------+---------+----+-----+-----+-----+
    |                                  Instance                                  |                              Module                             | BRAM_18K| DSP|  FF | LUT | URAM|
    +----------------------------------------------------------------------------+-----------------------------------------------------------------+---------+----+-----+-----+-----+
    |grp_radix_sort_oct_batch_4_1_Pipeline_1_fu_220                              |radix_sort_oct_batch_4_1_Pipeline_1                              |        0|   0|    6|   48|    0|
    |grp_radix_sort_oct_batch_4_1_Pipeline_bucket_pointer_initialization_fu_255  |radix_sort_oct_batch_4_1_Pipeline_bucket_pointer_initialization  |        0|   0|  551|  301|    0|
    |grp_radix_sort_oct_batch_4_1_Pipeline_initialization_fu_232                 |radix_sort_oct_batch_4_1_Pipeline_initialization                 |        0|   0|   39|  296|    0|
    |grp_radix_sort_oct_batch_4_1_Pipeline_input_bucket_fu_298                   |radix_sort_oct_batch_4_1_Pipeline_input_bucket                   |        0|   0|  168|  687|    0|
    |grp_radix_sort_oct_batch_4_1_Pipeline_output_bucket_fu_291                  |radix_sort_oct_batch_4_1_Pipeline_output_bucket                  |        0|   0|   39|   76|    0|
    +----------------------------------------------------------------------------+-----------------------------------------------------------------+---------+----+-----+-----+-----+
    |Total                                                                       |                                                                 |        0|   0|  803| 1408|    0|
    +----------------------------------------------------------------------------+-----------------------------------------------------------------+---------+----+-----+-----+-----+

    * DSP: 
    +------------------------------+-------------------------+-----------+
    |           Instance           |          Module         | Expression|
    +------------------------------+-------------------------+-----------+
    |mul_mul_19s_18ns_19_4_1_U418  |mul_mul_19s_18ns_19_4_1  |    i0 * i1|
    |mul_mul_19s_18ns_19_4_1_U419  |mul_mul_19s_18ns_19_4_1  |    i0 * i1|
    +------------------------------+-------------------------+-----------+

    * Memory: 
    +----------+-----------------------------------------------+---------+---+----+-----+--------+-----+------+-------------+
    |  Memory  |                     Module                    | BRAM_18K| FF| LUT| URAM|  Words | Bits| Banks| W*Bits*Banks|
    +----------+-----------------------------------------------+---------+---+----+-----+--------+-----+------+-------------+
    |bucket_U  |radix_sort_oct_batch_4_1_bucket_RAM_AUTO_1R1W  |       16|  0|   0|    0|  312500|   32|     1|     10000000|
    +----------+-----------------------------------------------+---------+---+----+-----+--------+-----+------+-------------+
    |Total     |                                               |       16|  0|   0|    0|  312500|   32|     1|     10000000|
    +----------+-----------------------------------------------+---------+---+----+-----+--------+-----+------+-------------+

    * FIFO: 
    N/A

    * Expression: 
    +-------------------------+----------+----+---+----+------------+------------+
    |      Variable Name      | Operation| DSP| FF| LUT| Bitwidth P0| Bitwidth P1|
    +-------------------------+----------+----+---+----+------------+------------+
    |i_60_fu_389_p2           |         +|   0|  0|  12|           4|           1|
    |bucket_num_30_fu_462_p2  |         -|   0|  0|  39|           1|          32|
    |mul_i_fu_564_p2          |         -|   0|  0|  14|           7|           7|
    |icmp_ln27_fu_383_p2      |      icmp|   0|  0|   9|           4|           4|
    |ap_block_state1          |        or|   0|  0|   2|           1|           1|
    +-------------------------+----------+----+---+----+------------+------------+
    |Total                    |          |   0|  0|  76|          17|          45|
    +-------------------------+----------+----+---+----+------------+------------+

    * Multiplexer: 
    +-------------------------+----+-----------+-----+-----------+
    |           Name          | LUT| Input Size| Bits| Total Bits|
    +-------------------------+----+-----------+-----+-----------+
    |ap_NS_fsm                |  59|         11|    1|         11|
    |ap_done                  |   9|          2|    1|          2|
    |bucket_address0          |  20|          4|   19|         76|
    |bucket_ce0               |  20|          4|    1|          4|
    |bucket_ce1               |   9|          2|    1|          2|
    |bucket_d0                |  14|          3|   32|         96|
    |bucket_num_fu_52         |   9|          2|   32|         64|
    |bucket_sizes_617_fu_92   |   9|          2|   32|         64|
    |bucket_sizes_618_fu_96   |   9|          2|   32|         64|
    |bucket_sizes_619_fu_100  |   9|          2|   32|         64|
    |bucket_sizes_620_fu_104  |   9|          2|   32|         64|
    |bucket_sizes_621_fu_108  |   9|          2|   32|         64|
    |bucket_sizes_622_fu_112  |   9|          2|   32|         64|
    |bucket_sizes_623_fu_116  |   9|          2|   32|         64|
    |bucket_sizes_fu_88       |   9|          2|   32|         64|
    |bucket_we0               |  14|          3|    1|          3|
    |i_fu_48                  |   9|          2|    4|          8|
    +-------------------------+----+-----------+-----+-----------+
    |Total                    | 235|         49|  348|        778|
    +-------------------------+----+-----------+-----+-----------+

    * Register: 
    +-----------------------------------------------------------------------------------------+----+----+-----+-----------+
    |                                           Name                                          | FF | LUT| Bits| Const Bits|
    +-----------------------------------------------------------------------------------------+----+----+-----+-----------+
    |ap_CS_fsm                                                                                |  10|   0|   10|          0|
    |ap_done_reg                                                                              |   1|   0|    1|          0|
    |bucket_num_fu_52                                                                         |  32|   0|   32|          0|
    |bucket_pointer_534_fu_60                                                                 |  32|   0|   32|          0|
    |bucket_pointer_535_fu_64                                                                 |  32|   0|   32|          0|
    |bucket_pointer_536_fu_68                                                                 |  32|   0|   32|          0|
    |bucket_pointer_537_fu_72                                                                 |  32|   0|   32|          0|
    |bucket_pointer_538_fu_76                                                                 |  32|   0|   32|          0|
    |bucket_pointer_539_fu_80                                                                 |  32|   0|   32|          0|
    |bucket_pointer_540_fu_84                                                                 |  32|   0|   32|          0|
    |bucket_pointer_fu_56                                                                     |  32|   0|   32|          0|
    |bucket_sizes_617_fu_92                                                                   |  32|   0|   32|          0|
    |bucket_sizes_618_fu_96                                                                   |  32|   0|   32|          0|
    |bucket_sizes_619_fu_100                                                                  |  32|   0|   32|          0|
    |bucket_sizes_620_fu_104                                                                  |  32|   0|   32|          0|
    |bucket_sizes_621_fu_108                                                                  |  32|   0|   32|          0|
    |bucket_sizes_622_fu_112                                                                  |  32|   0|   32|          0|
    |bucket_sizes_623_fu_116                                                                  |  32|   0|   32|          0|
    |bucket_sizes_fu_88                                                                       |  32|   0|   32|          0|
    |grp_radix_sort_oct_batch_4_1_Pipeline_1_fu_220_ap_start_reg                              |   1|   0|    1|          0|
    |grp_radix_sort_oct_batch_4_1_Pipeline_bucket_pointer_initialization_fu_255_ap_start_reg  |   1|   0|    1|          0|
    |grp_radix_sort_oct_batch_4_1_Pipeline_initialization_fu_232_ap_start_reg                 |   1|   0|    1|          0|
    |grp_radix_sort_oct_batch_4_1_Pipeline_input_bucket_fu_298_ap_start_reg                   |   1|   0|    1|          0|
    |grp_radix_sort_oct_batch_4_1_Pipeline_output_bucket_fu_291_ap_start_reg                  |   1|   0|    1|          0|
    |i_59_reg_871                                                                             |   4|   0|    4|          0|
    |i_fu_48                                                                                  |   4|   0|    4|          0|
    |mul_i_reg_991                                                                            |   7|   0|    7|          0|
    |mul_ln41_reg_986                                                                         |  19|   0|   19|          0|
    |mul_ln43_reg_996                                                                         |  19|   0|   19|          0|
    +-----------------------------------------------------------------------------------------+----+----+-----+-----------+
    |Total                                                                                    | 613|   0|  613|          0|
    +-----------------------------------------------------------------------------------------+----+----+-----+-----------+



================================================================
== Interface
================================================================
* Summary: 
+-------------------------------------------+-----+-----+------------+----------------------------------+--------------+
|                 RTL Ports                 | Dir | Bits|  Protocol  |           Source Object          |    C Type    |
+-------------------------------------------+-----+-----+------------+----------------------------------+--------------+
|ap_clk                                     |   in|    1|  ap_ctrl_hs|          radix_sort_oct_batch.4.1|  return value|
|ap_rst                                     |   in|    1|  ap_ctrl_hs|          radix_sort_oct_batch.4.1|  return value|
|ap_start                                   |   in|    1|  ap_ctrl_hs|          radix_sort_oct_batch.4.1|  return value|
|ap_done                                    |  out|    1|  ap_ctrl_hs|          radix_sort_oct_batch.4.1|  return value|
|ap_continue                                |   in|    1|  ap_ctrl_hs|          radix_sort_oct_batch.4.1|  return value|
|ap_idle                                    |  out|    1|  ap_ctrl_hs|          radix_sort_oct_batch.4.1|  return value|
|ap_ready                                   |  out|    1|  ap_ctrl_hs|          radix_sort_oct_batch.4.1|  return value|
|input_3_address0                           |  out|   18|   ap_memory|                           input_3|         array|
|input_3_ce0                                |  out|    1|   ap_memory|                           input_3|         array|
|input_3_q0                                 |   in|   32|   ap_memory|                           input_3|         array|
|multi_radix_oct_loser_64_temp0_3_address0  |  out|   18|   ap_memory|  multi_radix_oct_loser_64_temp0_3|         array|
|multi_radix_oct_loser_64_temp0_3_ce0       |  out|    1|   ap_memory|  multi_radix_oct_loser_64_temp0_3|         array|
|multi_radix_oct_loser_64_temp0_3_we0       |  out|    1|   ap_memory|  multi_radix_oct_loser_64_temp0_3|         array|
|multi_radix_oct_loser_64_temp0_3_d0        |  out|   32|   ap_memory|  multi_radix_oct_loser_64_temp0_3|         array|
+-------------------------------------------+-----+-----+------------+----------------------------------+--------------+

