

================================================================
== Vitis HLS Report for 'radix_sort_unified_bucket_pingpong_9_1_Pipeline_input_bucket'
================================================================
* Date:           Sat Apr 22 14:45:16 2023

* Version:        2022.2 (Build 3670227 on Oct 13 2022)
* Project:        sort_seperate_bucket
* Solution:       solution1 (Vivado IP Flow Target)
* Product family: virtexuplus
* Target device:  xcu280-fsvh2892-2L-e


================================================================
== Performance Estimates
================================================================
+ Timing: 
    * Summary: 
    +--------+----------+----------+------------+
    |  Clock |  Target  | Estimated| Uncertainty|
    +--------+----------+----------+------------+
    |ap_clk  |  10.00 ns|  5.078 ns|     2.70 ns|
    +--------+----------+----------+------------+

+ Latency: 
    * Summary: 
    +---------+---------+----------+----------+--------+--------+---------+
    |  Latency (cycles) |  Latency (absolute) |     Interval    | Pipeline|
    |   min   |   max   |    min   |    max   |   min  |   max  |   Type  |
    +---------+---------+----------+----------+--------+--------+---------+
    |   312502|   312502|  3.125 ms|  3.125 ms|  312502|  312502|       no|
    +---------+---------+----------+----------+--------+--------+---------+

    + Detail: 
        * Instance: 
        N/A

        * Loop: 
        +----------------+---------+---------+----------+-----------+-----------+--------+----------+
        |                |  Latency (cycles) | Iteration|  Initiation Interval  |  Trip  |          |
        |    Loop Name   |   min   |   max   |  Latency |  achieved |   target  |  Count | Pipelined|
        +----------------+---------+---------+----------+-----------+-----------+--------+----------+
        |- input_bucket  |   312500|   312500|         2|          1|          1|  312500|       yes|
        +----------------+---------+---------+----------+-----------+-----------+--------+----------+



================================================================
== Utilization Estimates
================================================================
* Summary: 
+---------------------+---------+------+---------+---------+-----+
|         Name        | BRAM_18K|  DSP |    FF   |   LUT   | URAM|
+---------------------+---------+------+---------+---------+-----+
|DSP                  |        -|     -|        -|        -|    -|
|Expression           |        -|     -|        0|      327|    -|
|FIFO                 |        -|     -|        -|        -|    -|
|Instance             |        -|     -|        0|      130|    -|
|Memory               |        -|     -|        -|        -|    -|
|Multiplexer          |        -|     -|        -|      502|    -|
|Register             |        -|     -|      143|        -|    -|
+---------------------+---------+------+---------+---------+-----+
|Total                |        0|     0|      143|      959|    0|
+---------------------+---------+------+---------+---------+-----+
|Available SLR        |     1344|  3008|   869120|   434560|  320|
+---------------------+---------+------+---------+---------+-----+
|Utilization SLR (%)  |        0|     0|       ~0|       ~0|    0|
+---------------------+---------+------+---------+---------+-----+
|Available            |     4032|  9024|  2607360|  1303680|  960|
+---------------------+---------+------+---------+---------+-----+
|Utilization (%)      |        0|     0|       ~0|       ~0|    0|
+---------------------+---------+------+---------+---------+-----+

+ Detail: 
    * Instance: 
    +----------------------+----------------+---------+----+---+----+-----+
    |       Instance       |     Module     | BRAM_18K| DSP| FF| LUT| URAM|
    +----------------------+----------------+---------+----+---+----+-----+
    |mux_164_32_1_1_U1663  |mux_164_32_1_1  |        0|   0|  0|  65|    0|
    |mux_164_32_1_1_U1664  |mux_164_32_1_1  |        0|   0|  0|  65|    0|
    +----------------------+----------------+---------+----+---+----+-----+
    |Total                 |                |        0|   0|  0| 130|    0|
    +----------------------+----------------+---------+----+---+----+-----+

    * DSP: 
    N/A

    * Memory: 
    N/A

    * FIFO: 
    N/A

    * Expression: 
    +--------------------------+----------+----+---+----+------------+------------+
    |       Variable Name      | Operation| DSP| FF| LUT| Bitwidth P0| Bitwidth P1|
    +--------------------------+----------+----+---+----+------------+------------+
    |add_ln92_fu_675_p2        |         +|   0|  0|  26|          19|           1|
    |add_ln93_fu_685_p2        |         +|   0|  0|  27|          20|          20|
    |add_ln95_fu_836_p2        |         +|   0|  0|  27|          20|          20|
    |bucket_pointer_fu_856_p2  |         +|   0|  0|  39|          32|           1|
    |bucket_sizes_fu_1070_p2   |         +|   0|  0|  39|          32|           1|
    |shifted_fu_785_p2         |      ashr|   0|  0|  92|          32|          32|
    |addr_cmp_fu_771_p2        |      icmp|   0|  0|  29|          64|          64|
    |icmp_ln92_fu_669_p2       |      icmp|   0|  0|  14|          19|          19|
    |reuse_select_fu_776_p3    |    select|   0|  0|  32|           1|          32|
    |ap_enable_pp0             |       xor|   0|  0|   2|           1|           2|
    +--------------------------+----------+----+---+----+------------+------------+
    |Total                     |          |   0|  0| 327|         240|         192|
    +--------------------------+----------+----+---+----+------------+------------+

    * Multiplexer: 
    +-------------------------+----+-----------+-----+-----------+
    |           Name          | LUT| Input Size| Bits| Total Bits|
    +-------------------------+----+-----------+-----+-----------+
    |ap_done_int              |   9|          2|    1|          2|
    |ap_enable_reg_pp0_iter1  |   9|          2|    1|          2|
    |ap_sig_allocacmp_j_1     |   9|          2|   19|         38|
    |bucket_pointer_33_out_o  |  14|          3|   32|         96|
    |bucket_pointer_34_out_o  |  14|          3|   32|         96|
    |bucket_pointer_35_out_o  |  14|          3|   32|         96|
    |bucket_pointer_36_out_o  |  14|          3|   32|         96|
    |bucket_pointer_37_out_o  |  14|          3|   32|         96|
    |bucket_pointer_38_out_o  |  14|          3|   32|         96|
    |bucket_pointer_39_out_o  |  14|          3|   32|         96|
    |bucket_pointer_40_out_o  |  14|          3|   32|         96|
    |bucket_pointer_41_out_o  |  14|          3|   32|         96|
    |bucket_pointer_42_out_o  |  14|          3|   32|         96|
    |bucket_pointer_43_out_o  |  14|          3|   32|         96|
    |bucket_pointer_44_out_o  |  14|          3|   32|         96|
    |bucket_pointer_45_out_o  |  14|          3|   32|         96|
    |bucket_pointer_46_out_o  |  14|          3|   32|         96|
    |bucket_pointer_47_out_o  |  14|          3|   32|         96|
    |bucket_pointer_48_out_o  |  14|          3|   32|         96|
    |bucket_sizes_113_out_o   |  14|          3|   32|         96|
    |bucket_sizes_114_out_o   |  14|          3|   32|         96|
    |bucket_sizes_115_out_o   |  14|          3|   32|         96|
    |bucket_sizes_116_out_o   |  14|          3|   32|         96|
    |bucket_sizes_117_out_o   |  14|          3|   32|         96|
    |bucket_sizes_118_out_o   |  14|          3|   32|         96|
    |bucket_sizes_119_out_o   |  14|          3|   32|         96|
    |bucket_sizes_120_out_o   |  14|          3|   32|         96|
    |bucket_sizes_121_out_o   |  14|          3|   32|         96|
    |bucket_sizes_122_out_o   |  14|          3|   32|         96|
    |bucket_sizes_123_out_o   |  14|          3|   32|         96|
    |bucket_sizes_124_out_o   |  14|          3|   32|         96|
    |bucket_sizes_125_out_o   |  14|          3|   32|         96|
    |bucket_sizes_126_out_o   |  14|          3|   32|         96|
    |bucket_sizes_127_out_o   |  14|          3|   32|         96|
    |bucket_sizes_128_out_o   |  14|          3|   32|         96|
    |j_fu_216                 |   9|          2|   19|         38|
    |reuse_addr_reg_fu_208    |   9|          2|   64|        128|
    |reuse_reg_fu_212         |   9|          2|   32|         64|
    +-------------------------+----+-----------+-----+-----------+
    |Total                    | 502|        108| 1160|       3344|
    +-------------------------+----+-----------+-----+-----------+

    * Register: 
    +-------------------------+----+----+-----+-----------+
    |           Name          | FF | LUT| Bits| Const Bits|
    +-------------------------+----+----+-----+-----------+
    |ap_CS_fsm                |   1|   0|    1|          0|
    |ap_done_reg              |   1|   0|    1|          0|
    |ap_enable_reg_pp0_iter1  |   1|   0|    1|          0|
    |j_fu_216                 |  19|   0|   19|          0|
    |mul_cast_cast_reg_1198   |   5|   0|   32|         27|
    |reuse_addr_reg_fu_208    |  64|   0|   64|          0|
    |reuse_reg_fu_212         |  32|   0|   32|          0|
    |zext_ln93_1_reg_1206     |  20|   0|   64|         44|
    +-------------------------+----+----+-----+-----------+
    |Total                    | 143|   0|  214|         71|
    +-------------------------+----+----+-----+-----------+



================================================================
== Interface
================================================================
* Summary: 
+--------------------------------+-----+-----+------------+--------------------------------------------------------------+--------------+
|            RTL Ports           | Dir | Bits|  Protocol  |                         Source Object                        |    C Type    |
+--------------------------------+-----+-----+------------+--------------------------------------------------------------+--------------+
|ap_clk                          |   in|    1|  ap_ctrl_hs|  radix_sort_unified_bucket_pingpong.9.1_Pipeline_input_bucket|  return value|
|ap_rst                          |   in|    1|  ap_ctrl_hs|  radix_sort_unified_bucket_pingpong.9.1_Pipeline_input_bucket|  return value|
|ap_start                        |   in|    1|  ap_ctrl_hs|  radix_sort_unified_bucket_pingpong.9.1_Pipeline_input_bucket|  return value|
|ap_done                         |  out|    1|  ap_ctrl_hs|  radix_sort_unified_bucket_pingpong.9.1_Pipeline_input_bucket|  return value|
|ap_idle                         |  out|    1|  ap_ctrl_hs|  radix_sort_unified_bucket_pingpong.9.1_Pipeline_input_bucket|  return value|
|ap_ready                        |  out|    1|  ap_ctrl_hs|  radix_sort_unified_bucket_pingpong.9.1_Pipeline_input_bucket|  return value|
|bucket_sizes_96_reload          |   in|   32|     ap_none|                                        bucket_sizes_96_reload|        scalar|
|bucket_sizes_95_reload          |   in|   32|     ap_none|                                        bucket_sizes_95_reload|        scalar|
|bucket_sizes_94_reload          |   in|   32|     ap_none|                                        bucket_sizes_94_reload|        scalar|
|bucket_sizes_93_reload          |   in|   32|     ap_none|                                        bucket_sizes_93_reload|        scalar|
|bucket_sizes_92_reload          |   in|   32|     ap_none|                                        bucket_sizes_92_reload|        scalar|
|bucket_sizes_91_reload          |   in|   32|     ap_none|                                        bucket_sizes_91_reload|        scalar|
|bucket_sizes_90_reload          |   in|   32|     ap_none|                                        bucket_sizes_90_reload|        scalar|
|bucket_sizes_89_reload          |   in|   32|     ap_none|                                        bucket_sizes_89_reload|        scalar|
|bucket_sizes_88_reload          |   in|   32|     ap_none|                                        bucket_sizes_88_reload|        scalar|
|bucket_sizes_87_reload          |   in|   32|     ap_none|                                        bucket_sizes_87_reload|        scalar|
|bucket_sizes_86_reload          |   in|   32|     ap_none|                                        bucket_sizes_86_reload|        scalar|
|bucket_sizes_85_reload          |   in|   32|     ap_none|                                        bucket_sizes_85_reload|        scalar|
|bucket_sizes_84_reload          |   in|   32|     ap_none|                                        bucket_sizes_84_reload|        scalar|
|bucket_sizes_83_reload          |   in|   32|     ap_none|                                        bucket_sizes_83_reload|        scalar|
|bucket_sizes_82_reload          |   in|   32|     ap_none|                                        bucket_sizes_82_reload|        scalar|
|bucket_sizes_81_reload          |   in|   32|     ap_none|                                        bucket_sizes_81_reload|        scalar|
|bucket_pointer_31_reload        |   in|   32|     ap_none|                                      bucket_pointer_31_reload|        scalar|
|bucket_pointer_30_reload        |   in|   32|     ap_none|                                      bucket_pointer_30_reload|        scalar|
|bucket_pointer_29_reload        |   in|   32|     ap_none|                                      bucket_pointer_29_reload|        scalar|
|bucket_pointer_28_reload        |   in|   32|     ap_none|                                      bucket_pointer_28_reload|        scalar|
|bucket_pointer_27_reload        |   in|   32|     ap_none|                                      bucket_pointer_27_reload|        scalar|
|bucket_pointer_26_reload        |   in|   32|     ap_none|                                      bucket_pointer_26_reload|        scalar|
|bucket_pointer_25_reload        |   in|   32|     ap_none|                                      bucket_pointer_25_reload|        scalar|
|bucket_pointer_24_reload        |   in|   32|     ap_none|                                      bucket_pointer_24_reload|        scalar|
|bucket_pointer_23_reload        |   in|   32|     ap_none|                                      bucket_pointer_23_reload|        scalar|
|bucket_pointer_22_reload        |   in|   32|     ap_none|                                      bucket_pointer_22_reload|        scalar|
|bucket_pointer_21_reload        |   in|   32|     ap_none|                                      bucket_pointer_21_reload|        scalar|
|bucket_pointer_20_reload        |   in|   32|     ap_none|                                      bucket_pointer_20_reload|        scalar|
|bucket_pointer_19_reload        |   in|   32|     ap_none|                                      bucket_pointer_19_reload|        scalar|
|bucket_pointer_18_reload        |   in|   32|     ap_none|                                      bucket_pointer_18_reload|        scalar|
|bucket_pointer_17_reload        |   in|   32|     ap_none|                                      bucket_pointer_17_reload|        scalar|
|bucket_pointer_16_reload        |   in|   32|     ap_none|                                      bucket_pointer_16_reload|        scalar|
|mul_ln93                        |   in|   20|     ap_none|                                                      mul_ln93|        scalar|
|bucket_address0                 |  out|   20|   ap_memory|                                                        bucket|         array|
|bucket_ce0                      |  out|    1|   ap_memory|                                                        bucket|         array|
|bucket_we0                      |  out|    1|   ap_memory|                                                        bucket|         array|
|bucket_d0                       |  out|   32|   ap_memory|                                                        bucket|         array|
|bucket_address1                 |  out|   20|   ap_memory|                                                        bucket|         array|
|bucket_ce1                      |  out|    1|   ap_memory|                                                        bucket|         array|
|bucket_q1                       |   in|   32|   ap_memory|                                                        bucket|         array|
|mul_cast                        |   in|    5|     ap_none|                                                      mul_cast|        scalar|
|mul_ln95                        |   in|   20|     ap_none|                                                      mul_ln95|        scalar|
|bucket_sizes_128_out_i          |   in|   32|     ap_ovld|                                          bucket_sizes_128_out|       pointer|
|bucket_sizes_128_out_o          |  out|   32|     ap_ovld|                                          bucket_sizes_128_out|       pointer|
|bucket_sizes_128_out_o_ap_vld   |  out|    1|     ap_ovld|                                          bucket_sizes_128_out|       pointer|
|bucket_sizes_127_out_i          |   in|   32|     ap_ovld|                                          bucket_sizes_127_out|       pointer|
|bucket_sizes_127_out_o          |  out|   32|     ap_ovld|                                          bucket_sizes_127_out|       pointer|
|bucket_sizes_127_out_o_ap_vld   |  out|    1|     ap_ovld|                                          bucket_sizes_127_out|       pointer|
|bucket_sizes_126_out_i          |   in|   32|     ap_ovld|                                          bucket_sizes_126_out|       pointer|
|bucket_sizes_126_out_o          |  out|   32|     ap_ovld|                                          bucket_sizes_126_out|       pointer|
|bucket_sizes_126_out_o_ap_vld   |  out|    1|     ap_ovld|                                          bucket_sizes_126_out|       pointer|
|bucket_sizes_125_out_i          |   in|   32|     ap_ovld|                                          bucket_sizes_125_out|       pointer|
|bucket_sizes_125_out_o          |  out|   32|     ap_ovld|                                          bucket_sizes_125_out|       pointer|
|bucket_sizes_125_out_o_ap_vld   |  out|    1|     ap_ovld|                                          bucket_sizes_125_out|       pointer|
|bucket_sizes_124_out_i          |   in|   32|     ap_ovld|                                          bucket_sizes_124_out|       pointer|
|bucket_sizes_124_out_o          |  out|   32|     ap_ovld|                                          bucket_sizes_124_out|       pointer|
|bucket_sizes_124_out_o_ap_vld   |  out|    1|     ap_ovld|                                          bucket_sizes_124_out|       pointer|
|bucket_sizes_123_out_i          |   in|   32|     ap_ovld|                                          bucket_sizes_123_out|       pointer|
|bucket_sizes_123_out_o          |  out|   32|     ap_ovld|                                          bucket_sizes_123_out|       pointer|
|bucket_sizes_123_out_o_ap_vld   |  out|    1|     ap_ovld|                                          bucket_sizes_123_out|       pointer|
|bucket_sizes_122_out_i          |   in|   32|     ap_ovld|                                          bucket_sizes_122_out|       pointer|
|bucket_sizes_122_out_o          |  out|   32|     ap_ovld|                                          bucket_sizes_122_out|       pointer|
|bucket_sizes_122_out_o_ap_vld   |  out|    1|     ap_ovld|                                          bucket_sizes_122_out|       pointer|
|bucket_sizes_121_out_i          |   in|   32|     ap_ovld|                                          bucket_sizes_121_out|       pointer|
|bucket_sizes_121_out_o          |  out|   32|     ap_ovld|                                          bucket_sizes_121_out|       pointer|
|bucket_sizes_121_out_o_ap_vld   |  out|    1|     ap_ovld|                                          bucket_sizes_121_out|       pointer|
|bucket_sizes_120_out_i          |   in|   32|     ap_ovld|                                          bucket_sizes_120_out|       pointer|
|bucket_sizes_120_out_o          |  out|   32|     ap_ovld|                                          bucket_sizes_120_out|       pointer|
|bucket_sizes_120_out_o_ap_vld   |  out|    1|     ap_ovld|                                          bucket_sizes_120_out|       pointer|
|bucket_sizes_119_out_i          |   in|   32|     ap_ovld|                                          bucket_sizes_119_out|       pointer|
|bucket_sizes_119_out_o          |  out|   32|     ap_ovld|                                          bucket_sizes_119_out|       pointer|
|bucket_sizes_119_out_o_ap_vld   |  out|    1|     ap_ovld|                                          bucket_sizes_119_out|       pointer|
|bucket_sizes_118_out_i          |   in|   32|     ap_ovld|                                          bucket_sizes_118_out|       pointer|
|bucket_sizes_118_out_o          |  out|   32|     ap_ovld|                                          bucket_sizes_118_out|       pointer|
|bucket_sizes_118_out_o_ap_vld   |  out|    1|     ap_ovld|                                          bucket_sizes_118_out|       pointer|
|bucket_sizes_117_out_i          |   in|   32|     ap_ovld|                                          bucket_sizes_117_out|       pointer|
|bucket_sizes_117_out_o          |  out|   32|     ap_ovld|                                          bucket_sizes_117_out|       pointer|
|bucket_sizes_117_out_o_ap_vld   |  out|    1|     ap_ovld|                                          bucket_sizes_117_out|       pointer|
|bucket_sizes_116_out_i          |   in|   32|     ap_ovld|                                          bucket_sizes_116_out|       pointer|
|bucket_sizes_116_out_o          |  out|   32|     ap_ovld|                                          bucket_sizes_116_out|       pointer|
|bucket_sizes_116_out_o_ap_vld   |  out|    1|     ap_ovld|                                          bucket_sizes_116_out|       pointer|
|bucket_sizes_115_out_i          |   in|   32|     ap_ovld|                                          bucket_sizes_115_out|       pointer|
|bucket_sizes_115_out_o          |  out|   32|     ap_ovld|                                          bucket_sizes_115_out|       pointer|
|bucket_sizes_115_out_o_ap_vld   |  out|    1|     ap_ovld|                                          bucket_sizes_115_out|       pointer|
|bucket_sizes_114_out_i          |   in|   32|     ap_ovld|                                          bucket_sizes_114_out|       pointer|
|bucket_sizes_114_out_o          |  out|   32|     ap_ovld|                                          bucket_sizes_114_out|       pointer|
|bucket_sizes_114_out_o_ap_vld   |  out|    1|     ap_ovld|                                          bucket_sizes_114_out|       pointer|
|bucket_sizes_113_out_i          |   in|   32|     ap_ovld|                                          bucket_sizes_113_out|       pointer|
|bucket_sizes_113_out_o          |  out|   32|     ap_ovld|                                          bucket_sizes_113_out|       pointer|
|bucket_sizes_113_out_o_ap_vld   |  out|    1|     ap_ovld|                                          bucket_sizes_113_out|       pointer|
|bucket_pointer_48_out_i         |   in|   32|     ap_ovld|                                         bucket_pointer_48_out|       pointer|
|bucket_pointer_48_out_o         |  out|   32|     ap_ovld|                                         bucket_pointer_48_out|       pointer|
|bucket_pointer_48_out_o_ap_vld  |  out|    1|     ap_ovld|                                         bucket_pointer_48_out|       pointer|
|bucket_pointer_47_out_i         |   in|   32|     ap_ovld|                                         bucket_pointer_47_out|       pointer|
|bucket_pointer_47_out_o         |  out|   32|     ap_ovld|                                         bucket_pointer_47_out|       pointer|
|bucket_pointer_47_out_o_ap_vld  |  out|    1|     ap_ovld|                                         bucket_pointer_47_out|       pointer|
|bucket_pointer_46_out_i         |   in|   32|     ap_ovld|                                         bucket_pointer_46_out|       pointer|
|bucket_pointer_46_out_o         |  out|   32|     ap_ovld|                                         bucket_pointer_46_out|       pointer|
|bucket_pointer_46_out_o_ap_vld  |  out|    1|     ap_ovld|                                         bucket_pointer_46_out|       pointer|
|bucket_pointer_45_out_i         |   in|   32|     ap_ovld|                                         bucket_pointer_45_out|       pointer|
|bucket_pointer_45_out_o         |  out|   32|     ap_ovld|                                         bucket_pointer_45_out|       pointer|
|bucket_pointer_45_out_o_ap_vld  |  out|    1|     ap_ovld|                                         bucket_pointer_45_out|       pointer|
|bucket_pointer_44_out_i         |   in|   32|     ap_ovld|                                         bucket_pointer_44_out|       pointer|
|bucket_pointer_44_out_o         |  out|   32|     ap_ovld|                                         bucket_pointer_44_out|       pointer|
|bucket_pointer_44_out_o_ap_vld  |  out|    1|     ap_ovld|                                         bucket_pointer_44_out|       pointer|
|bucket_pointer_43_out_i         |   in|   32|     ap_ovld|                                         bucket_pointer_43_out|       pointer|
|bucket_pointer_43_out_o         |  out|   32|     ap_ovld|                                         bucket_pointer_43_out|       pointer|
|bucket_pointer_43_out_o_ap_vld  |  out|    1|     ap_ovld|                                         bucket_pointer_43_out|       pointer|
|bucket_pointer_42_out_i         |   in|   32|     ap_ovld|                                         bucket_pointer_42_out|       pointer|
|bucket_pointer_42_out_o         |  out|   32|     ap_ovld|                                         bucket_pointer_42_out|       pointer|
|bucket_pointer_42_out_o_ap_vld  |  out|    1|     ap_ovld|                                         bucket_pointer_42_out|       pointer|
|bucket_pointer_41_out_i         |   in|   32|     ap_ovld|                                         bucket_pointer_41_out|       pointer|
|bucket_pointer_41_out_o         |  out|   32|     ap_ovld|                                         bucket_pointer_41_out|       pointer|
|bucket_pointer_41_out_o_ap_vld  |  out|    1|     ap_ovld|                                         bucket_pointer_41_out|       pointer|
|bucket_pointer_40_out_i         |   in|   32|     ap_ovld|                                         bucket_pointer_40_out|       pointer|
|bucket_pointer_40_out_o         |  out|   32|     ap_ovld|                                         bucket_pointer_40_out|       pointer|
|bucket_pointer_40_out_o_ap_vld  |  out|    1|     ap_ovld|                                         bucket_pointer_40_out|       pointer|
|bucket_pointer_39_out_i         |   in|   32|     ap_ovld|                                         bucket_pointer_39_out|       pointer|
|bucket_pointer_39_out_o         |  out|   32|     ap_ovld|                                         bucket_pointer_39_out|       pointer|
|bucket_pointer_39_out_o_ap_vld  |  out|    1|     ap_ovld|                                         bucket_pointer_39_out|       pointer|
|bucket_pointer_38_out_i         |   in|   32|     ap_ovld|                                         bucket_pointer_38_out|       pointer|
|bucket_pointer_38_out_o         |  out|   32|     ap_ovld|                                         bucket_pointer_38_out|       pointer|
|bucket_pointer_38_out_o_ap_vld  |  out|    1|     ap_ovld|                                         bucket_pointer_38_out|       pointer|
|bucket_pointer_37_out_i         |   in|   32|     ap_ovld|                                         bucket_pointer_37_out|       pointer|
|bucket_pointer_37_out_o         |  out|   32|     ap_ovld|                                         bucket_pointer_37_out|       pointer|
|bucket_pointer_37_out_o_ap_vld  |  out|    1|     ap_ovld|                                         bucket_pointer_37_out|       pointer|
|bucket_pointer_36_out_i         |   in|   32|     ap_ovld|                                         bucket_pointer_36_out|       pointer|
|bucket_pointer_36_out_o         |  out|   32|     ap_ovld|                                         bucket_pointer_36_out|       pointer|
|bucket_pointer_36_out_o_ap_vld  |  out|    1|     ap_ovld|                                         bucket_pointer_36_out|       pointer|
|bucket_pointer_35_out_i         |   in|   32|     ap_ovld|                                         bucket_pointer_35_out|       pointer|
|bucket_pointer_35_out_o         |  out|   32|     ap_ovld|                                         bucket_pointer_35_out|       pointer|
|bucket_pointer_35_out_o_ap_vld  |  out|    1|     ap_ovld|                                         bucket_pointer_35_out|       pointer|
|bucket_pointer_34_out_i         |   in|   32|     ap_ovld|                                         bucket_pointer_34_out|       pointer|
|bucket_pointer_34_out_o         |  out|   32|     ap_ovld|                                         bucket_pointer_34_out|       pointer|
|bucket_pointer_34_out_o_ap_vld  |  out|    1|     ap_ovld|                                         bucket_pointer_34_out|       pointer|
|bucket_pointer_33_out_i         |   in|   32|     ap_ovld|                                         bucket_pointer_33_out|       pointer|
|bucket_pointer_33_out_o         |  out|   32|     ap_ovld|                                         bucket_pointer_33_out|       pointer|
|bucket_pointer_33_out_o_ap_vld  |  out|    1|     ap_ovld|                                         bucket_pointer_33_out|       pointer|
+--------------------------------+-----+-----+------------+--------------------------------------------------------------+--------------+

