

================================================================
== Vitis HLS Report for 'radix_sort_batch_46_1_Pipeline_bucket_pointer_initialization'
================================================================
* Date:           Sun Apr 23 22:21:16 2023

* Version:        2022.2 (Build 3670227 on Oct 13 2022)
* Project:        sort_seperate_bucket
* Solution:       solution1 (Vivado IP Flow Target)
* Product family: virtexuplus
* Target device:  xcu280-fsvh2892-2L-e


================================================================
== Performance Estimates
================================================================
+ Timing: 
    * Summary: 
    +--------+----------+----------+------------+
    |  Clock |  Target  | Estimated| Uncertainty|
    +--------+----------+----------+------------+
    |ap_clk  |  10.00 ns|  1.760 ns|     2.70 ns|
    +--------+----------+----------+------------+

+ Latency: 
    * Summary: 
    +---------+---------+----------+----------+-----+-----+---------+
    |  Latency (cycles) |  Latency (absolute) |  Interval | Pipeline|
    |   min   |   max   |    min   |    max   | min | max |   Type  |
    +---------+---------+----------+----------+-----+-----+---------+
    |       18|       18|  0.180 us|  0.180 us|   18|   18|       no|
    +---------+---------+----------+----------+-----+-----+---------+

    + Detail: 
        * Instance: 
        N/A

        * Loop: 
        +---------------------------------+---------+---------+----------+-----------+-----------+------+----------+
        |                                 |  Latency (cycles) | Iteration|  Initiation Interval  | Trip |          |
        |            Loop Name            |   min   |   max   |  Latency |  achieved |   target  | Count| Pipelined|
        +---------------------------------+---------+---------+----------+-----------+-----------+------+----------+
        |- bucket_pointer_initialization  |       16|       16|         1|          1|          1|    16|       yes|
        +---------------------------------+---------+---------+----------+-----------+-----------+------+----------+



================================================================
== Utilization Estimates
================================================================
* Summary: 
+---------------------+---------+------+---------+---------+-----+
|         Name        | BRAM_18K|  DSP |    FF   |   LUT   | URAM|
+---------------------+---------+------+---------+---------+-----+
|DSP                  |        -|     -|        -|        -|    -|
|Expression           |        -|     -|        0|       95|    -|
|FIFO                 |        -|     -|        -|        -|    -|
|Instance             |        -|     -|        0|       65|    -|
|Memory               |        -|     -|        -|        -|    -|
|Multiplexer          |        -|     -|        -|      324|    -|
|Register             |        -|     -|     1064|        -|    -|
+---------------------+---------+------+---------+---------+-----+
|Total                |        0|     0|     1064|      484|    0|
+---------------------+---------+------+---------+---------+-----+
|Available SLR        |     1344|  3008|   869120|   434560|  320|
+---------------------+---------+------+---------+---------+-----+
|Utilization SLR (%)  |        0|     0|       ~0|       ~0|    0|
+---------------------+---------+------+---------+---------+-----+
|Available            |     4032|  9024|  2607360|  1303680|  960|
+---------------------+---------+------+---------+---------+-----+
|Utilization (%)      |        0|     0|       ~0|       ~0|    0|
+---------------------+---------+------+---------+---------+-----+

+ Detail: 
    * Instance: 
    +----------------------+----------------+---------+----+---+----+-----+
    |       Instance       |     Module     | BRAM_18K| DSP| FF| LUT| URAM|
    +----------------------+----------------+---------+----+---+----+-----+
    |mux_164_32_1_1_U8739  |mux_164_32_1_1  |        0|   0|  0|  65|    0|
    +----------------------+----------------+---------+----+---+----+-----+
    |Total                 |                |        0|   0|  0|  65|    0|
    +----------------------+----------------+---------+----+---+----+-----+

    * DSP: 
    N/A

    * Memory: 
    N/A

    * FIFO: 
    N/A

    * Expression: 
    +--------------------------------+----------+----+---+----+------------+------------+
    |          Variable Name         | Operation| DSP| FF| LUT| Bitwidth P0| Bitwidth P1|
    +--------------------------------+----------+----+---+----+------------+------------+
    |add_ln33_fu_922_p2              |         +|   0|  0|  12|           5|           1|
    |next_bucket_pointer_fu_1018_p2  |         +|   0|  0|  39|          32|          32|
    |ap_condition_505                |       and|   0|  0|   2|           1|           1|
    |ap_condition_508                |       and|   0|  0|   2|           1|           1|
    |ap_condition_511                |       and|   0|  0|   2|           1|           1|
    |ap_condition_514                |       and|   0|  0|   2|           1|           1|
    |ap_condition_517                |       and|   0|  0|   2|           1|           1|
    |ap_condition_520                |       and|   0|  0|   2|           1|           1|
    |ap_condition_523                |       and|   0|  0|   2|           1|           1|
    |ap_condition_526                |       and|   0|  0|   2|           1|           1|
    |ap_condition_529                |       and|   0|  0|   2|           1|           1|
    |ap_condition_532                |       and|   0|  0|   2|           1|           1|
    |ap_condition_535                |       and|   0|  0|   2|           1|           1|
    |ap_condition_538                |       and|   0|  0|   2|           1|           1|
    |ap_condition_541                |       and|   0|  0|   2|           1|           1|
    |ap_condition_544                |       and|   0|  0|   2|           1|           1|
    |ap_condition_547                |       and|   0|  0|   2|           1|           1|
    |ap_condition_550                |       and|   0|  0|   2|           1|           1|
    |icmp_ln33_fu_916_p2             |      icmp|   0|  0|  10|           5|           6|
    |ap_enable_pp0                   |       xor|   0|  0|   2|           1|           2|
    +--------------------------------+----------+----+---+----+------------+------------+
    |Total                           |          |   0|  0|  95|          59|          57|
    +--------------------------------+----------+----+---+----+------------+------------+

    * Multiplexer: 
    +---------------------------+----+-----------+-----+-----------+
    |            Name           | LUT| Input Size| Bits| Total Bits|
    +---------------------------+----+-----------+-----+-----------+
    |ap_done_int                |   9|          2|    1|          2|
    |ap_enable_reg_pp0_iter1    |   9|          2|    1|          2|
    |bucket_pointer_749_fu_192  |   9|          2|   32|         64|
    |bucket_pointer_750_fu_196  |   9|          2|   32|         64|
    |bucket_pointer_751_fu_200  |   9|          2|   32|         64|
    |bucket_pointer_752_fu_204  |   9|          2|   32|         64|
    |bucket_pointer_753_fu_208  |   9|          2|   32|         64|
    |bucket_pointer_754_fu_212  |   9|          2|   32|         64|
    |bucket_pointer_755_fu_216  |   9|          2|   32|         64|
    |bucket_pointer_756_fu_220  |   9|          2|   32|         64|
    |bucket_pointer_757_fu_224  |   9|          2|   32|         64|
    |bucket_pointer_758_fu_228  |   9|          2|   32|         64|
    |bucket_pointer_759_fu_232  |   9|          2|   32|         64|
    |bucket_pointer_760_fu_236  |   9|          2|   32|         64|
    |bucket_pointer_761_fu_240  |   9|          2|   32|         64|
    |bucket_pointer_762_fu_244  |   9|          2|   32|         64|
    |bucket_pointer_763_fu_248  |   9|          2|   32|         64|
    |bucket_pointer_764_fu_252  |   9|          2|   32|         64|
    |bucket_pointer_765_fu_256  |   9|          2|   32|         64|
    |bucket_sizes_976_fu_264    |   9|          2|   32|         64|
    |bucket_sizes_977_fu_268    |   9|          2|   32|         64|
    |bucket_sizes_978_fu_272    |   9|          2|   32|         64|
    |bucket_sizes_979_fu_276    |   9|          2|   32|         64|
    |bucket_sizes_980_fu_280    |   9|          2|   32|         64|
    |bucket_sizes_981_fu_284    |   9|          2|   32|         64|
    |bucket_sizes_982_fu_288    |   9|          2|   32|         64|
    |bucket_sizes_983_fu_292    |   9|          2|   32|         64|
    |bucket_sizes_984_fu_296    |   9|          2|   32|         64|
    |bucket_sizes_985_fu_300    |   9|          2|   32|         64|
    |bucket_sizes_986_fu_304    |   9|          2|   32|         64|
    |bucket_sizes_987_fu_308    |   9|          2|   32|         64|
    |bucket_sizes_988_fu_312    |   9|          2|   32|         64|
    |bucket_sizes_989_fu_316    |   9|          2|   32|         64|
    |bucket_sizes_990_fu_320    |   9|          2|   32|         64|
    |bucket_sizes_fu_260        |   9|          2|   32|         64|
    |m_fu_188                   |   9|          2|    5|         10|
    +---------------------------+----+-----------+-----+-----------+
    |Total                      | 324|         72| 1063|       2126|
    +---------------------------+----+-----------+-----+-----------+

    * Register: 
    +---------------------------+----+----+-----+-----------+
    |            Name           | FF | LUT| Bits| Const Bits|
    +---------------------------+----+----+-----+-----------+
    |ap_CS_fsm                  |   1|   0|    1|          0|
    |ap_done_reg                |   1|   0|    1|          0|
    |ap_enable_reg_pp0_iter1    |   1|   0|    1|          0|
    |bucket_pointer_749_fu_192  |  32|   0|   32|          0|
    |bucket_pointer_750_fu_196  |  32|   0|   32|          0|
    |bucket_pointer_751_fu_200  |  32|   0|   32|          0|
    |bucket_pointer_752_fu_204  |  32|   0|   32|          0|
    |bucket_pointer_753_fu_208  |  32|   0|   32|          0|
    |bucket_pointer_754_fu_212  |  32|   0|   32|          0|
    |bucket_pointer_755_fu_216  |  32|   0|   32|          0|
    |bucket_pointer_756_fu_220  |  32|   0|   32|          0|
    |bucket_pointer_757_fu_224  |  32|   0|   32|          0|
    |bucket_pointer_758_fu_228  |  32|   0|   32|          0|
    |bucket_pointer_759_fu_232  |  32|   0|   32|          0|
    |bucket_pointer_760_fu_236  |  32|   0|   32|          0|
    |bucket_pointer_761_fu_240  |  32|   0|   32|          0|
    |bucket_pointer_762_fu_244  |  32|   0|   32|          0|
    |bucket_pointer_763_fu_248  |  32|   0|   32|          0|
    |bucket_pointer_764_fu_252  |  32|   0|   32|          0|
    |bucket_pointer_765_fu_256  |  32|   0|   32|          0|
    |bucket_sizes_976_fu_264    |  32|   0|   32|          0|
    |bucket_sizes_977_fu_268    |  32|   0|   32|          0|
    |bucket_sizes_978_fu_272    |  32|   0|   32|          0|
    |bucket_sizes_979_fu_276    |  32|   0|   32|          0|
    |bucket_sizes_980_fu_280    |  32|   0|   32|          0|
    |bucket_sizes_981_fu_284    |  32|   0|   32|          0|
    |bucket_sizes_982_fu_288    |  32|   0|   32|          0|
    |bucket_sizes_983_fu_292    |  32|   0|   32|          0|
    |bucket_sizes_984_fu_296    |  32|   0|   32|          0|
    |bucket_sizes_985_fu_300    |  32|   0|   32|          0|
    |bucket_sizes_986_fu_304    |  32|   0|   32|          0|
    |bucket_sizes_987_fu_308    |  32|   0|   32|          0|
    |bucket_sizes_988_fu_312    |  32|   0|   32|          0|
    |bucket_sizes_989_fu_316    |  32|   0|   32|          0|
    |bucket_sizes_990_fu_320    |  32|   0|   32|          0|
    |bucket_sizes_fu_260        |  32|   0|   32|          0|
    |m_fu_188                   |   5|   0|    5|          0|
    +---------------------------+----+----+-----+-----------+
    |Total                      |1064|   0| 1064|          0|
    +---------------------------+----+----+-----+-----------+



================================================================
== Interface
================================================================
* Summary: 
+--------------------------------+-----+-----+------------+--------------------------------------------------------------+--------------+
|            RTL Ports           | Dir | Bits|  Protocol  |                         Source Object                        |    C Type    |
+--------------------------------+-----+-----+------------+--------------------------------------------------------------+--------------+
|ap_clk                          |   in|    1|  ap_ctrl_hs|  radix_sort_batch.46.1_Pipeline_bucket_pointer_initialization|  return value|
|ap_rst                          |   in|    1|  ap_ctrl_hs|  radix_sort_batch.46.1_Pipeline_bucket_pointer_initialization|  return value|
|ap_start                        |   in|    1|  ap_ctrl_hs|  radix_sort_batch.46.1_Pipeline_bucket_pointer_initialization|  return value|
|ap_done                         |  out|    1|  ap_ctrl_hs|  radix_sort_batch.46.1_Pipeline_bucket_pointer_initialization|  return value|
|ap_idle                         |  out|    1|  ap_ctrl_hs|  radix_sort_batch.46.1_Pipeline_bucket_pointer_initialization|  return value|
|ap_ready                        |  out|    1|  ap_ctrl_hs|  radix_sort_batch.46.1_Pipeline_bucket_pointer_initialization|  return value|
|bucket_sizes_3270               |   in|   32|     ap_none|                                             bucket_sizes_3270|        scalar|
|bucket_sizes_3269               |   in|   32|     ap_none|                                             bucket_sizes_3269|        scalar|
|bucket_sizes_3268               |   in|   32|     ap_none|                                             bucket_sizes_3268|        scalar|
|bucket_sizes_3267               |   in|   32|     ap_none|                                             bucket_sizes_3267|        scalar|
|bucket_sizes_3266               |   in|   32|     ap_none|                                             bucket_sizes_3266|        scalar|
|bucket_sizes_3265               |   in|   32|     ap_none|                                             bucket_sizes_3265|        scalar|
|bucket_sizes_3264               |   in|   32|     ap_none|                                             bucket_sizes_3264|        scalar|
|bucket_sizes_3263               |   in|   32|     ap_none|                                             bucket_sizes_3263|        scalar|
|bucket_sizes_3262               |   in|   32|     ap_none|                                             bucket_sizes_3262|        scalar|
|bucket_sizes_3261               |   in|   32|     ap_none|                                             bucket_sizes_3261|        scalar|
|bucket_sizes_3260               |   in|   32|     ap_none|                                             bucket_sizes_3260|        scalar|
|bucket_sizes_3259               |   in|   32|     ap_none|                                             bucket_sizes_3259|        scalar|
|bucket_sizes_3258               |   in|   32|     ap_none|                                             bucket_sizes_3258|        scalar|
|bucket_sizes_3257               |   in|   32|     ap_none|                                             bucket_sizes_3257|        scalar|
|bucket_sizes_3256               |   in|   32|     ap_none|                                             bucket_sizes_3256|        scalar|
|bucket_sizes_3255               |   in|   32|     ap_none|                                             bucket_sizes_3255|        scalar|
|bucket_pointer_1445             |   in|   32|     ap_none|                                           bucket_pointer_1445|        scalar|
|bucket_pointer_1444             |   in|   32|     ap_none|                                           bucket_pointer_1444|        scalar|
|bucket_pointer_1443             |   in|   32|     ap_none|                                           bucket_pointer_1443|        scalar|
|bucket_pointer_1442             |   in|   32|     ap_none|                                           bucket_pointer_1442|        scalar|
|bucket_pointer_1441             |   in|   32|     ap_none|                                           bucket_pointer_1441|        scalar|
|bucket_pointer_1440             |   in|   32|     ap_none|                                           bucket_pointer_1440|        scalar|
|bucket_pointer_1439             |   in|   32|     ap_none|                                           bucket_pointer_1439|        scalar|
|bucket_pointer_1438             |   in|   32|     ap_none|                                           bucket_pointer_1438|        scalar|
|bucket_pointer_1437             |   in|   32|     ap_none|                                           bucket_pointer_1437|        scalar|
|bucket_pointer_1436             |   in|   32|     ap_none|                                           bucket_pointer_1436|        scalar|
|bucket_pointer_1435             |   in|   32|     ap_none|                                           bucket_pointer_1435|        scalar|
|bucket_pointer_1434             |   in|   32|     ap_none|                                           bucket_pointer_1434|        scalar|
|bucket_pointer_1433             |   in|   32|     ap_none|                                           bucket_pointer_1433|        scalar|
|bucket_pointer_1432             |   in|   32|     ap_none|                                           bucket_pointer_1432|        scalar|
|bucket_pointer_1431             |   in|   32|     ap_none|                                           bucket_pointer_1431|        scalar|
|bucket_pointer                  |   in|   32|     ap_none|                                                bucket_pointer|        scalar|
|bucket_sizes_3286_out           |  out|   32|      ap_vld|                                         bucket_sizes_3286_out|       pointer|
|bucket_sizes_3286_out_ap_vld    |  out|    1|      ap_vld|                                         bucket_sizes_3286_out|       pointer|
|bucket_sizes_3285_out           |  out|   32|      ap_vld|                                         bucket_sizes_3285_out|       pointer|
|bucket_sizes_3285_out_ap_vld    |  out|    1|      ap_vld|                                         bucket_sizes_3285_out|       pointer|
|bucket_sizes_3284_out           |  out|   32|      ap_vld|                                         bucket_sizes_3284_out|       pointer|
|bucket_sizes_3284_out_ap_vld    |  out|    1|      ap_vld|                                         bucket_sizes_3284_out|       pointer|
|bucket_sizes_3283_out           |  out|   32|      ap_vld|                                         bucket_sizes_3283_out|       pointer|
|bucket_sizes_3283_out_ap_vld    |  out|    1|      ap_vld|                                         bucket_sizes_3283_out|       pointer|
|bucket_sizes_3282_out           |  out|   32|      ap_vld|                                         bucket_sizes_3282_out|       pointer|
|bucket_sizes_3282_out_ap_vld    |  out|    1|      ap_vld|                                         bucket_sizes_3282_out|       pointer|
|bucket_sizes_3281_out           |  out|   32|      ap_vld|                                         bucket_sizes_3281_out|       pointer|
|bucket_sizes_3281_out_ap_vld    |  out|    1|      ap_vld|                                         bucket_sizes_3281_out|       pointer|
|bucket_sizes_3280_out           |  out|   32|      ap_vld|                                         bucket_sizes_3280_out|       pointer|
|bucket_sizes_3280_out_ap_vld    |  out|    1|      ap_vld|                                         bucket_sizes_3280_out|       pointer|
|bucket_sizes_3279_out           |  out|   32|      ap_vld|                                         bucket_sizes_3279_out|       pointer|
|bucket_sizes_3279_out_ap_vld    |  out|    1|      ap_vld|                                         bucket_sizes_3279_out|       pointer|
|bucket_sizes_3278_out           |  out|   32|      ap_vld|                                         bucket_sizes_3278_out|       pointer|
|bucket_sizes_3278_out_ap_vld    |  out|    1|      ap_vld|                                         bucket_sizes_3278_out|       pointer|
|bucket_sizes_3277_out           |  out|   32|      ap_vld|                                         bucket_sizes_3277_out|       pointer|
|bucket_sizes_3277_out_ap_vld    |  out|    1|      ap_vld|                                         bucket_sizes_3277_out|       pointer|
|bucket_sizes_3276_out           |  out|   32|      ap_vld|                                         bucket_sizes_3276_out|       pointer|
|bucket_sizes_3276_out_ap_vld    |  out|    1|      ap_vld|                                         bucket_sizes_3276_out|       pointer|
|bucket_sizes_3275_out           |  out|   32|      ap_vld|                                         bucket_sizes_3275_out|       pointer|
|bucket_sizes_3275_out_ap_vld    |  out|    1|      ap_vld|                                         bucket_sizes_3275_out|       pointer|
|bucket_sizes_3274_out           |  out|   32|      ap_vld|                                         bucket_sizes_3274_out|       pointer|
|bucket_sizes_3274_out_ap_vld    |  out|    1|      ap_vld|                                         bucket_sizes_3274_out|       pointer|
|bucket_sizes_3273_out           |  out|   32|      ap_vld|                                         bucket_sizes_3273_out|       pointer|
|bucket_sizes_3273_out_ap_vld    |  out|    1|      ap_vld|                                         bucket_sizes_3273_out|       pointer|
|bucket_sizes_3272_out           |  out|   32|      ap_vld|                                         bucket_sizes_3272_out|       pointer|
|bucket_sizes_3272_out_ap_vld    |  out|    1|      ap_vld|                                         bucket_sizes_3272_out|       pointer|
|bucket_sizes_3271_out           |  out|   32|      ap_vld|                                         bucket_sizes_3271_out|       pointer|
|bucket_sizes_3271_out_ap_vld    |  out|    1|      ap_vld|                                         bucket_sizes_3271_out|       pointer|
|bucket_pointer_1461_out         |  out|   32|      ap_vld|                                       bucket_pointer_1461_out|       pointer|
|bucket_pointer_1461_out_ap_vld  |  out|    1|      ap_vld|                                       bucket_pointer_1461_out|       pointer|
|bucket_pointer_1460_out         |  out|   32|      ap_vld|                                       bucket_pointer_1460_out|       pointer|
|bucket_pointer_1460_out_ap_vld  |  out|    1|      ap_vld|                                       bucket_pointer_1460_out|       pointer|
|bucket_pointer_1459_out         |  out|   32|      ap_vld|                                       bucket_pointer_1459_out|       pointer|
|bucket_pointer_1459_out_ap_vld  |  out|    1|      ap_vld|                                       bucket_pointer_1459_out|       pointer|
|bucket_pointer_1458_out         |  out|   32|      ap_vld|                                       bucket_pointer_1458_out|       pointer|
|bucket_pointer_1458_out_ap_vld  |  out|    1|      ap_vld|                                       bucket_pointer_1458_out|       pointer|
|bucket_pointer_1457_out         |  out|   32|      ap_vld|                                       bucket_pointer_1457_out|       pointer|
|bucket_pointer_1457_out_ap_vld  |  out|    1|      ap_vld|                                       bucket_pointer_1457_out|       pointer|
|bucket_pointer_1456_out         |  out|   32|      ap_vld|                                       bucket_pointer_1456_out|       pointer|
|bucket_pointer_1456_out_ap_vld  |  out|    1|      ap_vld|                                       bucket_pointer_1456_out|       pointer|
|bucket_pointer_1455_out         |  out|   32|      ap_vld|                                       bucket_pointer_1455_out|       pointer|
|bucket_pointer_1455_out_ap_vld  |  out|    1|      ap_vld|                                       bucket_pointer_1455_out|       pointer|
|bucket_pointer_1454_out         |  out|   32|      ap_vld|                                       bucket_pointer_1454_out|       pointer|
|bucket_pointer_1454_out_ap_vld  |  out|    1|      ap_vld|                                       bucket_pointer_1454_out|       pointer|
|bucket_pointer_1453_out         |  out|   32|      ap_vld|                                       bucket_pointer_1453_out|       pointer|
|bucket_pointer_1453_out_ap_vld  |  out|    1|      ap_vld|                                       bucket_pointer_1453_out|       pointer|
|bucket_pointer_1452_out         |  out|   32|      ap_vld|                                       bucket_pointer_1452_out|       pointer|
|bucket_pointer_1452_out_ap_vld  |  out|    1|      ap_vld|                                       bucket_pointer_1452_out|       pointer|
|bucket_pointer_1451_out         |  out|   32|      ap_vld|                                       bucket_pointer_1451_out|       pointer|
|bucket_pointer_1451_out_ap_vld  |  out|    1|      ap_vld|                                       bucket_pointer_1451_out|       pointer|
|bucket_pointer_1450_out         |  out|   32|      ap_vld|                                       bucket_pointer_1450_out|       pointer|
|bucket_pointer_1450_out_ap_vld  |  out|    1|      ap_vld|                                       bucket_pointer_1450_out|       pointer|
|bucket_pointer_1449_out         |  out|   32|      ap_vld|                                       bucket_pointer_1449_out|       pointer|
|bucket_pointer_1449_out_ap_vld  |  out|    1|      ap_vld|                                       bucket_pointer_1449_out|       pointer|
|bucket_pointer_1448_out         |  out|   32|      ap_vld|                                       bucket_pointer_1448_out|       pointer|
|bucket_pointer_1448_out_ap_vld  |  out|    1|      ap_vld|                                       bucket_pointer_1448_out|       pointer|
|bucket_pointer_1447_out         |  out|   32|      ap_vld|                                       bucket_pointer_1447_out|       pointer|
|bucket_pointer_1447_out_ap_vld  |  out|    1|      ap_vld|                                       bucket_pointer_1447_out|       pointer|
|bucket_pointer_1446_out         |  out|   32|      ap_vld|                                       bucket_pointer_1446_out|       pointer|
|bucket_pointer_1446_out_ap_vld  |  out|    1|      ap_vld|                                       bucket_pointer_1446_out|       pointer|
+--------------------------------+-----+-----+------------+--------------------------------------------------------------+--------------+

