

================================================================
== Vitis HLS Report for 'radix_sort_batch_32_1_Pipeline_bucket_pointer_initialization'
================================================================
* Date:           Sun Apr 23 22:19:46 2023

* Version:        2022.2 (Build 3670227 on Oct 13 2022)
* Project:        sort_seperate_bucket
* Solution:       solution1 (Vivado IP Flow Target)
* Product family: virtexuplus
* Target device:  xcu280-fsvh2892-2L-e


================================================================
== Performance Estimates
================================================================
+ Timing: 
    * Summary: 
    +--------+----------+----------+------------+
    |  Clock |  Target  | Estimated| Uncertainty|
    +--------+----------+----------+------------+
    |ap_clk  |  10.00 ns|  1.760 ns|     2.70 ns|
    +--------+----------+----------+------------+

+ Latency: 
    * Summary: 
    +---------+---------+----------+----------+-----+-----+---------+
    |  Latency (cycles) |  Latency (absolute) |  Interval | Pipeline|
    |   min   |   max   |    min   |    max   | min | max |   Type  |
    +---------+---------+----------+----------+-----+-----+---------+
    |       18|       18|  0.180 us|  0.180 us|   18|   18|       no|
    +---------+---------+----------+----------+-----+-----+---------+

    + Detail: 
        * Instance: 
        N/A

        * Loop: 
        +---------------------------------+---------+---------+----------+-----------+-----------+------+----------+
        |                                 |  Latency (cycles) | Iteration|  Initiation Interval  | Trip |          |
        |            Loop Name            |   min   |   max   |  Latency |  achieved |   target  | Count| Pipelined|
        +---------------------------------+---------+---------+----------+-----------+-----------+------+----------+
        |- bucket_pointer_initialization  |       16|       16|         1|          1|          1|    16|       yes|
        +---------------------------------+---------+---------+----------+-----------+-----------+------+----------+



================================================================
== Utilization Estimates
================================================================
* Summary: 
+---------------------+---------+------+---------+---------+-----+
|         Name        | BRAM_18K|  DSP |    FF   |   LUT   | URAM|
+---------------------+---------+------+---------+---------+-----+
|DSP                  |        -|     -|        -|        -|    -|
|Expression           |        -|     -|        0|       95|    -|
|FIFO                 |        -|     -|        -|        -|    -|
|Instance             |        -|     -|        0|       65|    -|
|Memory               |        -|     -|        -|        -|    -|
|Multiplexer          |        -|     -|        -|      324|    -|
|Register             |        -|     -|     1064|        -|    -|
+---------------------+---------+------+---------+---------+-----+
|Total                |        0|     0|     1064|      484|    0|
+---------------------+---------+------+---------+---------+-----+
|Available SLR        |     1344|  3008|   869120|   434560|  320|
+---------------------+---------+------+---------+---------+-----+
|Utilization SLR (%)  |        0|     0|       ~0|       ~0|    0|
+---------------------+---------+------+---------+---------+-----+
|Available            |     4032|  9024|  2607360|  1303680|  960|
+---------------------+---------+------+---------+---------+-----+
|Utilization (%)      |        0|     0|       ~0|       ~0|    0|
+---------------------+---------+------+---------+---------+-----+

+ Detail: 
    * Instance: 
    +----------------------+----------------+---------+----+---+----+-----+
    |       Instance       |     Module     | BRAM_18K| DSP| FF| LUT| URAM|
    +----------------------+----------------+---------+----+---+----+-----+
    |mux_164_32_1_1_U6037  |mux_164_32_1_1  |        0|   0|  0|  65|    0|
    +----------------------+----------------+---------+----+---+----+-----+
    |Total                 |                |        0|   0|  0|  65|    0|
    +----------------------+----------------+---------+----+---+----+-----+

    * DSP: 
    N/A

    * Memory: 
    N/A

    * FIFO: 
    N/A

    * Expression: 
    +--------------------------------+----------+----+---+----+------------+------------+
    |          Variable Name         | Operation| DSP| FF| LUT| Bitwidth P0| Bitwidth P1|
    +--------------------------------+----------+----+---+----+------------+------------+
    |add_ln33_fu_922_p2              |         +|   0|  0|  12|           5|           1|
    |next_bucket_pointer_fu_1018_p2  |         +|   0|  0|  39|          32|          32|
    |ap_condition_505                |       and|   0|  0|   2|           1|           1|
    |ap_condition_508                |       and|   0|  0|   2|           1|           1|
    |ap_condition_511                |       and|   0|  0|   2|           1|           1|
    |ap_condition_514                |       and|   0|  0|   2|           1|           1|
    |ap_condition_517                |       and|   0|  0|   2|           1|           1|
    |ap_condition_520                |       and|   0|  0|   2|           1|           1|
    |ap_condition_523                |       and|   0|  0|   2|           1|           1|
    |ap_condition_526                |       and|   0|  0|   2|           1|           1|
    |ap_condition_529                |       and|   0|  0|   2|           1|           1|
    |ap_condition_532                |       and|   0|  0|   2|           1|           1|
    |ap_condition_535                |       and|   0|  0|   2|           1|           1|
    |ap_condition_538                |       and|   0|  0|   2|           1|           1|
    |ap_condition_541                |       and|   0|  0|   2|           1|           1|
    |ap_condition_544                |       and|   0|  0|   2|           1|           1|
    |ap_condition_547                |       and|   0|  0|   2|           1|           1|
    |ap_condition_550                |       and|   0|  0|   2|           1|           1|
    |icmp_ln33_fu_916_p2             |      icmp|   0|  0|  10|           5|           6|
    |ap_enable_pp0                   |       xor|   0|  0|   2|           1|           2|
    +--------------------------------+----------+----+---+----+------------+------------+
    |Total                           |          |   0|  0|  95|          59|          57|
    +--------------------------------+----------+----+---+----+------------+------------+

    * Multiplexer: 
    +----------------------------+----+-----------+-----+-----------+
    |            Name            | LUT| Input Size| Bits| Total Bits|
    +----------------------------+----+-----------+-----+-----------+
    |ap_done_int                 |   9|          2|    1|          2|
    |ap_enable_reg_pp0_iter1     |   9|          2|    1|          2|
    |bucket_pointer_1259_fu_192  |   9|          2|   32|         64|
    |bucket_pointer_1260_fu_196  |   9|          2|   32|         64|
    |bucket_pointer_1261_fu_200  |   9|          2|   32|         64|
    |bucket_pointer_1262_fu_204  |   9|          2|   32|         64|
    |bucket_pointer_1263_fu_208  |   9|          2|   32|         64|
    |bucket_pointer_1264_fu_212  |   9|          2|   32|         64|
    |bucket_pointer_1265_fu_216  |   9|          2|   32|         64|
    |bucket_pointer_1266_fu_220  |   9|          2|   32|         64|
    |bucket_pointer_1267_fu_224  |   9|          2|   32|         64|
    |bucket_pointer_1268_fu_228  |   9|          2|   32|         64|
    |bucket_pointer_1269_fu_232  |   9|          2|   32|         64|
    |bucket_pointer_1270_fu_236  |   9|          2|   32|         64|
    |bucket_pointer_1271_fu_240  |   9|          2|   32|         64|
    |bucket_pointer_1272_fu_244  |   9|          2|   32|         64|
    |bucket_pointer_1273_fu_248  |   9|          2|   32|         64|
    |bucket_pointer_1274_fu_252  |   9|          2|   32|         64|
    |bucket_pointer_1275_fu_256  |   9|          2|   32|         64|
    |bucket_sizes_1651_fu_264    |   9|          2|   32|         64|
    |bucket_sizes_1652_fu_268    |   9|          2|   32|         64|
    |bucket_sizes_1653_fu_272    |   9|          2|   32|         64|
    |bucket_sizes_1654_fu_276    |   9|          2|   32|         64|
    |bucket_sizes_1655_fu_280    |   9|          2|   32|         64|
    |bucket_sizes_1656_fu_284    |   9|          2|   32|         64|
    |bucket_sizes_1657_fu_288    |   9|          2|   32|         64|
    |bucket_sizes_1658_fu_292    |   9|          2|   32|         64|
    |bucket_sizes_1659_fu_296    |   9|          2|   32|         64|
    |bucket_sizes_1660_fu_300    |   9|          2|   32|         64|
    |bucket_sizes_1661_fu_304    |   9|          2|   32|         64|
    |bucket_sizes_1662_fu_308    |   9|          2|   32|         64|
    |bucket_sizes_1663_fu_312    |   9|          2|   32|         64|
    |bucket_sizes_1664_fu_316    |   9|          2|   32|         64|
    |bucket_sizes_1665_fu_320    |   9|          2|   32|         64|
    |bucket_sizes_fu_260         |   9|          2|   32|         64|
    |m_fu_188                    |   9|          2|    5|         10|
    +----------------------------+----+-----------+-----+-----------+
    |Total                       | 324|         72| 1063|       2126|
    +----------------------------+----+-----------+-----+-----------+

    * Register: 
    +----------------------------+----+----+-----+-----------+
    |            Name            | FF | LUT| Bits| Const Bits|
    +----------------------------+----+----+-----+-----------+
    |ap_CS_fsm                   |   1|   0|    1|          0|
    |ap_done_reg                 |   1|   0|    1|          0|
    |ap_enable_reg_pp0_iter1     |   1|   0|    1|          0|
    |bucket_pointer_1259_fu_192  |  32|   0|   32|          0|
    |bucket_pointer_1260_fu_196  |  32|   0|   32|          0|
    |bucket_pointer_1261_fu_200  |  32|   0|   32|          0|
    |bucket_pointer_1262_fu_204  |  32|   0|   32|          0|
    |bucket_pointer_1263_fu_208  |  32|   0|   32|          0|
    |bucket_pointer_1264_fu_212  |  32|   0|   32|          0|
    |bucket_pointer_1265_fu_216  |  32|   0|   32|          0|
    |bucket_pointer_1266_fu_220  |  32|   0|   32|          0|
    |bucket_pointer_1267_fu_224  |  32|   0|   32|          0|
    |bucket_pointer_1268_fu_228  |  32|   0|   32|          0|
    |bucket_pointer_1269_fu_232  |  32|   0|   32|          0|
    |bucket_pointer_1270_fu_236  |  32|   0|   32|          0|
    |bucket_pointer_1271_fu_240  |  32|   0|   32|          0|
    |bucket_pointer_1272_fu_244  |  32|   0|   32|          0|
    |bucket_pointer_1273_fu_248  |  32|   0|   32|          0|
    |bucket_pointer_1274_fu_252  |  32|   0|   32|          0|
    |bucket_pointer_1275_fu_256  |  32|   0|   32|          0|
    |bucket_sizes_1651_fu_264    |  32|   0|   32|          0|
    |bucket_sizes_1652_fu_268    |  32|   0|   32|          0|
    |bucket_sizes_1653_fu_272    |  32|   0|   32|          0|
    |bucket_sizes_1654_fu_276    |  32|   0|   32|          0|
    |bucket_sizes_1655_fu_280    |  32|   0|   32|          0|
    |bucket_sizes_1656_fu_284    |  32|   0|   32|          0|
    |bucket_sizes_1657_fu_288    |  32|   0|   32|          0|
    |bucket_sizes_1658_fu_292    |  32|   0|   32|          0|
    |bucket_sizes_1659_fu_296    |  32|   0|   32|          0|
    |bucket_sizes_1660_fu_300    |  32|   0|   32|          0|
    |bucket_sizes_1661_fu_304    |  32|   0|   32|          0|
    |bucket_sizes_1662_fu_308    |  32|   0|   32|          0|
    |bucket_sizes_1663_fu_312    |  32|   0|   32|          0|
    |bucket_sizes_1664_fu_316    |  32|   0|   32|          0|
    |bucket_sizes_1665_fu_320    |  32|   0|   32|          0|
    |bucket_sizes_fu_260         |  32|   0|   32|          0|
    |m_fu_188                    |   5|   0|    5|          0|
    +----------------------------+----+----+-----+-----------+
    |Total                       |1064|   0| 1064|          0|
    +----------------------------+----+----+-----+-----------+



================================================================
== Interface
================================================================
* Summary: 
+--------------------------------+-----+-----+------------+--------------------------------------------------------------+--------------+
|            RTL Ports           | Dir | Bits|  Protocol  |                         Source Object                        |    C Type    |
+--------------------------------+-----+-----+------------+--------------------------------------------------------------+--------------+
|ap_clk                          |   in|    1|  ap_ctrl_hs|  radix_sort_batch.32.1_Pipeline_bucket_pointer_initialization|  return value|
|ap_rst                          |   in|    1|  ap_ctrl_hs|  radix_sort_batch.32.1_Pipeline_bucket_pointer_initialization|  return value|
|ap_start                        |   in|    1|  ap_ctrl_hs|  radix_sort_batch.32.1_Pipeline_bucket_pointer_initialization|  return value|
|ap_done                         |  out|    1|  ap_ctrl_hs|  radix_sort_batch.32.1_Pipeline_bucket_pointer_initialization|  return value|
|ap_idle                         |  out|    1|  ap_ctrl_hs|  radix_sort_batch.32.1_Pipeline_bucket_pointer_initialization|  return value|
|ap_ready                        |  out|    1|  ap_ctrl_hs|  radix_sort_batch.32.1_Pipeline_bucket_pointer_initialization|  return value|
|bucket_sizes_5445               |   in|   32|     ap_none|                                             bucket_sizes_5445|        scalar|
|bucket_sizes_5444               |   in|   32|     ap_none|                                             bucket_sizes_5444|        scalar|
|bucket_sizes_5443               |   in|   32|     ap_none|                                             bucket_sizes_5443|        scalar|
|bucket_sizes_5442               |   in|   32|     ap_none|                                             bucket_sizes_5442|        scalar|
|bucket_sizes_5441               |   in|   32|     ap_none|                                             bucket_sizes_5441|        scalar|
|bucket_sizes_5440               |   in|   32|     ap_none|                                             bucket_sizes_5440|        scalar|
|bucket_sizes_5439               |   in|   32|     ap_none|                                             bucket_sizes_5439|        scalar|
|bucket_sizes_5438               |   in|   32|     ap_none|                                             bucket_sizes_5438|        scalar|
|bucket_sizes_5437               |   in|   32|     ap_none|                                             bucket_sizes_5437|        scalar|
|bucket_sizes_5436               |   in|   32|     ap_none|                                             bucket_sizes_5436|        scalar|
|bucket_sizes_5435               |   in|   32|     ap_none|                                             bucket_sizes_5435|        scalar|
|bucket_sizes_5434               |   in|   32|     ap_none|                                             bucket_sizes_5434|        scalar|
|bucket_sizes_5433               |   in|   32|     ap_none|                                             bucket_sizes_5433|        scalar|
|bucket_sizes_5432               |   in|   32|     ap_none|                                             bucket_sizes_5432|        scalar|
|bucket_sizes_5431               |   in|   32|     ap_none|                                             bucket_sizes_5431|        scalar|
|bucket_sizes_5430               |   in|   32|     ap_none|                                             bucket_sizes_5430|        scalar|
|bucket_pointer_2420             |   in|   32|     ap_none|                                           bucket_pointer_2420|        scalar|
|bucket_pointer_2419             |   in|   32|     ap_none|                                           bucket_pointer_2419|        scalar|
|bucket_pointer_2418             |   in|   32|     ap_none|                                           bucket_pointer_2418|        scalar|
|bucket_pointer_2417             |   in|   32|     ap_none|                                           bucket_pointer_2417|        scalar|
|bucket_pointer_2416             |   in|   32|     ap_none|                                           bucket_pointer_2416|        scalar|
|bucket_pointer_2415             |   in|   32|     ap_none|                                           bucket_pointer_2415|        scalar|
|bucket_pointer_2414             |   in|   32|     ap_none|                                           bucket_pointer_2414|        scalar|
|bucket_pointer_2413             |   in|   32|     ap_none|                                           bucket_pointer_2413|        scalar|
|bucket_pointer_2412             |   in|   32|     ap_none|                                           bucket_pointer_2412|        scalar|
|bucket_pointer_2411             |   in|   32|     ap_none|                                           bucket_pointer_2411|        scalar|
|bucket_pointer_2410             |   in|   32|     ap_none|                                           bucket_pointer_2410|        scalar|
|bucket_pointer_2409             |   in|   32|     ap_none|                                           bucket_pointer_2409|        scalar|
|bucket_pointer_2408             |   in|   32|     ap_none|                                           bucket_pointer_2408|        scalar|
|bucket_pointer_2407             |   in|   32|     ap_none|                                           bucket_pointer_2407|        scalar|
|bucket_pointer_2406             |   in|   32|     ap_none|                                           bucket_pointer_2406|        scalar|
|bucket_pointer                  |   in|   32|     ap_none|                                                bucket_pointer|        scalar|
|bucket_sizes_5461_out           |  out|   32|      ap_vld|                                         bucket_sizes_5461_out|       pointer|
|bucket_sizes_5461_out_ap_vld    |  out|    1|      ap_vld|                                         bucket_sizes_5461_out|       pointer|
|bucket_sizes_5460_out           |  out|   32|      ap_vld|                                         bucket_sizes_5460_out|       pointer|
|bucket_sizes_5460_out_ap_vld    |  out|    1|      ap_vld|                                         bucket_sizes_5460_out|       pointer|
|bucket_sizes_5459_out           |  out|   32|      ap_vld|                                         bucket_sizes_5459_out|       pointer|
|bucket_sizes_5459_out_ap_vld    |  out|    1|      ap_vld|                                         bucket_sizes_5459_out|       pointer|
|bucket_sizes_5458_out           |  out|   32|      ap_vld|                                         bucket_sizes_5458_out|       pointer|
|bucket_sizes_5458_out_ap_vld    |  out|    1|      ap_vld|                                         bucket_sizes_5458_out|       pointer|
|bucket_sizes_5457_out           |  out|   32|      ap_vld|                                         bucket_sizes_5457_out|       pointer|
|bucket_sizes_5457_out_ap_vld    |  out|    1|      ap_vld|                                         bucket_sizes_5457_out|       pointer|
|bucket_sizes_5456_out           |  out|   32|      ap_vld|                                         bucket_sizes_5456_out|       pointer|
|bucket_sizes_5456_out_ap_vld    |  out|    1|      ap_vld|                                         bucket_sizes_5456_out|       pointer|
|bucket_sizes_5455_out           |  out|   32|      ap_vld|                                         bucket_sizes_5455_out|       pointer|
|bucket_sizes_5455_out_ap_vld    |  out|    1|      ap_vld|                                         bucket_sizes_5455_out|       pointer|
|bucket_sizes_5454_out           |  out|   32|      ap_vld|                                         bucket_sizes_5454_out|       pointer|
|bucket_sizes_5454_out_ap_vld    |  out|    1|      ap_vld|                                         bucket_sizes_5454_out|       pointer|
|bucket_sizes_5453_out           |  out|   32|      ap_vld|                                         bucket_sizes_5453_out|       pointer|
|bucket_sizes_5453_out_ap_vld    |  out|    1|      ap_vld|                                         bucket_sizes_5453_out|       pointer|
|bucket_sizes_5452_out           |  out|   32|      ap_vld|                                         bucket_sizes_5452_out|       pointer|
|bucket_sizes_5452_out_ap_vld    |  out|    1|      ap_vld|                                         bucket_sizes_5452_out|       pointer|
|bucket_sizes_5451_out           |  out|   32|      ap_vld|                                         bucket_sizes_5451_out|       pointer|
|bucket_sizes_5451_out_ap_vld    |  out|    1|      ap_vld|                                         bucket_sizes_5451_out|       pointer|
|bucket_sizes_5450_out           |  out|   32|      ap_vld|                                         bucket_sizes_5450_out|       pointer|
|bucket_sizes_5450_out_ap_vld    |  out|    1|      ap_vld|                                         bucket_sizes_5450_out|       pointer|
|bucket_sizes_5449_out           |  out|   32|      ap_vld|                                         bucket_sizes_5449_out|       pointer|
|bucket_sizes_5449_out_ap_vld    |  out|    1|      ap_vld|                                         bucket_sizes_5449_out|       pointer|
|bucket_sizes_5448_out           |  out|   32|      ap_vld|                                         bucket_sizes_5448_out|       pointer|
|bucket_sizes_5448_out_ap_vld    |  out|    1|      ap_vld|                                         bucket_sizes_5448_out|       pointer|
|bucket_sizes_5447_out           |  out|   32|      ap_vld|                                         bucket_sizes_5447_out|       pointer|
|bucket_sizes_5447_out_ap_vld    |  out|    1|      ap_vld|                                         bucket_sizes_5447_out|       pointer|
|bucket_sizes_5446_out           |  out|   32|      ap_vld|                                         bucket_sizes_5446_out|       pointer|
|bucket_sizes_5446_out_ap_vld    |  out|    1|      ap_vld|                                         bucket_sizes_5446_out|       pointer|
|bucket_pointer_2436_out         |  out|   32|      ap_vld|                                       bucket_pointer_2436_out|       pointer|
|bucket_pointer_2436_out_ap_vld  |  out|    1|      ap_vld|                                       bucket_pointer_2436_out|       pointer|
|bucket_pointer_2435_out         |  out|   32|      ap_vld|                                       bucket_pointer_2435_out|       pointer|
|bucket_pointer_2435_out_ap_vld  |  out|    1|      ap_vld|                                       bucket_pointer_2435_out|       pointer|
|bucket_pointer_2434_out         |  out|   32|      ap_vld|                                       bucket_pointer_2434_out|       pointer|
|bucket_pointer_2434_out_ap_vld  |  out|    1|      ap_vld|                                       bucket_pointer_2434_out|       pointer|
|bucket_pointer_2433_out         |  out|   32|      ap_vld|                                       bucket_pointer_2433_out|       pointer|
|bucket_pointer_2433_out_ap_vld  |  out|    1|      ap_vld|                                       bucket_pointer_2433_out|       pointer|
|bucket_pointer_2432_out         |  out|   32|      ap_vld|                                       bucket_pointer_2432_out|       pointer|
|bucket_pointer_2432_out_ap_vld  |  out|    1|      ap_vld|                                       bucket_pointer_2432_out|       pointer|
|bucket_pointer_2431_out         |  out|   32|      ap_vld|                                       bucket_pointer_2431_out|       pointer|
|bucket_pointer_2431_out_ap_vld  |  out|    1|      ap_vld|                                       bucket_pointer_2431_out|       pointer|
|bucket_pointer_2430_out         |  out|   32|      ap_vld|                                       bucket_pointer_2430_out|       pointer|
|bucket_pointer_2430_out_ap_vld  |  out|    1|      ap_vld|                                       bucket_pointer_2430_out|       pointer|
|bucket_pointer_2429_out         |  out|   32|      ap_vld|                                       bucket_pointer_2429_out|       pointer|
|bucket_pointer_2429_out_ap_vld  |  out|    1|      ap_vld|                                       bucket_pointer_2429_out|       pointer|
|bucket_pointer_2428_out         |  out|   32|      ap_vld|                                       bucket_pointer_2428_out|       pointer|
|bucket_pointer_2428_out_ap_vld  |  out|    1|      ap_vld|                                       bucket_pointer_2428_out|       pointer|
|bucket_pointer_2427_out         |  out|   32|      ap_vld|                                       bucket_pointer_2427_out|       pointer|
|bucket_pointer_2427_out_ap_vld  |  out|    1|      ap_vld|                                       bucket_pointer_2427_out|       pointer|
|bucket_pointer_2426_out         |  out|   32|      ap_vld|                                       bucket_pointer_2426_out|       pointer|
|bucket_pointer_2426_out_ap_vld  |  out|    1|      ap_vld|                                       bucket_pointer_2426_out|       pointer|
|bucket_pointer_2425_out         |  out|   32|      ap_vld|                                       bucket_pointer_2425_out|       pointer|
|bucket_pointer_2425_out_ap_vld  |  out|    1|      ap_vld|                                       bucket_pointer_2425_out|       pointer|
|bucket_pointer_2424_out         |  out|   32|      ap_vld|                                       bucket_pointer_2424_out|       pointer|
|bucket_pointer_2424_out_ap_vld  |  out|    1|      ap_vld|                                       bucket_pointer_2424_out|       pointer|
|bucket_pointer_2423_out         |  out|   32|      ap_vld|                                       bucket_pointer_2423_out|       pointer|
|bucket_pointer_2423_out_ap_vld  |  out|    1|      ap_vld|                                       bucket_pointer_2423_out|       pointer|
|bucket_pointer_2422_out         |  out|   32|      ap_vld|                                       bucket_pointer_2422_out|       pointer|
|bucket_pointer_2422_out_ap_vld  |  out|    1|      ap_vld|                                       bucket_pointer_2422_out|       pointer|
|bucket_pointer_2421_out         |  out|   32|      ap_vld|                                       bucket_pointer_2421_out|       pointer|
|bucket_pointer_2421_out_ap_vld  |  out|    1|      ap_vld|                                       bucket_pointer_2421_out|       pointer|
+--------------------------------+-----+-----+------------+--------------------------------------------------------------+--------------+

