

================================================================
== Vitis HLS Report for 'radix_sort_oct_batch_41_1_Pipeline_bucket_pointer_initialization'
================================================================
* Date:           Mon Apr 24 11:20:49 2023

* Version:        2022.2 (Build 3670227 on Oct 13 2022)
* Project:        sort_seperate_bucket
* Solution:       solution1 (Vivado IP Flow Target)
* Product family: virtexuplus
* Target device:  xcu280-fsvh2892-2L-e


================================================================
== Performance Estimates
================================================================
+ Timing: 
    * Summary: 
    +--------+----------+----------+------------+
    |  Clock |  Target  | Estimated| Uncertainty|
    +--------+----------+----------+------------+
    |ap_clk  |  10.00 ns|  1.851 ns|     2.70 ns|
    +--------+----------+----------+------------+

+ Latency: 
    * Summary: 
    +---------+---------+----------+----------+-----+-----+---------+
    |  Latency (cycles) |  Latency (absolute) |  Interval | Pipeline|
    |   min   |   max   |    min   |    max   | min | max |   Type  |
    +---------+---------+----------+----------+-----+-----+---------+
    |       10|       10|  0.100 us|  0.100 us|   10|   10|       no|
    +---------+---------+----------+----------+-----+-----+---------+

    + Detail: 
        * Instance: 
        N/A

        * Loop: 
        +---------------------------------+---------+---------+----------+-----------+-----------+------+----------+
        |                                 |  Latency (cycles) | Iteration|  Initiation Interval  | Trip |          |
        |            Loop Name            |   min   |   max   |  Latency |  achieved |   target  | Count| Pipelined|
        +---------------------------------+---------+---------+----------+-----------+-----------+------+----------+
        |- bucket_pointer_initialization  |        8|        8|         1|          1|          1|     8|       yes|
        +---------------------------------+---------+---------+----------+-----------+-----------+------+----------+

============================================================
+ Verbose Summary: Synthesis Manager
============================================================
InlineROM: 1
ExposeGlobal: 0
============================================================
+ Verbose Summary: CDFG Model
============================================================
IsTopModel: 0
ResetActiveHigh: 1
IsCombinational: 0
IsDatapathOnly: 0
HasWiredReturn: 1
HasMFsm: 2
HasVarLatency: 1
IsPipeline: 0
IsRtlPipelined: 0
IsInstanceOverlapped: 0
IsDontTouch: 0
HasImplIP: 0
IsGatedGlobalClock: 0

+ Individual pipeline summary: 
  * Pipeline-0: initiation interval (II) = 1, depth = 2


============================================================
+ Verbose Summary: Schedule
============================================================
* Number of FSM states : 2
* Pipeline : 1
  Pipeline-0 : II = 1, D = 2, States = { 1 2 }
* Dataflow Pipeline: 0

* FSM state transitions: 
1 --> 2 
2 --> 

* FSM state operations: 

State 1 <SV = 0> <Delay = 0.38>
ST_1 : Operation 4 [1/1] (0.00ns)   --->   "%m = alloca i32 1"   --->   Operation 4 'alloca' 'm' <Predicate = true> <Delay = 0.00>
ST_1 : Operation 5 [1/1] (0.00ns)   --->   "%bucket_pointer_487 = alloca i32 1"   --->   Operation 5 'alloca' 'bucket_pointer_487' <Predicate = true> <Delay = 0.00>
ST_1 : Operation 6 [1/1] (0.00ns)   --->   "%bucket_pointer_488 = alloca i32 1"   --->   Operation 6 'alloca' 'bucket_pointer_488' <Predicate = true> <Delay = 0.00>
ST_1 : Operation 7 [1/1] (0.00ns)   --->   "%bucket_pointer_489 = alloca i32 1"   --->   Operation 7 'alloca' 'bucket_pointer_489' <Predicate = true> <Delay = 0.00>
ST_1 : Operation 8 [1/1] (0.00ns)   --->   "%bucket_pointer_490 = alloca i32 1"   --->   Operation 8 'alloca' 'bucket_pointer_490' <Predicate = true> <Delay = 0.00>
ST_1 : Operation 9 [1/1] (0.00ns)   --->   "%bucket_pointer_491 = alloca i32 1"   --->   Operation 9 'alloca' 'bucket_pointer_491' <Predicate = true> <Delay = 0.00>
ST_1 : Operation 10 [1/1] (0.00ns)   --->   "%bucket_pointer_492 = alloca i32 1"   --->   Operation 10 'alloca' 'bucket_pointer_492' <Predicate = true> <Delay = 0.00>
ST_1 : Operation 11 [1/1] (0.00ns)   --->   "%bucket_pointer_493 = alloca i32 1"   --->   Operation 11 'alloca' 'bucket_pointer_493' <Predicate = true> <Delay = 0.00>
ST_1 : Operation 12 [1/1] (0.00ns)   --->   "%bucket_pointer_494 = alloca i32 1"   --->   Operation 12 'alloca' 'bucket_pointer_494' <Predicate = true> <Delay = 0.00>
ST_1 : Operation 13 [1/1] (0.00ns)   --->   "%bucket_pointer_495 = alloca i32 1"   --->   Operation 13 'alloca' 'bucket_pointer_495' <Predicate = true> <Delay = 0.00>
ST_1 : Operation 14 [1/1] (0.00ns)   --->   "%bucket_sizes = alloca i32 1"   --->   Operation 14 'alloca' 'bucket_sizes' <Predicate = true> <Delay = 0.00>
ST_1 : Operation 15 [1/1] (0.00ns)   --->   "%bucket_sizes_561 = alloca i32 1"   --->   Operation 15 'alloca' 'bucket_sizes_561' <Predicate = true> <Delay = 0.00>
ST_1 : Operation 16 [1/1] (0.00ns)   --->   "%bucket_sizes_562 = alloca i32 1"   --->   Operation 16 'alloca' 'bucket_sizes_562' <Predicate = true> <Delay = 0.00>
ST_1 : Operation 17 [1/1] (0.00ns)   --->   "%bucket_sizes_563 = alloca i32 1"   --->   Operation 17 'alloca' 'bucket_sizes_563' <Predicate = true> <Delay = 0.00>
ST_1 : Operation 18 [1/1] (0.00ns)   --->   "%bucket_sizes_564 = alloca i32 1"   --->   Operation 18 'alloca' 'bucket_sizes_564' <Predicate = true> <Delay = 0.00>
ST_1 : Operation 19 [1/1] (0.00ns)   --->   "%bucket_sizes_565 = alloca i32 1"   --->   Operation 19 'alloca' 'bucket_sizes_565' <Predicate = true> <Delay = 0.00>
ST_1 : Operation 20 [1/1] (0.00ns)   --->   "%bucket_sizes_566 = alloca i32 1"   --->   Operation 20 'alloca' 'bucket_sizes_566' <Predicate = true> <Delay = 0.00>
ST_1 : Operation 21 [1/1] (0.00ns)   --->   "%bucket_sizes_567 = alloca i32 1"   --->   Operation 21 'alloca' 'bucket_sizes_567' <Predicate = true> <Delay = 0.00>
ST_1 : Operation 22 [1/1] (0.00ns)   --->   "%bucket_pointer_read = read i32 @_ssdm_op_Read.ap_auto.i32, i32 %bucket_pointer"   --->   Operation 22 'read' 'bucket_pointer_read' <Predicate = true> <Delay = 0.00>
ST_1 : Operation 23 [1/1] (0.00ns)   --->   "%bucket_pointer_892_read = read i32 @_ssdm_op_Read.ap_auto.i32, i32 %bucket_pointer_892"   --->   Operation 23 'read' 'bucket_pointer_892_read' <Predicate = true> <Delay = 0.00>
ST_1 : Operation 24 [1/1] (0.00ns)   --->   "%bucket_pointer_893_read = read i32 @_ssdm_op_Read.ap_auto.i32, i32 %bucket_pointer_893"   --->   Operation 24 'read' 'bucket_pointer_893_read' <Predicate = true> <Delay = 0.00>
ST_1 : Operation 25 [1/1] (0.00ns)   --->   "%bucket_pointer_894_read = read i32 @_ssdm_op_Read.ap_auto.i32, i32 %bucket_pointer_894"   --->   Operation 25 'read' 'bucket_pointer_894_read' <Predicate = true> <Delay = 0.00>
ST_1 : Operation 26 [1/1] (0.00ns)   --->   "%bucket_pointer_895_read = read i32 @_ssdm_op_Read.ap_auto.i32, i32 %bucket_pointer_895"   --->   Operation 26 'read' 'bucket_pointer_895_read' <Predicate = true> <Delay = 0.00>
ST_1 : Operation 27 [1/1] (0.00ns)   --->   "%bucket_pointer_896_read = read i32 @_ssdm_op_Read.ap_auto.i32, i32 %bucket_pointer_896"   --->   Operation 27 'read' 'bucket_pointer_896_read' <Predicate = true> <Delay = 0.00>
ST_1 : Operation 28 [1/1] (0.00ns)   --->   "%bucket_pointer_897_read = read i32 @_ssdm_op_Read.ap_auto.i32, i32 %bucket_pointer_897"   --->   Operation 28 'read' 'bucket_pointer_897_read' <Predicate = true> <Delay = 0.00>
ST_1 : Operation 29 [1/1] (0.00ns)   --->   "%bucket_pointer_898_read = read i32 @_ssdm_op_Read.ap_auto.i32, i32 %bucket_pointer_898"   --->   Operation 29 'read' 'bucket_pointer_898_read' <Predicate = true> <Delay = 0.00>
ST_1 : Operation 30 [1/1] (0.00ns)   --->   "%bucket_sizes_2004_read = read i32 @_ssdm_op_Read.ap_auto.i32, i32 %bucket_sizes_2004"   --->   Operation 30 'read' 'bucket_sizes_2004_read' <Predicate = true> <Delay = 0.00>
ST_1 : Operation 31 [1/1] (0.00ns)   --->   "%bucket_sizes_2005_read = read i32 @_ssdm_op_Read.ap_auto.i32, i32 %bucket_sizes_2005"   --->   Operation 31 'read' 'bucket_sizes_2005_read' <Predicate = true> <Delay = 0.00>
ST_1 : Operation 32 [1/1] (0.00ns)   --->   "%bucket_sizes_2006_read = read i32 @_ssdm_op_Read.ap_auto.i32, i32 %bucket_sizes_2006"   --->   Operation 32 'read' 'bucket_sizes_2006_read' <Predicate = true> <Delay = 0.00>
ST_1 : Operation 33 [1/1] (0.00ns)   --->   "%bucket_sizes_2007_read = read i32 @_ssdm_op_Read.ap_auto.i32, i32 %bucket_sizes_2007"   --->   Operation 33 'read' 'bucket_sizes_2007_read' <Predicate = true> <Delay = 0.00>
ST_1 : Operation 34 [1/1] (0.00ns)   --->   "%bucket_sizes_2008_read = read i32 @_ssdm_op_Read.ap_auto.i32, i32 %bucket_sizes_2008"   --->   Operation 34 'read' 'bucket_sizes_2008_read' <Predicate = true> <Delay = 0.00>
ST_1 : Operation 35 [1/1] (0.00ns)   --->   "%bucket_sizes_2009_read = read i32 @_ssdm_op_Read.ap_auto.i32, i32 %bucket_sizes_2009"   --->   Operation 35 'read' 'bucket_sizes_2009_read' <Predicate = true> <Delay = 0.00>
ST_1 : Operation 36 [1/1] (0.00ns)   --->   "%bucket_sizes_2010_read = read i32 @_ssdm_op_Read.ap_auto.i32, i32 %bucket_sizes_2010"   --->   Operation 36 'read' 'bucket_sizes_2010_read' <Predicate = true> <Delay = 0.00>
ST_1 : Operation 37 [1/1] (0.00ns)   --->   "%bucket_sizes_2011_read = read i32 @_ssdm_op_Read.ap_auto.i32, i32 %bucket_sizes_2011"   --->   Operation 37 'read' 'bucket_sizes_2011_read' <Predicate = true> <Delay = 0.00>
ST_1 : Operation 38 [1/1] (0.38ns)   --->   "%store_ln0 = store i32 %bucket_sizes_2011_read, i32 %bucket_sizes_567"   --->   Operation 38 'store' 'store_ln0' <Predicate = true> <Delay = 0.38>
ST_1 : Operation 39 [1/1] (0.38ns)   --->   "%store_ln0 = store i32 %bucket_sizes_2010_read, i32 %bucket_sizes_566"   --->   Operation 39 'store' 'store_ln0' <Predicate = true> <Delay = 0.38>
ST_1 : Operation 40 [1/1] (0.38ns)   --->   "%store_ln0 = store i32 %bucket_sizes_2009_read, i32 %bucket_sizes_565"   --->   Operation 40 'store' 'store_ln0' <Predicate = true> <Delay = 0.38>
ST_1 : Operation 41 [1/1] (0.38ns)   --->   "%store_ln0 = store i32 %bucket_sizes_2008_read, i32 %bucket_sizes_564"   --->   Operation 41 'store' 'store_ln0' <Predicate = true> <Delay = 0.38>
ST_1 : Operation 42 [1/1] (0.38ns)   --->   "%store_ln0 = store i32 %bucket_sizes_2007_read, i32 %bucket_sizes_563"   --->   Operation 42 'store' 'store_ln0' <Predicate = true> <Delay = 0.38>
ST_1 : Operation 43 [1/1] (0.38ns)   --->   "%store_ln0 = store i32 %bucket_sizes_2006_read, i32 %bucket_sizes_562"   --->   Operation 43 'store' 'store_ln0' <Predicate = true> <Delay = 0.38>
ST_1 : Operation 44 [1/1] (0.38ns)   --->   "%store_ln0 = store i32 %bucket_sizes_2005_read, i32 %bucket_sizes_561"   --->   Operation 44 'store' 'store_ln0' <Predicate = true> <Delay = 0.38>
ST_1 : Operation 45 [1/1] (0.38ns)   --->   "%store_ln0 = store i32 %bucket_sizes_2004_read, i32 %bucket_sizes"   --->   Operation 45 'store' 'store_ln0' <Predicate = true> <Delay = 0.38>
ST_1 : Operation 46 [1/1] (0.38ns)   --->   "%store_ln0 = store i32 %bucket_pointer_898_read, i32 %bucket_pointer_495"   --->   Operation 46 'store' 'store_ln0' <Predicate = true> <Delay = 0.38>
ST_1 : Operation 47 [1/1] (0.38ns)   --->   "%store_ln0 = store i32 %bucket_pointer_897_read, i32 %bucket_pointer_494"   --->   Operation 47 'store' 'store_ln0' <Predicate = true> <Delay = 0.38>
ST_1 : Operation 48 [1/1] (0.38ns)   --->   "%store_ln0 = store i32 0, i32 %bucket_pointer_493"   --->   Operation 48 'store' 'store_ln0' <Predicate = true> <Delay = 0.38>
ST_1 : Operation 49 [1/1] (0.38ns)   --->   "%store_ln0 = store i32 %bucket_pointer_896_read, i32 %bucket_pointer_492"   --->   Operation 49 'store' 'store_ln0' <Predicate = true> <Delay = 0.38>
ST_1 : Operation 50 [1/1] (0.38ns)   --->   "%store_ln0 = store i32 %bucket_pointer_895_read, i32 %bucket_pointer_491"   --->   Operation 50 'store' 'store_ln0' <Predicate = true> <Delay = 0.38>
ST_1 : Operation 51 [1/1] (0.38ns)   --->   "%store_ln0 = store i32 %bucket_pointer_894_read, i32 %bucket_pointer_490"   --->   Operation 51 'store' 'store_ln0' <Predicate = true> <Delay = 0.38>
ST_1 : Operation 52 [1/1] (0.38ns)   --->   "%store_ln0 = store i32 %bucket_pointer_893_read, i32 %bucket_pointer_489"   --->   Operation 52 'store' 'store_ln0' <Predicate = true> <Delay = 0.38>
ST_1 : Operation 53 [1/1] (0.38ns)   --->   "%store_ln0 = store i32 %bucket_pointer_892_read, i32 %bucket_pointer_488"   --->   Operation 53 'store' 'store_ln0' <Predicate = true> <Delay = 0.38>
ST_1 : Operation 54 [1/1] (0.38ns)   --->   "%store_ln0 = store i32 %bucket_pointer_read, i32 %bucket_pointer_487"   --->   Operation 54 'store' 'store_ln0' <Predicate = true> <Delay = 0.38>
ST_1 : Operation 55 [1/1] (0.38ns)   --->   "%store_ln0 = store i4 0, i4 %m"   --->   Operation 55 'store' 'store_ln0' <Predicate = true> <Delay = 0.38>
ST_1 : Operation 56 [1/1] (0.00ns)   --->   "%br_ln0 = br void %for.inc27.i"   --->   Operation 56 'br' 'br_ln0' <Predicate = true> <Delay = 0.00>

State 2 <SV = 1> <Delay = 1.85>
ST_2 : Operation 57 [1/1] (0.00ns)   --->   "%m_28 = load i4 %m" [sort_seperate_bucket/multi_radix_oct_kmerge.c:34]   --->   Operation 57 'load' 'm_28' <Predicate = true> <Delay = 0.00>
ST_2 : Operation 58 [1/1] (0.00ns)   --->   "%bucket_pointer_497 = load i32 %bucket_pointer_493" [sort_seperate_bucket/multi_radix_oct_kmerge.c:34]   --->   Operation 58 'load' 'bucket_pointer_497' <Predicate = true> <Delay = 0.00>
ST_2 : Operation 59 [1/1] (0.00ns)   --->   "%specpipeline_ln0 = specpipeline void @_ssdm_op_SpecPipeline, i32 4294967295, i32 0, i32 1, i32 0, void @p_str"   --->   Operation 59 'specpipeline' 'specpipeline_ln0' <Predicate = true> <Delay = 0.00>
ST_2 : Operation 60 [1/1] (0.65ns)   --->   "%icmp_ln33 = icmp_eq  i4 %m_28, i4 8" [sort_seperate_bucket/multi_radix_oct_kmerge.c:33]   --->   Operation 60 'icmp' 'icmp_ln33' <Predicate = true> <Delay = 0.65> <CoreInst = "Cmp">   --->   Core 9 'Cmp' <Latency = 0> <II = 1> <Delay = 0.65> <FuncUnit> <Opcode : 'icmp'> <InPorts = 2> <OutPorts = 1>
ST_2 : Operation 61 [1/1] (0.00ns)   --->   "%empty = speclooptripcount i32 @_ssdm_op_SpecLoopTripCount, i64 8, i64 8, i64 8"   --->   Operation 61 'speclooptripcount' 'empty' <Predicate = true> <Delay = 0.00>
ST_2 : Operation 62 [1/1] (0.70ns)   --->   "%add_ln33 = add i4 %m_28, i4 1" [sort_seperate_bucket/multi_radix_oct_kmerge.c:33]   --->   Operation 62 'add' 'add_ln33' <Predicate = true> <Delay = 0.70> <CoreInst = "Adder">   --->   Core 1 'Adder' <Latency = 0> <II = 1> <Delay = 0.70> <FuncUnit> <Opcode : 'add' 'sub'> <InPorts = 2> <OutPorts = 1>
ST_2 : Operation 63 [1/1] (0.00ns)   --->   "%br_ln33 = br i1 %icmp_ln33, void %for.inc27.split.i, void %input_bucket.i.exitStub" [sort_seperate_bucket/multi_radix_oct_kmerge.c:33]   --->   Operation 63 'br' 'br_ln33' <Predicate = true> <Delay = 0.00>
ST_2 : Operation 64 [1/1] (0.00ns)   --->   "%bucket_sizes_load_28 = load i32 %bucket_sizes" [sort_seperate_bucket/multi_radix_oct_kmerge.c:35]   --->   Operation 64 'load' 'bucket_sizes_load_28' <Predicate = (!icmp_ln33)> <Delay = 0.00>
ST_2 : Operation 65 [1/1] (0.00ns)   --->   "%bucket_sizes_561_load_1 = load i32 %bucket_sizes_561" [sort_seperate_bucket/multi_radix_oct_kmerge.c:35]   --->   Operation 65 'load' 'bucket_sizes_561_load_1' <Predicate = (!icmp_ln33)> <Delay = 0.00>
ST_2 : Operation 66 [1/1] (0.00ns)   --->   "%bucket_sizes_562_load_1 = load i32 %bucket_sizes_562" [sort_seperate_bucket/multi_radix_oct_kmerge.c:35]   --->   Operation 66 'load' 'bucket_sizes_562_load_1' <Predicate = (!icmp_ln33)> <Delay = 0.00>
ST_2 : Operation 67 [1/1] (0.00ns)   --->   "%bucket_sizes_563_load_1 = load i32 %bucket_sizes_563" [sort_seperate_bucket/multi_radix_oct_kmerge.c:35]   --->   Operation 67 'load' 'bucket_sizes_563_load_1' <Predicate = (!icmp_ln33)> <Delay = 0.00>
ST_2 : Operation 68 [1/1] (0.00ns)   --->   "%bucket_sizes_564_load_1 = load i32 %bucket_sizes_564" [sort_seperate_bucket/multi_radix_oct_kmerge.c:35]   --->   Operation 68 'load' 'bucket_sizes_564_load_1' <Predicate = (!icmp_ln33)> <Delay = 0.00>
ST_2 : Operation 69 [1/1] (0.00ns)   --->   "%bucket_sizes_565_load_1 = load i32 %bucket_sizes_565" [sort_seperate_bucket/multi_radix_oct_kmerge.c:35]   --->   Operation 69 'load' 'bucket_sizes_565_load_1' <Predicate = (!icmp_ln33)> <Delay = 0.00>
ST_2 : Operation 70 [1/1] (0.00ns)   --->   "%bucket_sizes_566_load_1 = load i32 %bucket_sizes_566" [sort_seperate_bucket/multi_radix_oct_kmerge.c:35]   --->   Operation 70 'load' 'bucket_sizes_566_load_1' <Predicate = (!icmp_ln33)> <Delay = 0.00>
ST_2 : Operation 71 [1/1] (0.00ns)   --->   "%bucket_sizes_567_load_1 = load i32 %bucket_sizes_567" [sort_seperate_bucket/multi_radix_oct_kmerge.c:35]   --->   Operation 71 'load' 'bucket_sizes_567_load_1' <Predicate = (!icmp_ln33)> <Delay = 0.00>
ST_2 : Operation 72 [1/1] (0.00ns)   --->   "%specloopname_ln11 = specloopname void @_ssdm_op_SpecLoopName, void @empty_59" [sort_seperate_bucket/multi_radix_oct_kmerge.c:11]   --->   Operation 72 'specloopname' 'specloopname_ln11' <Predicate = (!icmp_ln33)> <Delay = 0.00>
ST_2 : Operation 73 [1/1] (0.00ns)   --->   "%trunc_ln34 = trunc i4 %m_28" [sort_seperate_bucket/multi_radix_oct_kmerge.c:34]   --->   Operation 73 'trunc' 'trunc_ln34' <Predicate = (!icmp_ln33)> <Delay = 0.00>
ST_2 : Operation 74 [1/1] (0.58ns)   --->   "%tmp_i = mux i32 @_ssdm_op_Mux.ap_auto.8i32.i3, i32 %bucket_sizes_load_28, i32 %bucket_sizes_561_load_1, i32 %bucket_sizes_562_load_1, i32 %bucket_sizes_563_load_1, i32 %bucket_sizes_564_load_1, i32 %bucket_sizes_565_load_1, i32 %bucket_sizes_566_load_1, i32 %bucket_sizes_567_load_1, i3 %trunc_ln34" [sort_seperate_bucket/multi_radix_oct_kmerge.c:35]   --->   Operation 74 'mux' 'tmp_i' <Predicate = (!icmp_ln33)> <Delay = 0.58> <CoreInst = "Multiplexer">   --->   Core 76 'Multiplexer' <Latency = 0> <II = 1> <Delay = 0.58> <FuncUnit> <Opcode : 'mux'> <InPorts = 2> <OutPorts = 1>
ST_2 : Operation 75 [1/1] (0.88ns)   --->   "%next_bucket_pointer = add i32 %tmp_i, i32 %bucket_pointer_497" [sort_seperate_bucket/multi_radix_oct_kmerge.c:35]   --->   Operation 75 'add' 'next_bucket_pointer' <Predicate = (!icmp_ln33)> <Delay = 0.88> <CoreInst = "Adder">   --->   Core 1 'Adder' <Latency = 0> <II = 1> <Delay = 0.88> <FuncUnit> <Opcode : 'add' 'sub'> <InPorts = 2> <OutPorts = 1>
ST_2 : Operation 76 [1/1] (0.34ns)   --->   "%switch_ln34 = switch i3 %trunc_ln34, void %arrayidx23.case.7.i, i3 0, void %for.inc27.split.i.arrayidx23.exit.i_crit_edge24, i3 1, void %arrayidx23.case.1.i, i3 2, void %arrayidx23.case.2.i, i3 3, void %arrayidx23.case.3.i, i3 4, void %arrayidx23.case.4.i, i3 5, void %arrayidx23.case.5.i, i3 6, void %for.inc27.split.i.arrayidx23.exit.i_crit_edge" [sort_seperate_bucket/multi_radix_oct_kmerge.c:34]   --->   Operation 76 'switch' 'switch_ln34' <Predicate = (!icmp_ln33)> <Delay = 0.34>
ST_2 : Operation 77 [1/1] (0.38ns)   --->   "%store_ln34 = store i32 0, i32 %bucket_sizes_566" [sort_seperate_bucket/multi_radix_oct_kmerge.c:34]   --->   Operation 77 'store' 'store_ln34' <Predicate = (!icmp_ln33 & trunc_ln34 == 6)> <Delay = 0.38>
ST_2 : Operation 78 [1/1] (0.38ns)   --->   "%store_ln34 = store i32 %bucket_pointer_497, i32 %bucket_pointer_494" [sort_seperate_bucket/multi_radix_oct_kmerge.c:34]   --->   Operation 78 'store' 'store_ln34' <Predicate = (!icmp_ln33 & trunc_ln34 == 6)> <Delay = 0.38>
ST_2 : Operation 79 [1/1] (0.00ns)   --->   "%br_ln34 = br void %arrayidx23.exit.i" [sort_seperate_bucket/multi_radix_oct_kmerge.c:34]   --->   Operation 79 'br' 'br_ln34' <Predicate = (!icmp_ln33 & trunc_ln34 == 6)> <Delay = 0.00>
ST_2 : Operation 80 [1/1] (0.38ns)   --->   "%store_ln36 = store i32 0, i32 %bucket_sizes_565" [sort_seperate_bucket/multi_radix_oct_kmerge.c:36]   --->   Operation 80 'store' 'store_ln36' <Predicate = (!icmp_ln33 & trunc_ln34 == 5)> <Delay = 0.38>
ST_2 : Operation 81 [1/1] (0.38ns)   --->   "%store_ln36 = store i32 %bucket_pointer_497, i32 %bucket_pointer_492" [sort_seperate_bucket/multi_radix_oct_kmerge.c:36]   --->   Operation 81 'store' 'store_ln36' <Predicate = (!icmp_ln33 & trunc_ln34 == 5)> <Delay = 0.38>
ST_2 : Operation 82 [1/1] (0.00ns)   --->   "%br_ln36 = br void %arrayidx23.exit.i" [sort_seperate_bucket/multi_radix_oct_kmerge.c:36]   --->   Operation 82 'br' 'br_ln36' <Predicate = (!icmp_ln33 & trunc_ln34 == 5)> <Delay = 0.00>
ST_2 : Operation 83 [1/1] (0.38ns)   --->   "%store_ln36 = store i32 0, i32 %bucket_sizes_564" [sort_seperate_bucket/multi_radix_oct_kmerge.c:36]   --->   Operation 83 'store' 'store_ln36' <Predicate = (!icmp_ln33 & trunc_ln34 == 4)> <Delay = 0.38>
ST_2 : Operation 84 [1/1] (0.38ns)   --->   "%store_ln36 = store i32 %bucket_pointer_497, i32 %bucket_pointer_491" [sort_seperate_bucket/multi_radix_oct_kmerge.c:36]   --->   Operation 84 'store' 'store_ln36' <Predicate = (!icmp_ln33 & trunc_ln34 == 4)> <Delay = 0.38>
ST_2 : Operation 85 [1/1] (0.00ns)   --->   "%br_ln36 = br void %arrayidx23.exit.i" [sort_seperate_bucket/multi_radix_oct_kmerge.c:36]   --->   Operation 85 'br' 'br_ln36' <Predicate = (!icmp_ln33 & trunc_ln34 == 4)> <Delay = 0.00>
ST_2 : Operation 86 [1/1] (0.38ns)   --->   "%store_ln36 = store i32 0, i32 %bucket_sizes_563" [sort_seperate_bucket/multi_radix_oct_kmerge.c:36]   --->   Operation 86 'store' 'store_ln36' <Predicate = (!icmp_ln33 & trunc_ln34 == 3)> <Delay = 0.38>
ST_2 : Operation 87 [1/1] (0.38ns)   --->   "%store_ln36 = store i32 %bucket_pointer_497, i32 %bucket_pointer_490" [sort_seperate_bucket/multi_radix_oct_kmerge.c:36]   --->   Operation 87 'store' 'store_ln36' <Predicate = (!icmp_ln33 & trunc_ln34 == 3)> <Delay = 0.38>
ST_2 : Operation 88 [1/1] (0.00ns)   --->   "%br_ln36 = br void %arrayidx23.exit.i" [sort_seperate_bucket/multi_radix_oct_kmerge.c:36]   --->   Operation 88 'br' 'br_ln36' <Predicate = (!icmp_ln33 & trunc_ln34 == 3)> <Delay = 0.00>
ST_2 : Operation 89 [1/1] (0.38ns)   --->   "%store_ln36 = store i32 0, i32 %bucket_sizes_562" [sort_seperate_bucket/multi_radix_oct_kmerge.c:36]   --->   Operation 89 'store' 'store_ln36' <Predicate = (!icmp_ln33 & trunc_ln34 == 2)> <Delay = 0.38>
ST_2 : Operation 90 [1/1] (0.38ns)   --->   "%store_ln36 = store i32 %bucket_pointer_497, i32 %bucket_pointer_489" [sort_seperate_bucket/multi_radix_oct_kmerge.c:36]   --->   Operation 90 'store' 'store_ln36' <Predicate = (!icmp_ln33 & trunc_ln34 == 2)> <Delay = 0.38>
ST_2 : Operation 91 [1/1] (0.00ns)   --->   "%br_ln36 = br void %arrayidx23.exit.i" [sort_seperate_bucket/multi_radix_oct_kmerge.c:36]   --->   Operation 91 'br' 'br_ln36' <Predicate = (!icmp_ln33 & trunc_ln34 == 2)> <Delay = 0.00>
ST_2 : Operation 92 [1/1] (0.38ns)   --->   "%store_ln36 = store i32 0, i32 %bucket_sizes_561" [sort_seperate_bucket/multi_radix_oct_kmerge.c:36]   --->   Operation 92 'store' 'store_ln36' <Predicate = (!icmp_ln33 & trunc_ln34 == 1)> <Delay = 0.38>
ST_2 : Operation 93 [1/1] (0.38ns)   --->   "%store_ln36 = store i32 %bucket_pointer_497, i32 %bucket_pointer_488" [sort_seperate_bucket/multi_radix_oct_kmerge.c:36]   --->   Operation 93 'store' 'store_ln36' <Predicate = (!icmp_ln33 & trunc_ln34 == 1)> <Delay = 0.38>
ST_2 : Operation 94 [1/1] (0.00ns)   --->   "%br_ln36 = br void %arrayidx23.exit.i" [sort_seperate_bucket/multi_radix_oct_kmerge.c:36]   --->   Operation 94 'br' 'br_ln36' <Predicate = (!icmp_ln33 & trunc_ln34 == 1)> <Delay = 0.00>
ST_2 : Operation 95 [1/1] (0.38ns)   --->   "%store_ln34 = store i32 0, i32 %bucket_sizes" [sort_seperate_bucket/multi_radix_oct_kmerge.c:34]   --->   Operation 95 'store' 'store_ln34' <Predicate = (!icmp_ln33 & trunc_ln34 == 0)> <Delay = 0.38>
ST_2 : Operation 96 [1/1] (0.38ns)   --->   "%store_ln34 = store i32 %bucket_pointer_497, i32 %bucket_pointer_487" [sort_seperate_bucket/multi_radix_oct_kmerge.c:34]   --->   Operation 96 'store' 'store_ln34' <Predicate = (!icmp_ln33 & trunc_ln34 == 0)> <Delay = 0.38>
ST_2 : Operation 97 [1/1] (0.00ns)   --->   "%br_ln34 = br void %arrayidx23.exit.i" [sort_seperate_bucket/multi_radix_oct_kmerge.c:34]   --->   Operation 97 'br' 'br_ln34' <Predicate = (!icmp_ln33 & trunc_ln34 == 0)> <Delay = 0.00>
ST_2 : Operation 98 [1/1] (0.38ns)   --->   "%store_ln36 = store i32 0, i32 %bucket_sizes_567" [sort_seperate_bucket/multi_radix_oct_kmerge.c:36]   --->   Operation 98 'store' 'store_ln36' <Predicate = (!icmp_ln33 & trunc_ln34 == 7)> <Delay = 0.38>
ST_2 : Operation 99 [1/1] (0.38ns)   --->   "%store_ln36 = store i32 %bucket_pointer_497, i32 %bucket_pointer_495" [sort_seperate_bucket/multi_radix_oct_kmerge.c:36]   --->   Operation 99 'store' 'store_ln36' <Predicate = (!icmp_ln33 & trunc_ln34 == 7)> <Delay = 0.38>
ST_2 : Operation 100 [1/1] (0.00ns)   --->   "%br_ln36 = br void %arrayidx23.exit.i" [sort_seperate_bucket/multi_radix_oct_kmerge.c:36]   --->   Operation 100 'br' 'br_ln36' <Predicate = (!icmp_ln33 & trunc_ln34 == 7)> <Delay = 0.00>
ST_2 : Operation 101 [1/1] (0.38ns)   --->   "%store_ln33 = store i32 %next_bucket_pointer, i32 %bucket_pointer_493" [sort_seperate_bucket/multi_radix_oct_kmerge.c:33]   --->   Operation 101 'store' 'store_ln33' <Predicate = (!icmp_ln33)> <Delay = 0.38>
ST_2 : Operation 102 [1/1] (0.38ns)   --->   "%store_ln33 = store i4 %add_ln33, i4 %m" [sort_seperate_bucket/multi_radix_oct_kmerge.c:33]   --->   Operation 102 'store' 'store_ln33' <Predicate = (!icmp_ln33)> <Delay = 0.38>
ST_2 : Operation 103 [1/1] (0.00ns)   --->   "%br_ln33 = br void %for.inc27.i" [sort_seperate_bucket/multi_radix_oct_kmerge.c:33]   --->   Operation 103 'br' 'br_ln33' <Predicate = (!icmp_ln33)> <Delay = 0.00>
ST_2 : Operation 104 [1/1] (0.00ns)   --->   "%bucket_pointer_487_load = load i32 %bucket_pointer_487"   --->   Operation 104 'load' 'bucket_pointer_487_load' <Predicate = (icmp_ln33)> <Delay = 0.00>
ST_2 : Operation 105 [1/1] (0.00ns)   --->   "%bucket_pointer_488_load = load i32 %bucket_pointer_488"   --->   Operation 105 'load' 'bucket_pointer_488_load' <Predicate = (icmp_ln33)> <Delay = 0.00>
ST_2 : Operation 106 [1/1] (0.00ns)   --->   "%bucket_pointer_489_load = load i32 %bucket_pointer_489"   --->   Operation 106 'load' 'bucket_pointer_489_load' <Predicate = (icmp_ln33)> <Delay = 0.00>
ST_2 : Operation 107 [1/1] (0.00ns)   --->   "%bucket_pointer_490_load = load i32 %bucket_pointer_490"   --->   Operation 107 'load' 'bucket_pointer_490_load' <Predicate = (icmp_ln33)> <Delay = 0.00>
ST_2 : Operation 108 [1/1] (0.00ns)   --->   "%bucket_pointer_491_load = load i32 %bucket_pointer_491"   --->   Operation 108 'load' 'bucket_pointer_491_load' <Predicate = (icmp_ln33)> <Delay = 0.00>
ST_2 : Operation 109 [1/1] (0.00ns)   --->   "%bucket_pointer_492_load = load i32 %bucket_pointer_492"   --->   Operation 109 'load' 'bucket_pointer_492_load' <Predicate = (icmp_ln33)> <Delay = 0.00>
ST_2 : Operation 110 [1/1] (0.00ns)   --->   "%bucket_pointer_494_load = load i32 %bucket_pointer_494"   --->   Operation 110 'load' 'bucket_pointer_494_load' <Predicate = (icmp_ln33)> <Delay = 0.00>
ST_2 : Operation 111 [1/1] (0.00ns)   --->   "%bucket_pointer_495_load = load i32 %bucket_pointer_495"   --->   Operation 111 'load' 'bucket_pointer_495_load' <Predicate = (icmp_ln33)> <Delay = 0.00>
ST_2 : Operation 112 [1/1] (0.00ns)   --->   "%bucket_sizes_load = load i32 %bucket_sizes"   --->   Operation 112 'load' 'bucket_sizes_load' <Predicate = (icmp_ln33)> <Delay = 0.00>
ST_2 : Operation 113 [1/1] (0.00ns)   --->   "%bucket_sizes_561_load = load i32 %bucket_sizes_561"   --->   Operation 113 'load' 'bucket_sizes_561_load' <Predicate = (icmp_ln33)> <Delay = 0.00>
ST_2 : Operation 114 [1/1] (0.00ns)   --->   "%bucket_sizes_562_load = load i32 %bucket_sizes_562"   --->   Operation 114 'load' 'bucket_sizes_562_load' <Predicate = (icmp_ln33)> <Delay = 0.00>
ST_2 : Operation 115 [1/1] (0.00ns)   --->   "%bucket_sizes_563_load = load i32 %bucket_sizes_563"   --->   Operation 115 'load' 'bucket_sizes_563_load' <Predicate = (icmp_ln33)> <Delay = 0.00>
ST_2 : Operation 116 [1/1] (0.00ns)   --->   "%bucket_sizes_564_load = load i32 %bucket_sizes_564"   --->   Operation 116 'load' 'bucket_sizes_564_load' <Predicate = (icmp_ln33)> <Delay = 0.00>
ST_2 : Operation 117 [1/1] (0.00ns)   --->   "%bucket_sizes_565_load = load i32 %bucket_sizes_565"   --->   Operation 117 'load' 'bucket_sizes_565_load' <Predicate = (icmp_ln33)> <Delay = 0.00>
ST_2 : Operation 118 [1/1] (0.00ns)   --->   "%bucket_sizes_566_load = load i32 %bucket_sizes_566"   --->   Operation 118 'load' 'bucket_sizes_566_load' <Predicate = (icmp_ln33)> <Delay = 0.00>
ST_2 : Operation 119 [1/1] (0.00ns)   --->   "%bucket_sizes_567_load = load i32 %bucket_sizes_567"   --->   Operation 119 'load' 'bucket_sizes_567_load' <Predicate = (icmp_ln33)> <Delay = 0.00>
ST_2 : Operation 120 [1/1] (0.00ns)   --->   "%write_ln0 = write void @_ssdm_op_Write.ap_auto.i32P0A, i32 %bucket_sizes_2019_out, i32 %bucket_sizes_567_load"   --->   Operation 120 'write' 'write_ln0' <Predicate = (icmp_ln33)> <Delay = 0.00>
ST_2 : Operation 121 [1/1] (0.00ns)   --->   "%write_ln0 = write void @_ssdm_op_Write.ap_auto.i32P0A, i32 %bucket_sizes_2018_out, i32 %bucket_sizes_566_load"   --->   Operation 121 'write' 'write_ln0' <Predicate = (icmp_ln33)> <Delay = 0.00>
ST_2 : Operation 122 [1/1] (0.00ns)   --->   "%write_ln0 = write void @_ssdm_op_Write.ap_auto.i32P0A, i32 %bucket_sizes_2017_out, i32 %bucket_sizes_565_load"   --->   Operation 122 'write' 'write_ln0' <Predicate = (icmp_ln33)> <Delay = 0.00>
ST_2 : Operation 123 [1/1] (0.00ns)   --->   "%write_ln0 = write void @_ssdm_op_Write.ap_auto.i32P0A, i32 %bucket_sizes_2016_out, i32 %bucket_sizes_564_load"   --->   Operation 123 'write' 'write_ln0' <Predicate = (icmp_ln33)> <Delay = 0.00>
ST_2 : Operation 124 [1/1] (0.00ns)   --->   "%write_ln0 = write void @_ssdm_op_Write.ap_auto.i32P0A, i32 %bucket_sizes_2015_out, i32 %bucket_sizes_563_load"   --->   Operation 124 'write' 'write_ln0' <Predicate = (icmp_ln33)> <Delay = 0.00>
ST_2 : Operation 125 [1/1] (0.00ns)   --->   "%write_ln0 = write void @_ssdm_op_Write.ap_auto.i32P0A, i32 %bucket_sizes_2014_out, i32 %bucket_sizes_562_load"   --->   Operation 125 'write' 'write_ln0' <Predicate = (icmp_ln33)> <Delay = 0.00>
ST_2 : Operation 126 [1/1] (0.00ns)   --->   "%write_ln0 = write void @_ssdm_op_Write.ap_auto.i32P0A, i32 %bucket_sizes_2013_out, i32 %bucket_sizes_561_load"   --->   Operation 126 'write' 'write_ln0' <Predicate = (icmp_ln33)> <Delay = 0.00>
ST_2 : Operation 127 [1/1] (0.00ns)   --->   "%write_ln0 = write void @_ssdm_op_Write.ap_auto.i32P0A, i32 %bucket_sizes_2012_out, i32 %bucket_sizes_load"   --->   Operation 127 'write' 'write_ln0' <Predicate = (icmp_ln33)> <Delay = 0.00>
ST_2 : Operation 128 [1/1] (0.00ns)   --->   "%write_ln0 = write void @_ssdm_op_Write.ap_auto.i32P0A, i32 %bucket_pointer_906_out, i32 %bucket_pointer_495_load"   --->   Operation 128 'write' 'write_ln0' <Predicate = (icmp_ln33)> <Delay = 0.00>
ST_2 : Operation 129 [1/1] (0.00ns)   --->   "%write_ln0 = write void @_ssdm_op_Write.ap_auto.i32P0A, i32 %bucket_pointer_905_out, i32 %bucket_pointer_494_load"   --->   Operation 129 'write' 'write_ln0' <Predicate = (icmp_ln33)> <Delay = 0.00>
ST_2 : Operation 130 [1/1] (0.00ns)   --->   "%write_ln0 = write void @_ssdm_op_Write.ap_auto.i32P0A, i32 %bucket_pointer_904_out, i32 %bucket_pointer_492_load"   --->   Operation 130 'write' 'write_ln0' <Predicate = (icmp_ln33)> <Delay = 0.00>
ST_2 : Operation 131 [1/1] (0.00ns)   --->   "%write_ln0 = write void @_ssdm_op_Write.ap_auto.i32P0A, i32 %bucket_pointer_903_out, i32 %bucket_pointer_491_load"   --->   Operation 131 'write' 'write_ln0' <Predicate = (icmp_ln33)> <Delay = 0.00>
ST_2 : Operation 132 [1/1] (0.00ns)   --->   "%write_ln0 = write void @_ssdm_op_Write.ap_auto.i32P0A, i32 %bucket_pointer_902_out, i32 %bucket_pointer_490_load"   --->   Operation 132 'write' 'write_ln0' <Predicate = (icmp_ln33)> <Delay = 0.00>
ST_2 : Operation 133 [1/1] (0.00ns)   --->   "%write_ln0 = write void @_ssdm_op_Write.ap_auto.i32P0A, i32 %bucket_pointer_901_out, i32 %bucket_pointer_489_load"   --->   Operation 133 'write' 'write_ln0' <Predicate = (icmp_ln33)> <Delay = 0.00>
ST_2 : Operation 134 [1/1] (0.00ns)   --->   "%write_ln0 = write void @_ssdm_op_Write.ap_auto.i32P0A, i32 %bucket_pointer_900_out, i32 %bucket_pointer_488_load"   --->   Operation 134 'write' 'write_ln0' <Predicate = (icmp_ln33)> <Delay = 0.00>
ST_2 : Operation 135 [1/1] (0.00ns)   --->   "%write_ln0 = write void @_ssdm_op_Write.ap_auto.i32P0A, i32 %bucket_pointer_899_out, i32 %bucket_pointer_487_load"   --->   Operation 135 'write' 'write_ln0' <Predicate = (icmp_ln33)> <Delay = 0.00>
ST_2 : Operation 136 [1/1] (0.00ns)   --->   "%ret_ln0 = ret"   --->   Operation 136 'ret' 'ret_ln0' <Predicate = (icmp_ln33)> <Delay = 0.00>


============================================================
+ Verbose Summary: Timing violations
============================================================
Target clock period: 10ns, clock uncertainty: 2.7ns.

 <State 1>: 0.387ns
The critical path consists of the following:
	'alloca' operation ('bucket_sizes') [50]  (0 ns)
	'store' operation ('store_ln0') of variable 'bucket_sizes_2011_read' on local variable 'bucket_sizes' [67]  (0.387 ns)

 <State 2>: 1.85ns
The critical path consists of the following:
	'load' operation ('m', sort_seperate_bucket/multi_radix_oct_kmerge.c:34) on local variable 'm' [87]  (0 ns)
	'mux' operation ('tmp_i', sort_seperate_bucket/multi_radix_oct_kmerge.c:35) [105]  (0.584 ns)
	'add' operation ('next_bucket_pointer', sort_seperate_bucket/multi_radix_oct_kmerge.c:35) [106]  (0.88 ns)
	'store' operation ('store_ln33', sort_seperate_bucket/multi_radix_oct_kmerge.c:33) of variable 'next_bucket_pointer', sort_seperate_bucket/multi_radix_oct_kmerge.c:35 on local variable 'bucket_pointer' [141]  (0.387 ns)


============================================================
+ Verbose Summary: Binding
============================================================
N/A
* FSMD analyzer results:
  - Output states:
 - Input state : 
  - Chain level:
	State 1
	State 2


============================================================
+ Verbose Summary: Datapath Resource usage 
============================================================
N/A
